Archive member included to satisfy reference by file (symbol)

/usr/lib/gcc/arm-none-eabi/16.1.0/../../../../arm-none-eabi/lib/thumb/v7e-m+fp/hard/libstdc++_nano.a(del_ops.o)
                              build/pwm_audio_sink.o (operator delete(void*, unsigned int))
/usr/lib/gcc/arm-none-eabi/16.1.0/../../../../arm-none-eabi/lib/thumb/v7e-m+fp/hard/libstdc++_nano.a(del_op.o)
                              /usr/lib/gcc/arm-none-eabi/16.1.0/../../../../arm-none-eabi/lib/thumb/v7e-m+fp/hard/libstdc++_nano.a(del_ops.o) (operator delete(void*))
/usr/lib/gcc/arm-none-eabi/16.1.0/../../../../arm-none-eabi/lib/thumb/v7e-m+fp/hard/libc_nano.a(libc_a-atexit.o)
                              /usr/lib/gcc/arm-none-eabi/16.1.0/../../../../arm-none-eabi/lib/thumb/v7e-m+fp/hard/crt0.o (atexit)
/usr/lib/gcc/arm-none-eabi/16.1.0/../../../../arm-none-eabi/lib/thumb/v7e-m+fp/hard/libc_nano.a(libc_a-exit.o)
                              /usr/lib/gcc/arm-none-eabi/16.1.0/../../../../arm-none-eabi/lib/thumb/v7e-m+fp/hard/crt0.o (exit)
/usr/lib/gcc/arm-none-eabi/16.1.0/../../../../arm-none-eabi/lib/thumb/v7e-m+fp/hard/libc_nano.a(libc_a-malloc.o)
                              /usr/lib/gcc/arm-none-eabi/16.1.0/../../../../arm-none-eabi/lib/thumb/v7e-m+fp/hard/libstdc++_nano.a(del_op.o) (free)
/usr/lib/gcc/arm-none-eabi/16.1.0/../../../../arm-none-eabi/lib/thumb/v7e-m+fp/hard/libc_nano.a(libc_a-mallocr.o)
                              /usr/lib/gcc/arm-none-eabi/16.1.0/../../../../arm-none-eabi/lib/thumb/v7e-m+fp/hard/libc_nano.a(libc_a-malloc.o) (_malloc_r)
/usr/lib/gcc/arm-none-eabi/16.1.0/../../../../arm-none-eabi/lib/thumb/v7e-m+fp/hard/libc_nano.a(libc_a-mlock.o)
                              /usr/lib/gcc/arm-none-eabi/16.1.0/../../../../arm-none-eabi/lib/thumb/v7e-m+fp/hard/libc_nano.a(libc_a-mallocr.o) (__malloc_lock)
/usr/lib/gcc/arm-none-eabi/16.1.0/../../../../arm-none-eabi/lib/thumb/v7e-m+fp/hard/libc_nano.a(libc_a-findfp.o)
                              /usr/lib/gcc/arm-none-eabi/16.1.0/../../../../arm-none-eabi/lib/thumb/v7e-m+fp/hard/libc_nano.a(libc_a-exit.o) (__stdio_exit_handler)
/usr/lib/gcc/arm-none-eabi/16.1.0/../../../../arm-none-eabi/lib/thumb/v7e-m+fp/hard/libc_nano.a(libc_a-fwalk.o)
                              /usr/lib/gcc/arm-none-eabi/16.1.0/../../../../arm-none-eabi/lib/thumb/v7e-m+fp/hard/libc_nano.a(libc_a-findfp.o) (_fwalk_sglue)
/usr/lib/gcc/arm-none-eabi/16.1.0/../../../../arm-none-eabi/lib/thumb/v7e-m+fp/hard/libc_nano.a(libc_a-stdio.o)
                              /usr/lib/gcc/arm-none-eabi/16.1.0/../../../../arm-none-eabi/lib/thumb/v7e-m+fp/hard/libc_nano.a(libc_a-findfp.o) (__sread)
/usr/lib/gcc/arm-none-eabi/16.1.0/../../../../arm-none-eabi/lib/thumb/v7e-m+fp/hard/libc_nano.a(libc_a-memset.o)
                              /usr/lib/gcc/arm-none-eabi/16.1.0/../../../../arm-none-eabi/lib/thumb/v7e-m+fp/hard/crt0.o (memset)
/usr/lib/gcc/arm-none-eabi/16.1.0/../../../../arm-none-eabi/lib/thumb/v7e-m+fp/hard/libc_nano.a(libc_a-closer.o)
                              /usr/lib/gcc/arm-none-eabi/16.1.0/../../../../arm-none-eabi/lib/thumb/v7e-m+fp/hard/libc_nano.a(libc_a-stdio.o) (_close_r)
/usr/lib/gcc/arm-none-eabi/16.1.0/../../../../arm-none-eabi/lib/thumb/v7e-m+fp/hard/libc_nano.a(libc_a-reent.o)
                              /usr/lib/gcc/arm-none-eabi/16.1.0/../../../../arm-none-eabi/lib/thumb/v7e-m+fp/hard/libc_nano.a(libc_a-closer.o) (errno)
/usr/lib/gcc/arm-none-eabi/16.1.0/../../../../arm-none-eabi/lib/thumb/v7e-m+fp/hard/libc_nano.a(libc_a-impure.o)
                              /usr/lib/gcc/arm-none-eabi/16.1.0/../../../../arm-none-eabi/lib/thumb/v7e-m+fp/hard/libc_nano.a(libc_a-malloc.o) (_impure_ptr)
/usr/lib/gcc/arm-none-eabi/16.1.0/../../../../arm-none-eabi/lib/thumb/v7e-m+fp/hard/libc_nano.a(libc_a-lseekr.o)
                              /usr/lib/gcc/arm-none-eabi/16.1.0/../../../../arm-none-eabi/lib/thumb/v7e-m+fp/hard/libc_nano.a(libc_a-stdio.o) (_lseek_r)
/usr/lib/gcc/arm-none-eabi/16.1.0/../../../../arm-none-eabi/lib/thumb/v7e-m+fp/hard/libc_nano.a(libc_a-readr.o)
                              /usr/lib/gcc/arm-none-eabi/16.1.0/../../../../arm-none-eabi/lib/thumb/v7e-m+fp/hard/libc_nano.a(libc_a-stdio.o) (_read_r)
/usr/lib/gcc/arm-none-eabi/16.1.0/../../../../arm-none-eabi/lib/thumb/v7e-m+fp/hard/libc_nano.a(libc_a-sbrkr.o)
                              /usr/lib/gcc/arm-none-eabi/16.1.0/../../../../arm-none-eabi/lib/thumb/v7e-m+fp/hard/libc_nano.a(libc_a-mallocr.o) (_sbrk_r)
/usr/lib/gcc/arm-none-eabi/16.1.0/../../../../arm-none-eabi/lib/thumb/v7e-m+fp/hard/libc_nano.a(libc_a-writer.o)
                              /usr/lib/gcc/arm-none-eabi/16.1.0/../../../../arm-none-eabi/lib/thumb/v7e-m+fp/hard/libc_nano.a(libc_a-stdio.o) (_write_r)
/usr/lib/gcc/arm-none-eabi/16.1.0/../../../../arm-none-eabi/lib/thumb/v7e-m+fp/hard/libc_nano.a(libc_a-init.o)
                              /usr/lib/gcc/arm-none-eabi/16.1.0/../../../../arm-none-eabi/lib/thumb/v7e-m+fp/hard/crt0.o (__libc_init_array)
[...]
Memory Configuration

Name             Origin             Length             Attributes
RAM              0x20000000         0x00010000         xrw
FLASH            0x08000000         0x00040000         xr
*default*        0x00000000         0xffffffff

Linker script and memory map

LOAD /usr/lib/gcc/arm-none-eabi/16.1.0/thumb/v7e-m+fp/hard/crti.o
LOAD /usr/lib/gcc/arm-none-eabi/16.1.0/thumb/v7e-m+fp/hard/crtbegin.o
LOAD /usr/lib/gcc/arm-none-eabi/16.1.0/../../../../arm-none-eabi/lib/thumb/v7e-m+fp/hard/crt0.o
LOAD build/main.o
LOAD build/stm32f4xx_it.o
LOAD build/stm32f4xx_hal_msp.o
LOAD build/stm32f4xx_hal_i2s.o
LOAD build/stm32f4xx_hal_i2s_ex.o
LOAD build/stm32f4xx_hal_rcc.o
LOAD build/stm32f4xx_hal_rcc_ex.o
LOAD build/stm32f4xx_hal_flash.o
LOAD build/stm32f4xx_hal_flash_ex.o
LOAD build/stm32f4xx_hal_flash_ramfunc.o
LOAD build/stm32f4xx_hal_gpio.o
LOAD build/stm32f4xx_hal_dma_ex.o
LOAD build/stm32f4xx_hal_dma.o
LOAD build/stm32f4xx_hal_pwr.o
LOAD build/stm32f4xx_hal_pwr_ex.o
LOAD build/stm32f4xx_hal_cortex.o
LOAD build/stm32f4xx_hal.o
LOAD build/stm32f4xx_hal_exti.o
LOAD build/stm32f4xx_hal_tim.o
LOAD build/stm32f4xx_hal_tim_ex.o
LOAD build/system_stm32f4xx.o
LOAD build/gpio.o
LOAD build/i2s.o
LOAD build/spi.o
LOAD build/stm32f4xx_hal_spi.o
LOAD build/tim.o
LOAD build/startup_stm32f401xc.o
LOAD build/pwm_audio_sink.o
LOAD build/app.o
LOAD build/hal_callbacks.o
LOAD build/audio_objects.o
LOAD build/sd_card.o
LOAD build/audio_player.o
LOAD build/sample_spooler.o
LOAD /usr/lib/gcc/arm-none-eabi/16.1.0/../../../../arm-none-eabi/lib/thumb/v7e-m+fp/hard/libnosys.a
LOAD /usr/lib/gcc/arm-none-eabi/16.1.0/../../../../arm-none-eabi/lib/thumb/v7e-m+fp/hard/libstdc++_nano.a
LOAD /usr/lib/gcc/arm-none-eabi/16.1.0/../../../../arm-none-eabi/lib/thumb/v7e-m+fp/hard/libm.a
LOAD /usr/lib/gcc/arm-none-eabi/16.1.0/../../../../arm-none-eabi/lib/thumb/v7e-m+fp/hard/libc_nano.a
START GROUP
LOAD /usr/lib/gcc/arm-none-eabi/16.1.0/thumb/v7e-m+fp/hard/libgcc.a
LOAD /usr/lib/gcc/arm-none-eabi/16.1.0/../../../../arm-none-eabi/lib/thumb/v7e-m+fp/hard/libc_nano.a
END GROUP
START GROUP
LOAD /usr/lib/gcc/arm-none-eabi/16.1.0/thumb/v7e-m+fp/hard/libgcc.a
LOAD /usr/lib/gcc/arm-none-eabi/16.1.0/../../../../arm-none-eabi/lib/thumb/v7e-m+fp/hard/libc_nano.a
END GROUP
LOAD /usr/lib/gcc/arm-none-eabi/16.1.0/thumb/v7e-m+fp/hard/crtend.o
LOAD /usr/lib/gcc/arm-none-eabi/16.1.0/thumb/v7e-m+fp/hard/crtn.o
                0x20010000                        _estack = (ORIGIN (RAM) + LENGTH (RAM))
                0x00000200                        _Min_Heap_Size = 0x200
                0x00000400                        _Min_Stack_Size = 0x400

.isr_vector     0x08000000      0x194
                0x08000000                        . = ALIGN (0x4)
 *(.isr_vector)
 .isr_vector    0x08000000      0x194 build/startup_stm32f401xc.o
                0x08000000                g_pfnVectors
                0x08000194                        . = ALIGN (0x4)

.text           0x08000194     0x31a8
                0x08000194                        . = ALIGN (0x4)
 *(.text)
 .text          0x08000194       0x30 /usr/lib/gcc/arm-none-eabi/16.1.0/thumb/v7e-m+fp/hard/libgcc.a(_aeabi_uldivmod.o)
                0x08000194                __aeabi_uldivmod
 .text          0x080001c4        0x4 /usr/lib/gcc/arm-none-eabi/16.1.0/thumb/v7e-m+fp/hard/libgcc.a(_dvmd_tls.o)
                0x080001c4                __aeabi_ldiv0
                0x080001c4                __aeabi_idiv0
 *(.text*)
 .text.__do_global_dtors_aux
                0x080001c8       0x24 /usr/lib/gcc/arm-none-eabi/16.1.0/thumb/v7e-m+fp/hard/crtbegin.o
 .text.frame_dummy
                0x080001ec       0x1c /usr/lib/gcc/arm-none-eabi/16.1.0/thumb/v7e-m+fp/hard/crtbegin.o
 .text.Error_Handler
                0x08000208        0x4 build/main.o
                0x08000208                Error_Handler
 .text.SystemClock_Config
                0x0800020c       0xa8 build/main.o
                0x0800020c                SystemClock_Config
 .text.main     0x080002b4       0x24 build/main.o
                0x080002b4                main
 .text.NMI_Handler
                0x080002d8        0x2 build/stm32f4xx_it.o
                0x080002d8                NMI_Handler
 .text.HardFault_Handler
                0x080002da        0x2 build/stm32f4xx_it.o
                0x080002da                HardFault_Handler
 .text.MemManage_Handler
                0x080002dc        0x2 build/stm32f4xx_it.o
                0x080002dc                MemManage_Handler
 .text.BusFault_Handler
                0x080002de        0x2 build/stm32f4xx_it.o
                0x080002de                BusFault_Handler
 .text.UsageFault_Handler
                0x080002e0        0x2 build/stm32f4xx_it.o
                0x080002e0                UsageFault_Handler
 .text.SVC_Handler
                0x080002e2        0x2 build/stm32f4xx_it.o
                0x080002e2                SVC_Handler
 .text.DebugMon_Handler
                0x080002e4        0x2 build/stm32f4xx_it.o
                0x080002e4                DebugMon_Handler
 .text.PendSV_Handler
                0x080002e6        0x2 build/stm32f4xx_it.o
                0x080002e6                PendSV_Handler
 .text.SysTick_Handler
                0x080002e8        0x8 build/stm32f4xx_it.o
                0x080002e8                SysTick_Handler
 .text.TIM3_IRQHandler
                0x080002f0       0x10 build/stm32f4xx_it.o
                0x080002f0                TIM3_IRQHandler
 .text.HAL_MspInit
                0x08000300       0x38 build/stm32f4xx_hal_msp.o
                0x08000300                HAL_MspInit
 .text.HAL_I2S_Init
                0x08000338      0x1a4 build/stm32f4xx_hal_i2s.o
                0x08000338                HAL_I2S_Init
 .text.HAL_I2S_TxCpltCallback
                0x080004dc        0x2 build/stm32f4xx_hal_i2s.o
                0x080004dc                HAL_I2S_TxCpltCallback
 .text.I2S_Transmit_IT
                0x080004de       0x32 build/stm32f4xx_hal_i2s.o
 .text.HAL_I2S_RxCpltCallback
                0x08000510        0x2 build/stm32f4xx_hal_i2s.o
                0x08000510                HAL_I2S_RxCpltCallback
 .text.I2S_Receive_IT
                0x08000512       0x32 build/stm32f4xx_hal_i2s.o
 .text.HAL_I2S_ErrorCallback
                0x08000544        0x2 build/stm32f4xx_hal_i2s.o
                0x08000544                HAL_I2S_ErrorCallback
 .text.I2S_IRQHandler
                0x08000546       0xcc build/stm32f4xx_hal_i2s.o
 .text.HAL_I2SEx_TxRxCpltCallback
                0x08000612        0x2 build/stm32f4xx_hal_i2s_ex.o
                0x08000612                HAL_I2SEx_TxRxCpltCallback
 .text.I2SEx_TxISR_I2S
                0x08000614       0x34 build/stm32f4xx_hal_i2s_ex.o
 .text.I2SEx_RxISR_I2SExt
                0x08000648       0x5c build/stm32f4xx_hal_i2s_ex.o
 .text.I2SEx_TxISR_I2SExt
                0x080006a4       0x5c build/stm32f4xx_hal_i2s_ex.o
 .text.I2SEx_RxISR_I2S
                0x08000700       0x34 build/stm32f4xx_hal_i2s_ex.o
 .text.HAL_I2SEx_FullDuplex_IRQHandler
                0x08000734      0x1d8 build/stm32f4xx_hal_i2s_ex.o
                0x08000734                HAL_I2SEx_FullDuplex_IRQHandler
 .text.HAL_RCC_OscConfig
                0x0800090c      0x3cc build/stm32f4xx_hal_rcc.o
                0x0800090c                HAL_RCC_OscConfig
 .text.HAL_RCC_GetSysClockFreq
                0x08000cd8       0xa8 build/stm32f4xx_hal_rcc.o
                0x08000cd8                HAL_RCC_GetSysClockFreq
 .text.HAL_RCC_ClockConfig
                0x08000d80      0x14c build/stm32f4xx_hal_rcc.o
                0x08000d80                HAL_RCC_ClockConfig
 .text.HAL_RCC_GetHCLKFreq
                0x08000ecc        0xc build/stm32f4xx_hal_rcc.o
                0x08000ecc                HAL_RCC_GetHCLKFreq
 .text.HAL_RCC_GetPCLK1Freq
                0x08000ed8       0x20 build/stm32f4xx_hal_rcc.o
                0x08000ed8                HAL_RCC_GetPCLK1Freq
 .text.HAL_RCC_GetClockConfig
                0x08000ef8       0x3c build/stm32f4xx_hal_rcc.o
                0x08000ef8                HAL_RCC_GetClockConfig
 .text.HAL_RCCEx_PeriphCLKConfig
                0x08000f34      0x168 build/stm32f4xx_hal_rcc_ex.o
                0x08000f34                HAL_RCCEx_PeriphCLKConfig
 .text.HAL_RCCEx_GetPeriphCLKFreq
                0x0800109c       0x64 build/stm32f4xx_hal_rcc_ex.o
                0x0800109c                HAL_RCCEx_GetPeriphCLKFreq
 .text.HAL_GPIO_Init
                0x08001100      0x1e0 build/stm32f4xx_hal_gpio.o
                0x08001100                HAL_GPIO_Init
 .text.HAL_GPIO_WritePin
                0x080012e0        0xc build/stm32f4xx_hal_gpio.o
                0x080012e0                HAL_GPIO_WritePin
 .text.__NVIC_SetPriority
                0x080012ec       0x24 build/stm32f4xx_hal_cortex.o
 .text.NVIC_EncodePriority
                0x08001310       0x46 build/stm32f4xx_hal_cortex.o
 *fill*         0x08001356        0x2 
 .text.HAL_NVIC_SetPriorityGrouping
                0x08001358       0x24 build/stm32f4xx_hal_cortex.o
                0x08001358                HAL_NVIC_SetPriorityGrouping
 .text.HAL_NVIC_SetPriority
                0x0800137c       0x20 build/stm32f4xx_hal_cortex.o
                0x0800137c                HAL_NVIC_SetPriority
 .text.HAL_NVIC_EnableIRQ
                0x0800139c       0x1c build/stm32f4xx_hal_cortex.o
                0x0800139c                HAL_NVIC_EnableIRQ
 .text.HAL_SYSTICK_Config
                0x080013b8       0x28 build/stm32f4xx_hal_cortex.o
                0x080013b8                HAL_SYSTICK_Config
 .text.HAL_InitTick
                0x080013e0       0x48 build/stm32f4xx_hal.o
                0x080013e0                HAL_InitTick
 .text.HAL_Init
                0x08001428       0x34 build/stm32f4xx_hal.o
                0x08001428                HAL_Init
 .text.HAL_IncTick
                0x0800145c       0x18 build/stm32f4xx_hal.o
                0x0800145c                HAL_IncTick
 .text.HAL_GetTick
                0x08001474        0xc build/stm32f4xx_hal.o
                0x08001474                HAL_GetTick
 .text.HAL_Delay
                0x08001480       0x28 build/stm32f4xx_hal.o
                0x08001480                HAL_Delay
 .text.TIM_OC1_SetConfig
                0x080014a8       0x64 build/stm32f4xx_hal_tim.o
 .text.TIM_OC3_SetConfig
                0x0800150c       0x68 build/stm32f4xx_hal_tim.o
 .text.TIM_OC4_SetConfig
                0x08001574       0x4c build/stm32f4xx_hal_tim.o
 .text.TIM_TI1_ConfigInputStage
                0x080015c0       0x26 build/stm32f4xx_hal_tim.o
 .text.TIM_TI2_ConfigInputStage
                0x080015e6       0x24 build/stm32f4xx_hal_tim.o
 .text.TIM_ITRx_SetConfig
                0x0800160a       0x10 build/stm32f4xx_hal_tim.o
 *fill*         0x0800161a        0x2 
 .text.HAL_TIM_Base_Start_IT
                0x0800161c       0x70 build/stm32f4xx_hal_tim.o
                0x0800161c                HAL_TIM_Base_Start_IT
 .text.HAL_TIM_Base_Stop_IT
                0x0800168c       0x32 build/stm32f4xx_hal_tim.o
                0x0800168c                HAL_TIM_Base_Stop_IT
 .text.HAL_TIM_PWM_MspInit
                0x080016be        0x2 build/stm32f4xx_hal_tim.o
                0x080016be                HAL_TIM_PWM_MspInit
 .text.HAL_TIM_OC_DelayElapsedCallback
                0x080016c0        0x2 build/stm32f4xx_hal_tim.o
                0x080016c0                HAL_TIM_OC_DelayElapsedCallback
 .text.HAL_TIM_IC_CaptureCallback
                0x080016c2        0x2 build/stm32f4xx_hal_tim.o
                0x080016c2                HAL_TIM_IC_CaptureCallback
 .text.HAL_TIM_PWM_PulseFinishedCallback
                0x080016c4        0x2 build/stm32f4xx_hal_tim.o
                0x080016c4                HAL_TIM_PWM_PulseFinishedCallback
 .text.HAL_TIM_TriggerCallback
                0x080016c6        0x2 build/stm32f4xx_hal_tim.o
                0x080016c6                HAL_TIM_TriggerCallback
 .text.HAL_TIM_IRQHandler
                0x080016c8      0x17a build/stm32f4xx_hal_tim.o
                0x080016c8                HAL_TIM_IRQHandler
 *fill*         0x08001842        0x2 
 .text.TIM_Base_SetConfig
                0x08001844       0x9c build/stm32f4xx_hal_tim.o
                0x08001844                TIM_Base_SetConfig
 .text.HAL_TIM_Base_Init
                0x080018e0       0x58 build/stm32f4xx_hal_tim.o
                0x080018e0                HAL_TIM_Base_Init
 .text.HAL_TIM_PWM_Init
                0x08001938       0x58 build/stm32f4xx_hal_tim.o
                0x08001938                HAL_TIM_PWM_Init
 .text.TIM_OC2_SetConfig
                0x08001990       0x6c build/stm32f4xx_hal_tim.o
                0x08001990                TIM_OC2_SetConfig
 .text.HAL_TIM_PWM_ConfigChannel
                0x080019fc       0xdc build/stm32f4xx_hal_tim.o
                0x080019fc                HAL_TIM_PWM_ConfigChannel
 .text.TIM_ETR_SetConfig
                0x08001ad8       0x16 build/stm32f4xx_hal_tim.o
                0x08001ad8                TIM_ETR_SetConfig
 .text.HAL_TIM_ConfigClockSource
                0x08001aee       0xe4 build/stm32f4xx_hal_tim.o
                0x08001aee                HAL_TIM_ConfigClockSource
 .text.TIM_CCxChannelCmd
                0x08001bd2       0x1e build/stm32f4xx_hal_tim.o
                0x08001bd2                TIM_CCxChannelCmd
 .text.HAL_TIM_PWM_Start
                0x08001bf0       0xe0 build/stm32f4xx_hal_tim.o
                0x08001bf0                HAL_TIM_PWM_Start
 .text.HAL_TIM_PWM_Stop
                0x08001cd0       0x84 build/stm32f4xx_hal_tim.o
                0x08001cd0                HAL_TIM_PWM_Stop
 .text.HAL_TIMEx_MasterConfigSynchronization
                0x08001d54       0x7c build/stm32f4xx_hal_tim_ex.o
                0x08001d54                HAL_TIMEx_MasterConfigSynchronization
 .text.HAL_TIMEx_CommutCallback
                0x08001dd0        0x2 build/stm32f4xx_hal_tim_ex.o
                0x08001dd0                HAL_TIMEx_CommutCallback
 .text.HAL_TIMEx_BreakCallback
                0x08001dd2        0x2 build/stm32f4xx_hal_tim_ex.o
                0x08001dd2                HAL_TIMEx_BreakCallback
 .text.SystemInit
                0x08001dd4       0x14 build/system_stm32f4xx.o
                0x08001dd4                SystemInit
 .text.MX_GPIO_Init
                0x08001de8       0xbc build/gpio.o
                0x08001de8                MX_GPIO_Init
 .text.MX_I2S2_Init
                0x08001ea4       0x38 build/i2s.o
                0x08001ea4                MX_I2S2_Init
 .text.HAL_I2S_MspInit
                0x08001edc       0x94 build/i2s.o
                0x08001edc                HAL_I2S_MspInit
 .text.MX_SPI1_Init
                0x08001f70       0x40 build/spi.o
                0x08001f70                MX_SPI1_Init
 .text.HAL_SPI_MspInit
                0x08001fb0       0x6c build/spi.o
                0x08001fb0                HAL_SPI_MspInit
 .text.SPI_WaitFlagStateUntilTimeout
                0x0800201c       0xc8 build/stm32f4xx_hal_spi.o
 .text.SPI_EndRxTxTransaction
                0x080020e4       0x64 build/stm32f4xx_hal_spi.o
 .text.HAL_SPI_Init
                0x08002148       0xbe build/stm32f4xx_hal_spi.o
                0x08002148                HAL_SPI_Init
 .text.HAL_SPI_TransmitReceive
                0x08002206      0x1fe build/stm32f4xx_hal_spi.o
                0x08002206                HAL_SPI_TransmitReceive
 .text.MX_TIM3_Init
                0x08002404       0x6c build/tim.o
                0x08002404                MX_TIM3_Init
 .text.HAL_TIM_Base_MspInit
                0x08002470       0x64 build/tim.o
                0x08002470                HAL_TIM_Base_MspInit
 .text.HAL_TIM_MspPostInit
                0x080024d4       0x54 build/tim.o
                0x080024d4                HAL_TIM_MspPostInit
 .text.MX_TIM4_Init
                0x08002528       0xa8 build/tim.o
                0x08002528                MX_TIM4_Init
 .text.Reset_Handler
                0x080025d0       0x50 build/startup_stm32f401xc.o
                0x080025d0                Reset_Handler
 .text.Default_Handler
                0x08002620        0x2 build/startup_stm32f401xc.o
                0x08002620                RTC_Alarm_IRQHandler
                0x08002620                EXTI2_IRQHandler
                0x08002620                SPI4_IRQHandler
                0x08002620                TIM1_CC_IRQHandler
                0x08002620                DMA2_Stream5_IRQHandler
                0x08002620                DMA1_Stream5_IRQHandler
                0x08002620                PVD_IRQHandler
                0x08002620                SDIO_IRQHandler
                0x08002620                TAMP_STAMP_IRQHandler
                0x08002620                EXTI3_IRQHandler
                0x08002620                TIM1_UP_TIM10_IRQHandler
                0x08002620                I2C3_ER_IRQHandler
                0x08002620                EXTI0_IRQHandler
                0x08002620                I2C2_EV_IRQHandler
                0x08002620                DMA1_Stream2_IRQHandler
                0x08002620                FPU_IRQHandler
                0x08002620                DMA2_Stream2_IRQHandler
                0x08002620                SPI1_IRQHandler
                0x08002620                TIM1_BRK_TIM9_IRQHandler
                0x08002620                DMA2_Stream3_IRQHandler
                0x08002620                USART6_IRQHandler
                0x08002620                DMA2_Stream0_IRQHandler
                0x08002620                TIM4_IRQHandler
                0x08002620                I2C1_EV_IRQHandler
                0x08002620                DMA1_Stream6_IRQHandler
                0x08002620                DMA1_Stream1_IRQHandler
                0x08002620                RCC_IRQHandler
                0x08002620                Default_Handler
                0x08002620                EXTI15_10_IRQHandler
                0x08002620                ADC_IRQHandler
                0x08002620                DMA1_Stream7_IRQHandler
                0x08002620                TIM5_IRQHandler
                0x08002620                DMA2_Stream7_IRQHandler
                0x08002620                I2C3_EV_IRQHandler
                0x08002620                EXTI9_5_IRQHandler
                0x08002620                RTC_WKUP_IRQHandler
                0x08002620                SPI2_IRQHandler
                0x08002620                DMA1_Stream0_IRQHandler
                0x08002620                EXTI4_IRQHandler
                0x08002620                WWDG_IRQHandler
                0x08002620                TIM2_IRQHandler
                0x08002620                OTG_FS_WKUP_IRQHandler
                0x08002620                TIM1_TRG_COM_TIM11_IRQHandler
                0x08002620                EXTI1_IRQHandler
                0x08002620                USART2_IRQHandler
                0x08002620                I2C2_ER_IRQHandler
                0x08002620                DMA2_Stream1_IRQHandler
                0x08002620                FLASH_IRQHandler
                0x08002620                DMA2_Stream4_IRQHandler
                0x08002620                USART1_IRQHandler
                0x08002620                OTG_FS_IRQHandler
                0x08002620                SPI3_IRQHandler
                0x08002620                DMA1_Stream4_IRQHandler
                0x08002620                I2C1_ER_IRQHandler
                0x08002620                DMA2_Stream6_IRQHandler
                0x08002620                DMA1_Stream3_IRQHandler
 .text._ZNK12PwmAudioSink14isSampleNeededEv
                0x08002622        0x4 build/pwm_audio_sink.o
                0x08002622                PwmAudioSink::isSampleNeeded() const
 .text._ZN12PwmAudioSink7silenceEv
                0x08002626       0x16 build/pwm_audio_sink.o
                0x08002626                PwmAudioSink::silence()
 .text._ZN12PwmAudioSinkD2Ev
                0x0800263c       0x14 build/pwm_audio_sink.o
                0x0800263c                PwmAudioSink::~PwmAudioSink()
                0x0800263c                PwmAudioSink::~PwmAudioSink()
 .text._ZN12PwmAudioSink4stopEv
                0x08002650       0x28 build/pwm_audio_sink.o
                0x08002650                PwmAudioSink::stop()
 .text._ZN12PwmAudioSink5startEv
                0x08002678       0x20 build/pwm_audio_sink.o
                0x08002678                PwmAudioSink::start()
 .text._ZN12PwmAudioSinkD0Ev
                0x08002698       0x20 build/pwm_audio_sink.o
                0x08002698                PwmAudioSink::~PwmAudioSink()
 .text._ZN12PwmAudioSink16debug_updatePeakEs
                0x080026b8       0x18 build/pwm_audio_sink.o
                0x080026b8                PwmAudioSink::debug_updatePeak(short)
 .text._ZN12PwmAudioSink21handleSampleInterruptEv
                0x080026d0        0xe build/pwm_audio_sink.o
                0x080026d0                PwmAudioSink::handleSampleInterrupt()
 .text._ZNK12PwmAudioSink10pulseValueEs
                0x080026de       0x1c build/pwm_audio_sink.o
                0x080026de                PwmAudioSink::pulseValue(short) const
 .text._ZN12PwmAudioSink11writeSampleEs
                0x080026fa       0x32 build/pwm_audio_sink.o
                0x080026fa                PwmAudioSink::writeSample(short)
 .text._ZNK12PwmAudioSink13counterPeriodEm
                0x0800272c       0x2c build/pwm_audio_sink.o
                0x0800272c                PwmAudioSink::counterPeriod(unsigned long) const
 .text._ZN12PwmAudioSink7prepareEm
                0x08002758       0x48 build/pwm_audio_sink.o
                0x08002758                PwmAudioSink::prepare(unsigned long)
 .text.app_main
                0x080027a0       0x58 build/app.o
                0x080027a0                app_main
 .text.HAL_TIM_PeriodElapsedCallback
                0x080027f8       0x1c build/hal_callbacks.o
                0x080027f8                HAL_TIM_PeriodElapsedCallback
 .text._Z41__static_initialization_and_destruction_1v
                0x08002814       0x18 build/audio_objects.o
 .text._Z41__static_initialization_and_destruction_0v
                0x0800282c       0x7c build/audio_objects.o
 .text._GLOBAL__sub_I_sink
                0x080028a8        0x8 build/audio_objects.o
 .text._GLOBAL__sub_D_sink
                0x080028b0        0x8 build/audio_objects.o
 .text._ZN14SpiStorageBase4txrxEh
                0x080028b8       0x2c build/sd_card.o
                0x080028b8                SpiStorageBase::txrx(unsigned char)
 .text._ZN6SdCard5csLowEv
                0x080028e4        0xe build/sd_card.o
                0x080028e4                SdCard::csLow()
 .text._ZN6SdCard6csHighEv
                0x080028f2       0x18 build/sd_card.o
                0x080028f2                SdCard::csHigh()
 .text._ZN6SdCard11dummyClocksEv
                0x0800290a       0x1c build/sd_card.o
                0x0800290a                SdCard::dummyClocks()
 .text._ZN6SdCard6waitR1Ev
                0x08002926       0x20 build/sd_card.o
                0x08002926                SdCard::waitR1()
 .text._ZN6SdCard7commandEhmh
                0x08002946       0x4c build/sd_card.o
                0x08002946                SdCard::command(unsigned char, unsigned long, unsigned char)
 *fill*         0x08002992        0x2 
 .text._ZN6SdCard4readEmPh
                0x08002994       0x84 build/sd_card.o
                0x08002994                SdCard::read(unsigned long, unsigned char*)
 .text._ZN6SdCard10appCommandEhm
                0x08002a18       0x32 build/sd_card.o
                0x08002a18                SdCard::appCommand(unsigned char, unsigned long)
 .text._ZN6SdCard4initEv
                0x08002a4a       0xf0 build/sd_card.o
                0x08002a4a                SdCard::init()
 .text._ZN11AudioPlayer18clearPlaybackStateEv
                0x08002b3a       0x1c build/audio_player.o
                0x08002b3a                AudioPlayer::clearPlaybackState()
 .text._ZN11AudioPlayer4stopEv
                0x08002b56       0x28 build/audio_player.o
                0x08002b56                AudioPlayer::stop()
 .text._ZN11AudioPlayer13enterPlaybackEv
                0x08002b7e        0x6 build/audio_player.o
                0x08002b7e                AudioPlayer::enterPlayback()
 .text._ZN11AudioPlayer13enterUnderrunEv
                0x08002b84       0x1a build/audio_player.o
                0x08002b84                AudioPlayer::enterUnderrun()
 .text._ZN11AudioPlayer10enterErrorEv
                0x08002b9e       0x1a build/audio_player.o
                0x08002b9e                AudioPlayer::enterError()
 .text._ZN11AudioPlayer13enterFinishedEv
                0x08002bb8       0x1a build/audio_player.o
                0x08002bb8                AudioPlayer::enterFinished()
 .text._ZN11AudioPlayer15refillOneBufferEh
                0x08002bd2       0x72 build/audio_player.o
                0x08002bd2                AudioPlayer::refillOneBuffer(unsigned char)
 .text._ZN11AudioPlayer14servicePrepareEv
                0x08002c44       0x74 build/audio_player.o
                0x08002c44                AudioPlayer::servicePrepare()
 .text._ZN11AudioPlayer15servicePlaybackEv
                0x08002cb8       0x92 build/audio_player.o
                0x08002cb8                AudioPlayer::servicePlayback()
 .text._ZN11AudioPlayer7serviceEv
                0x08002d4a       0x18 build/audio_player.o
                0x08002d4a                AudioPlayer::service()
 .text._ZNK11AudioPlayer8getStateEv
                0x08002d62        0x4 build/audio_player.o
                0x08002d62                AudioPlayer::getState() const
 .text._ZNK11AudioPlayer8isActiveEv
                0x08002d66       0x10 build/audio_player.o
                0x08002d66                AudioPlayer::isActive() const
 .text._ZN11AudioPlayer5startEmmt
                0x08002d76       0x38 build/audio_player.o
                0x08002d76                AudioPlayer::start(unsigned long, unsigned long, unsigned short)
 .text._ZNK11AudioPlayer11hasUnderrunEv
                0x08002dae        0xc build/audio_player.o
                0x08002dae                AudioPlayer::hasUnderrun() const
 .text._ZN11AudioPlayer4initEv
                0x08002dba       0x28 build/audio_player.o
                0x08002dba                AudioPlayer::init()
 .text._ZN11AudioPlayerC2ER13StorageDeviceR9AudioSink
                0x08002de2       0x18 build/audio_player.o
                0x08002de2                AudioPlayer::AudioPlayer(StorageDevice&, AudioSink&)
                0x08002de2                AudioPlayer::AudioPlayer(StorageDevice&, AudioSink&)
 .text._ZN13SampleSpooler5resetEv
                0x08002dfa       0x46 build/sample_spooler.o
                0x08002dfa                SampleSpooler::reset()
 .text._ZN13SampleSpoolerC2Ev
                0x08002e40        0xc build/sample_spooler.o
                0x08002e40                SampleSpooler::SampleSpooler()
                0x08002e40                SampleSpooler::SampleSpooler()
 .text._ZNK13SampleSpooler13getNumBuffersEv
                0x08002e4c        0x4 build/sample_spooler.o
                0x08002e4c                SampleSpooler::getNumBuffers() const
 .text._ZNK13SampleSpooler11needsRefillEh
                0x08002e50       0x10 build/sample_spooler.o
                0x08002e50                SampleSpooler::needsRefill(unsigned char) const
 .text._ZN13SampleSpooler15getRefillBufferEh
                0x08002e60       0x20 build/sample_spooler.o
                0x08002e60                SampleSpooler::getRefillBuffer(unsigned char)
 .text._ZNK13SampleSpooler11hasUnderrunEv
                0x08002e80        0x6 build/sample_spooler.o
                0x08002e80                SampleSpooler::hasUnderrun() const
 .text._ZN13SampleSpooler10nextSampleEv
                0x08002e86       0x66 build/sample_spooler.o
                0x08002e86                SampleSpooler::nextSample()
 .text._ZN13SampleSpooler20padBufferWithSilenceE12RefillBuffert
                0x08002eec       0x22 build/sample_spooler.o
                0x08002eec                SampleSpooler::padBufferWithSilence(RefillBuffer, unsigned short)
 .text._ZN13SampleSpooler12markRefilledEht
                0x08002f0e       0x3a build/sample_spooler.o
                0x08002f0e                SampleSpooler::markRefilled(unsigned char, unsigned short)
 .text._ZdlPvj  0x08002f48        0x4 /usr/lib/gcc/arm-none-eabi/16.1.0/../../../../arm-none-eabi/lib/thumb/v7e-m+fp/hard/libstdc++_nano.a(del_ops.o)
                0x08002f48                operator delete(void*, unsigned int)
 .text._ZdlPv   0x08002f4c        0x4 /usr/lib/gcc/arm-none-eabi/16.1.0/../../../../arm-none-eabi/lib/thumb/v7e-m+fp/hard/libstdc++_nano.a(del_op.o)
                0x08002f4c                operator delete(void*)
 .text.free     0x08002f50       0x10 /usr/lib/gcc/arm-none-eabi/16.1.0/../../../../arm-none-eabi/lib/thumb/v7e-m+fp/hard/libc_nano.a(libc_a-malloc.o)
                0x08002f50                free
 .text.__malloc_lock
                0x08002f60        0xc /usr/lib/gcc/arm-none-eabi/16.1.0/../../../../arm-none-eabi/lib/thumb/v7e-m+fp/hard/libc_nano.a(libc_a-mlock.o)
                0x08002f60                __malloc_lock
 .text.__malloc_unlock
                0x08002f6c        0xc /usr/lib/gcc/arm-none-eabi/16.1.0/../../../../arm-none-eabi/lib/thumb/v7e-m+fp/hard/libc_nano.a(libc_a-mlock.o)
                0x08002f6c                __malloc_unlock
 .text.memset   0x08002f78       0x10 /usr/lib/gcc/arm-none-eabi/16.1.0/../../../../arm-none-eabi/lib/thumb/v7e-m+fp/hard/libc_nano.a(libc_a-memset.o)
                0x08002f78                memset
 .text.__libc_init_array
                0x08002f88       0x48 /usr/lib/gcc/arm-none-eabi/16.1.0/../../../../arm-none-eabi/lib/thumb/v7e-m+fp/hard/libc_nano.a(libc_a-init.o)
                0x08002f88                __libc_init_array
 .text.__retarget_lock_acquire_recursive
                0x08002fd0        0x2 /usr/lib/gcc/arm-none-eabi/16.1.0/../../../../arm-none-eabi/lib/thumb/v7e-m+fp/hard/libc_nano.a(libc_a-lock.o)
                0x08002fd0                __retarget_lock_acquire_recursive
 .text.__retarget_lock_release_recursive
                0x08002fd2        0x2 /usr/lib/gcc/arm-none-eabi/16.1.0/../../../../arm-none-eabi/lib/thumb/v7e-m+fp/hard/libc_nano.a(libc_a-lock.o)
                0x08002fd2                __retarget_lock_release_recursive
 .text._free_r  0x08002fd4       0x98 /usr/lib/gcc/arm-none-eabi/16.1.0/../../../../arm-none-eabi/lib/thumb/v7e-m+fp/hard/libc_nano.a(libc_a-freer.o)
                0x08002fd4                _free_r
 .text.__udivmoddi4
                0x0800306c      0x2b8 /usr/lib/gcc/arm-none-eabi/16.1.0/thumb/v7e-m+fp/hard/libgcc.a(_udivmoddi4.o)
                0x0800306c                __udivmoddi4
 *(.glue_7)
 .glue_7        0x08003324        0x0 linker stubs
 *(.glue_7t)
 .glue_7t       0x08003324        0x0 linker stubs
 *(.eh_frame)
 .eh_frame      0x08003324        0x0 /usr/lib/gcc/arm-none-eabi/16.1.0/thumb/v7e-m+fp/hard/crtbegin.o
 *(.init)
 .init          0x08003324        0x4 /usr/lib/gcc/arm-none-eabi/16.1.0/thumb/v7e-m+fp/hard/crti.o
                0x08003324                _init
 .init          0x08003328        0x8 /usr/lib/gcc/arm-none-eabi/16.1.0/thumb/v7e-m+fp/hard/crtn.o
 *(.fini)
 .fini          0x08003330        0x4 /usr/lib/gcc/arm-none-eabi/16.1.0/thumb/v7e-m+fp/hard/crti.o
                0x08003330                _fini
 .fini          0x08003334        0x8 /usr/lib/gcc/arm-none-eabi/16.1.0/thumb/v7e-m+fp/hard/crtn.o
                0x0800333c                        . = ALIGN (0x4)
                0x0800333c                        _etext = .

.vfp11_veneer   0x0800333c        0x0
 .vfp11_veneer  0x0800333c        0x0 linker stubs

.v4_bx          0x0800333c        0x0
 .v4_bx         0x0800333c        0x0 linker stubs

.iplt           0x0800333c        0x0
 .iplt          0x0800333c        0x0 /usr/lib/gcc/arm-none-eabi/16.1.0/thumb/v7e-m+fp/hard/crtbegin.o

.rodata         0x0800333c       0x98
                0x0800333c                        . = ALIGN (0x4)
 *(.rodata)
 *(.rodata*)
 .rodata.APBPrescTable
                0x0800333c        0x8 build/system_stm32f4xx.o
                0x0800333c                APBPrescTable
 .rodata.AHBPrescTable
                0x08003344       0x10 build/system_stm32f4xx.o
                0x08003344                AHBPrescTable
 .rodata._ZTV9AudioSink
                0x08003354       0x28 build/pwm_audio_sink.o
                0x08003354                vtable for AudioSink
 .rodata._ZTV12PwmAudioSink
                0x0800337c       0x28 build/pwm_audio_sink.o
                0x0800337c                vtable for PwmAudioSink
 .rodata._ZTV13StorageDevice
                0x080033a4       0x10 build/audio_objects.o
                0x080033a4                vtable for StorageDevice
 .rodata._ZTV14SpiStorageBase
                0x080033b4       0x10 build/audio_objects.o
                0x080033b4                vtable for SpiStorageBase
 .rodata._ZTV6SdCard
                0x080033c4       0x10 build/sd_card.o
                0x080033c4                vtable for SdCard
                0x080033d4                        . = ALIGN (0x4)

.ARM.extab
 *(.ARM.extab* .gnu.linkonce.armextab.*)

.ARM            0x080033d4        0x8
                0x080033d4                        __exidx_start = .
 *(.ARM.exidx*)
 .ARM.exidx.text.__udivmoddi4
                0x080033d4        0x8 /usr/lib/gcc/arm-none-eabi/16.1.0/thumb/v7e-m+fp/hard/libgcc.a(_udivmoddi4.o)
                0x080033dc                        __exidx_end = .

.rel.dyn        0x080033dc        0x0
 .rel.iplt      0x080033dc        0x0 /usr/lib/gcc/arm-none-eabi/16.1.0/thumb/v7e-m+fp/hard/crtbegin.o

.preinit_array  0x080033dc        0x0
                0x080033dc                        PROVIDE (__preinit_array_start = .)
 *(.preinit_array*)
                0x080033dc                        PROVIDE (__preinit_array_end = .)

.init_array     0x080033dc        0x8
                0x080033dc                        PROVIDE (__init_array_start = .)
 *(SORT_BY_NAME(.init_array.*))
 *(.init_array*)
 .init_array    0x080033dc        0x4 /usr/lib/gcc/arm-none-eabi/16.1.0/thumb/v7e-m+fp/hard/crtbegin.o
 .init_array    0x080033e0        0x4 build/audio_objects.o
                0x080033e4                        PROVIDE (__init_array_end = .)

.fini_array     0x080033e4        0x8
                0x080033e4                        PROVIDE (__fini_array_start = .)
 *(SORT_BY_NAME(.fini_array.*))
 *(.fini_array*)
 .fini_array    0x080033e4        0x4 /usr/lib/gcc/arm-none-eabi/16.1.0/thumb/v7e-m+fp/hard/crtbegin.o
 .fini_array    0x080033e8        0x4 build/audio_objects.o
                0x080033ec                        PROVIDE (__fini_array_end = .)
                0x080033ec                        _sidata = LOADADDR (.data)

.data           0x20000000       0x5c load address 0x080033ec
                0x20000000                        . = ALIGN (0x4)
                0x20000000                        _sdata = .
 *(.data)
 *(.data*)
 .data.uwTickFreq
                0x20000000        0x1 build/stm32f4xx_hal.o
                0x20000000                uwTickFreq
 *fill*         0x20000001        0x3 
 .data.uwTickPrio
                0x20000004        0x4 build/stm32f4xx_hal.o
                0x20000004                uwTickPrio
 .data.SystemCoreClock
                0x20000008        0x4 build/system_stm32f4xx.o
                0x20000008                SystemCoreClock
 .data._impure_ptr
                0x2000000c        0x4 /usr/lib/gcc/arm-none-eabi/16.1.0/../../../../arm-none-eabi/lib/thumb/v7e-m+fp/hard/libc_nano.a(libc_a-impure.o)
                0x2000000c                _impure_ptr
 .data._impure_data
                0x20000010       0x4c /usr/lib/gcc/arm-none-eabi/16.1.0/../../../../arm-none-eabi/lib/thumb/v7e-m+fp/hard/libc_nano.a(libc_a-impure.o)
                0x20000010                _impure_data
                0x2000005c                        . = ALIGN (0x4)
                0x2000005c                        _edata = .

.igot.plt       0x2000005c        0x0 load address 0x08003448
 .igot.plt      0x2000005c        0x0 /usr/lib/gcc/arm-none-eabi/16.1.0/thumb/v7e-m+fp/hard/crtbegin.o
                0x2000005c                        . = ALIGN (0x4)

.bss            0x2000005c      0xaec load address 0x08003448
                0x2000005c                        _sbss = .
                0x2000005c                        __bss_start__ = _sbss
 *(.bss)
 *(.bss*)
 .bss.completed.1
                0x2000005c        0x1 /usr/lib/gcc/arm-none-eabi/16.1.0/thumb/v7e-m+fp/hard/crtbegin.o
 *fill*         0x2000005d        0x3 
 .bss.object.0  0x20000060       0x18 /usr/lib/gcc/arm-none-eabi/16.1.0/thumb/v7e-m+fp/hard/crtbegin.o
 .bss.uwTick    0x20000078        0x4 build/stm32f4xx_hal.o
                0x20000078                uwTick
 .bss.hi2s2     0x2000007c       0x48 build/i2s.o
                0x2000007c                hi2s2
 .bss.hspi1     0x200000c4       0x58 build/spi.o
                0x200000c4                hspi1
 .bss.htim4     0x2000011c       0x48 build/tim.o
                0x2000011c                htim4
 .bss.htim3     0x20000164       0x48 build/tim.o
                0x20000164                htim3
 .bss.player    0x200001ac      0x830 build/audio_objects.o
                0x200001ac                player
 .bss.storage   0x200009dc       0x10 build/audio_objects.o
                0x200009dc                storage
 .bss.sink      0x200009ec       0x1c build/audio_objects.o
                0x200009ec                sink
 .bss.__malloc_free_list
                0x20000a08        0x4 /usr/lib/gcc/arm-none-eabi/16.1.0/../../../../arm-none-eabi/lib/thumb/v7e-m+fp/hard/libc_nano.a(libc_a-mallocr.o)
                0x20000a08                __malloc_free_list
 .bss.__sf      0x20000a0c      0x138 /usr/lib/gcc/arm-none-eabi/16.1.0/../../../../arm-none-eabi/lib/thumb/v7e-m+fp/hard/libc_nano.a(libc_a-findfp.o)
                0x20000a0c                __sf
 .bss.__lock___malloc_recursive_mutex
                0x20000b44        0x1 /usr/lib/gcc/arm-none-eabi/16.1.0/../../../../arm-none-eabi/lib/thumb/v7e-m+fp/hard/libc_nano.a(libc_a-lock.o)
                0x20000b44                __lock___malloc_recursive_mutex
 *(COMMON)
                0x20000b48                        . = ALIGN (0x4)
 *fill*         0x20000b45        0x3 
                0x20000b48                        _ebss = .
                0x20000b48                        __bss_end__ = _ebss

._user_heap_stack
                0x20000b48      0x600 load address 0x08003448
                0x20000b48                        . = ALIGN (0x8)
                [!provide]                        PROVIDE (end = .)
                [!provide]                        PROVIDE (_end = .)
                0x20000d48                        . = (. + _Min_Heap_Size)
 *fill*         0x20000b48      0x200 
                0x20001148                        . = (. + _Min_Stack_Size)
 *fill*         0x20000d48      0x400 
                0x20001148                        . = ALIGN (0x8)

/DISCARD/
 libc.a(*)
 libm.a(*)
 libgcc.a(*)

.ARM.attributes
                0x00000000       0x30
 *(.ARM.attributes)
 .ARM.attributes
                0x00000000       0x22 /usr/lib/gcc/arm-none-eabi/16.1.0/thumb/v7e-m+fp/hard/crti.o
 .ARM.attributes
                0x00000022       0x34 /usr/lib/gcc/arm-none-eabi/16.1.0/thumb/v7e-m+fp/hard/crtbegin.o
 .ARM.attributes
                0x00000056       0x34 build/main.o
 .ARM.attributes
                0x0000008a       0x34 build/stm32f4xx_it.o
 .ARM.attributes
                0x000000be       0x34 build/stm32f4xx_hal_msp.o
 .ARM.attributes
                0x000000f2       0x34 build/stm32f4xx_hal_i2s.o
 .ARM.attributes
                0x00000126       0x34 build/stm32f4xx_hal_i2s_ex.o
 .ARM.attributes
                0x0000015a       0x34 build/stm32f4xx_hal_rcc.o
 .ARM.attributes
                0x0000018e       0x34 build/stm32f4xx_hal_rcc_ex.o
 .ARM.attributes
                0x000001c2       0x34 build/stm32f4xx_hal_gpio.o
 .ARM.attributes
                0x000001f6       0x34 build/stm32f4xx_hal_cortex.o
 .ARM.attributes
                0x0000022a       0x34 build/stm32f4xx_hal.o
 .ARM.attributes
                0x0000025e       0x34 build/stm32f4xx_hal_tim.o
 .ARM.attributes
                0x00000292       0x34 build/stm32f4xx_hal_tim_ex.o
 .ARM.attributes
                0x000002c6       0x34 build/system_stm32f4xx.o
 .ARM.attributes
                0x000002fa       0x34 build/gpio.o
 .ARM.attributes
                0x0000032e       0x34 build/i2s.o
 .ARM.attributes
                0x00000362       0x34 build/spi.o
 .ARM.attributes
                0x00000396       0x34 build/stm32f4xx_hal_spi.o
 .ARM.attributes
                0x000003ca       0x34 build/tim.o
 .ARM.attributes
                0x000003fe       0x21 build/startup_stm32f401xc.o
 .ARM.attributes
                0x0000041f       0x34 build/pwm_audio_sink.o
 .ARM.attributes
                0x00000453       0x34 build/app.o
 .ARM.attributes
                0x00000487       0x34 build/hal_callbacks.o
 .ARM.attributes
                0x000004bb       0x34 build/audio_objects.o
 .ARM.attributes
                0x000004ef       0x34 build/sd_card.o
 .ARM.attributes
                0x00000523       0x34 build/audio_player.o
 .ARM.attributes
                0x00000557       0x34 build/sample_spooler.o
 .ARM.attributes
                0x0000058b       0x34 /usr/lib/gcc/arm-none-eabi/16.1.0/../../../../arm-none-eabi/lib/thumb/v7e-m+fp/hard/libstdc++_nano.a(del_ops.o)
 .ARM.attributes
                0x000005bf       0x34 /usr/lib/gcc/arm-none-eabi/16.1.0/../../../../arm-none-eabi/lib/thumb/v7e-m+fp/hard/libstdc++_nano.a(del_op.o)
 .ARM.attributes
                0x000005f3       0x34 /usr/lib/gcc/arm-none-eabi/16.1.0/../../../../arm-none-eabi/lib/thumb/v7e-m+fp/hard/libc_nano.a(libc_a-malloc.o)
 .ARM.attributes
                0x00000627       0x34 /usr/lib/gcc/arm-none-eabi/16.1.0/../../../../arm-none-eabi/lib/thumb/v7e-m+fp/hard/libc_nano.a(libc_a-mallocr.o)
 .ARM.attributes
                0x0000065b       0x34 /usr/lib/gcc/arm-none-eabi/16.1.0/../../../../arm-none-eabi/lib/thumb/v7e-m+fp/hard/libc_nano.a(libc_a-mlock.o)
 .ARM.attributes
                0x0000068f       0x34 /usr/lib/gcc/arm-none-eabi/16.1.0/../../../../arm-none-eabi/lib/thumb/v7e-m+fp/hard/libc_nano.a(libc_a-findfp.o)
 .ARM.attributes
                0x000006c3       0x34 /usr/lib/gcc/arm-none-eabi/16.1.0/../../../../arm-none-eabi/lib/thumb/v7e-m+fp/hard/libc_nano.a(libc_a-memset.o)
 .ARM.attributes
                0x000006f7       0x34 /usr/lib/gcc/arm-none-eabi/16.1.0/../../../../arm-none-eabi/lib/thumb/v7e-m+fp/hard/libc_nano.a(libc_a-impure.o)
 .ARM.attributes
                0x0000072b       0x34 /usr/lib/gcc/arm-none-eabi/16.1.0/../../../../arm-none-eabi/lib/thumb/v7e-m+fp/hard/libc_nano.a(libc_a-init.o)
 .ARM.attributes
                0x0000075f       0x34 /usr/lib/gcc/arm-none-eabi/16.1.0/../../../../arm-none-eabi/lib/thumb/v7e-m+fp/hard/libc_nano.a(libc_a-lock.o)
 .ARM.attributes
                0x00000793       0x34 /usr/lib/gcc/arm-none-eabi/16.1.0/../../../../arm-none-eabi/lib/thumb/v7e-m+fp/hard/libc_nano.a(libc_a-freer.o)
 .ARM.attributes
                0x000007c7       0x22 /usr/lib/gcc/arm-none-eabi/16.1.0/thumb/v7e-m+fp/hard/libgcc.a(_aeabi_uldivmod.o)
 .ARM.attributes
                0x000007e9       0x34 /usr/lib/gcc/arm-none-eabi/16.1.0/thumb/v7e-m+fp/hard/libgcc.a(_udivmoddi4.o)
 .ARM.attributes
                0x0000081d       0x22 /usr/lib/gcc/arm-none-eabi/16.1.0/thumb/v7e-m+fp/hard/libgcc.a(_dvmd_tls.o)
 .ARM.attributes
                0x0000083f       0x22 /usr/lib/gcc/arm-none-eabi/16.1.0/thumb/v7e-m+fp/hard/crtn.o
OUTPUT(build/audio-test.elf elf32-littlearm)
LOAD linker stubs
LOAD /usr/lib/gcc/arm-none-eabi/16.1.0/../../../../arm-none-eabi/lib/thumb/v7e-m+fp/hard/libc.a
LOAD /usr/lib/gcc/arm-none-eabi/16.1.0/../../../../arm-none-eabi/lib/thumb/v7e-m+fp/hard/libm.a
LOAD /usr/lib/gcc/arm-none-eabi/16.1.0/thumb/v7e-m+fp/hard/libgcc.a

.debug_info     0x00000000    0x20b79
 .debug_info    0x00000000      0x713 build/main.o
 .debug_info    0x00000713      0x861 build/stm32f4xx_it.o
 .debug_info    0x00000f74      0x379 build/stm32f4xx_hal_msp.o
 .debug_info    0x000012ed     0x1305 build/stm32f4xx_hal_i2s.o
 .debug_info    0x000025f2      0xf18 build/stm32f4xx_hal_i2s_ex.o
 .debug_info    0x0000350a      0xc36 build/stm32f4xx_hal_rcc.o
 .debug_info    0x00004140      0x742 build/stm32f4xx_hal_rcc_ex.o
 .debug_info    0x00004882      0x878 build/stm32f4xx_hal_gpio.o
 .debug_info    0x000050fa     0x10f0 build/stm32f4xx_hal_cortex.o
 .debug_info    0x000061ea      0xa85 build/stm32f4xx_hal.o
 .debug_info    0x00006c6f     0x419b build/stm32f4xx_hal_tim.o
 .debug_info    0x0000ae0a     0x1d95 build/stm32f4xx_hal_tim_ex.o
 .debug_info    0x0000cb9f      0x5e5 build/system_stm32f4xx.o
 .debug_info    0x0000d184      0x5c0 build/gpio.o
 .debug_info    0x0000d744      0xc63 build/i2s.o
 .debug_info    0x0000e3a7      0xbb9 build/spi.o
 .debug_info    0x0000ef60     0x2070 build/stm32f4xx_hal_spi.o
 .debug_info    0x00010fd0     0x11dc build/tim.o
 .debug_info    0x000121ac       0x30 build/startup_stm32f401xc.o
 .debug_info    0x000121dc     0x3488 build/pwm_audio_sink.o
 .debug_info    0x00015664      0xeae build/app.o
 .debug_info    0x00016512      0x7de build/hal_callbacks.o
 .debug_info    0x00016cf0     0x202f build/audio_objects.o
 .debug_info    0x00018d1f     0x18a7 build/sd_card.o
 .debug_info    0x0001a5c6     0x12a1 build/audio_player.o
 .debug_info    0x0001b867      0x946 build/sample_spooler.o
 .debug_info    0x0001c1ad       0xb4 /usr/lib/gcc/arm-none-eabi/16.1.0/../../../../arm-none-eabi/lib/thumb/v7e-m+fp/hard/libstdc++_nano.a(del_ops.o)
 .debug_info    0x0001c261      0x5b6 /usr/lib/gcc/arm-none-eabi/16.1.0/../../../../arm-none-eabi/lib/thumb/v7e-m+fp/hard/libstdc++_nano.a(del_op.o)
 .debug_info    0x0001c817      0x7a5 /usr/lib/gcc/arm-none-eabi/16.1.0/../../../../arm-none-eabi/lib/thumb/v7e-m+fp/hard/libc_nano.a(libc_a-malloc.o)
 .debug_info    0x0001cfbc      0x9c1 /usr/lib/gcc/arm-none-eabi/16.1.0/../../../../arm-none-eabi/lib/thumb/v7e-m+fp/hard/libc_nano.a(libc_a-mallocr.o)
 .debug_info    0x0001d97d      0x770 /usr/lib/gcc/arm-none-eabi/16.1.0/../../../../arm-none-eabi/lib/thumb/v7e-m+fp/hard/libc_nano.a(libc_a-mlock.o)
 .debug_info    0x0001e0ed      0xfbf /usr/lib/gcc/arm-none-eabi/16.1.0/../../../../arm-none-eabi/lib/thumb/v7e-m+fp/hard/libc_nano.a(libc_a-findfp.o)
 .debug_info    0x0001f0ac       0xe5 /usr/lib/gcc/arm-none-eabi/16.1.0/../../../../arm-none-eabi/lib/thumb/v7e-m+fp/hard/libc_nano.a(libc_a-memset.o)
 .debug_info    0x0001f191      0x71a /usr/lib/gcc/arm-none-eabi/16.1.0/../../../../arm-none-eabi/lib/thumb/v7e-m+fp/hard/libc_nano.a(libc_a-impure.o)
 .debug_info    0x0001f8ab      0x110 /usr/lib/gcc/arm-none-eabi/16.1.0/../../../../arm-none-eabi/lib/thumb/v7e-m+fp/hard/libc_nano.a(libc_a-init.o)
 .debug_info    0x0001f9bb      0x21d /usr/lib/gcc/arm-none-eabi/16.1.0/../../../../arm-none-eabi/lib/thumb/v7e-m+fp/hard/libc_nano.a(libc_a-lock.o)
 .debug_info    0x0001fbd8      0x845 /usr/lib/gcc/arm-none-eabi/16.1.0/../../../../arm-none-eabi/lib/thumb/v7e-m+fp/hard/libc_nano.a(libc_a-freer.o)
 .debug_info    0x0002041d       0x24 /usr/lib/gcc/arm-none-eabi/16.1.0/thumb/v7e-m+fp/hard/libgcc.a(_aeabi_uldivmod.o)
 .debug_info    0x00020441      0x6fc /usr/lib/gcc/arm-none-eabi/16.1.0/thumb/v7e-m+fp/hard/libgcc.a(_udivmoddi4.o)
 .debug_info    0x00020b3d       0x3c /usr/lib/gcc/arm-none-eabi/16.1.0/thumb/v7e-m+fp/hard/libgcc.a(_dvmd_tls.o)

.debug_abbrev   0x00000000     0x5b0c
 .debug_abbrev  0x00000000      0x228 build/main.o
 .debug_abbrev  0x00000228      0x1ca build/stm32f4xx_it.o
 .debug_abbrev  0x000003f2       0xfc build/stm32f4xx_hal_msp.o
 .debug_abbrev  0x000004ee      0x2ba build/stm32f4xx_hal_i2s.o
 .debug_abbrev  0x000007a8      0x2e8 build/stm32f4xx_hal_i2s_ex.o
 .debug_abbrev  0x00000a90      0x2de build/stm32f4xx_hal_rcc.o
 .debug_abbrev  0x00000d6e      0x1dc build/stm32f4xx_hal_rcc_ex.o
 .debug_abbrev  0x00000f4a      0x23f build/stm32f4xx_hal_gpio.o
 .debug_abbrev  0x00001189      0x3d3 build/stm32f4xx_hal_cortex.o
 .debug_abbrev  0x0000155c      0x275 build/stm32f4xx_hal.o
 .debug_abbrev  0x000017d1      0x2c7 build/stm32f4xx_hal_tim.o
 .debug_abbrev  0x00001a98      0x2c1 build/stm32f4xx_hal_tim_ex.o
 .debug_abbrev  0x00001d59      0x11b build/system_stm32f4xx.o
 .debug_abbrev  0x00001e74      0x189 build/gpio.o
 .debug_abbrev  0x00001ffd      0x231 build/i2s.o
 .debug_abbrev  0x0000222e      0x231 build/spi.o
 .debug_abbrev  0x0000245f      0x2c6 build/stm32f4xx_hal_spi.o
 .debug_abbrev  0x00002725      0x262 build/tim.o
 .debug_abbrev  0x00002987       0x1d build/startup_stm32f401xc.o
 .debug_abbrev  0x000029a4      0x7d3 build/pwm_audio_sink.o
 .debug_abbrev  0x00003177      0x372 build/app.o
 .debug_abbrev  0x000034e9      0x1d2 build/hal_callbacks.o
 .debug_abbrev  0x000036bb      0x52b build/audio_objects.o
 .debug_abbrev  0x00003be6      0x431 build/sd_card.o
 .debug_abbrev  0x00004017      0x3f3 build/audio_player.o
 .debug_abbrev  0x0000440a      0x2e8 build/sample_spooler.o
 .debug_abbrev  0x000046f2       0xb2 /usr/lib/gcc/arm-none-eabi/16.1.0/../../../../arm-none-eabi/lib/thumb/v7e-m+fp/hard/libstdc++_nano.a(del_ops.o)
 .debug_abbrev  0x000047a4      0x1a4 /usr/lib/gcc/arm-none-eabi/16.1.0/../../../../arm-none-eabi/lib/thumb/v7e-m+fp/hard/libstdc++_nano.a(del_op.o)
 .debug_abbrev  0x00004948      0x1d5 /usr/lib/gcc/arm-none-eabi/16.1.0/../../../../arm-none-eabi/lib/thumb/v7e-m+fp/hard/libc_nano.a(libc_a-malloc.o)
 .debug_abbrev  0x00004b1d      0x250 /usr/lib/gcc/arm-none-eabi/16.1.0/../../../../arm-none-eabi/lib/thumb/v7e-m+fp/hard/libc_nano.a(libc_a-mallocr.o)
 .debug_abbrev  0x00004d6d      0x1c5 /usr/lib/gcc/arm-none-eabi/16.1.0/../../../../arm-none-eabi/lib/thumb/v7e-m+fp/hard/libc_nano.a(libc_a-mlock.o)
 .debug_abbrev  0x00004f32      0x419 /usr/lib/gcc/arm-none-eabi/16.1.0/../../../../arm-none-eabi/lib/thumb/v7e-m+fp/hard/libc_nano.a(libc_a-findfp.o)
 .debug_abbrev  0x0000534b       0xa4 /usr/lib/gcc/arm-none-eabi/16.1.0/../../../../arm-none-eabi/lib/thumb/v7e-m+fp/hard/libc_nano.a(libc_a-memset.o)
 .debug_abbrev  0x000053ef      0x14f /usr/lib/gcc/arm-none-eabi/16.1.0/../../../../arm-none-eabi/lib/thumb/v7e-m+fp/hard/libc_nano.a(libc_a-impure.o)
 .debug_abbrev  0x0000553e       0xcf /usr/lib/gcc/arm-none-eabi/16.1.0/../../../../arm-none-eabi/lib/thumb/v7e-m+fp/hard/libc_nano.a(libc_a-init.o)
 .debug_abbrev  0x0000560d      0x11b /usr/lib/gcc/arm-none-eabi/16.1.0/../../../../arm-none-eabi/lib/thumb/v7e-m+fp/hard/libc_nano.a(libc_a-lock.o)
 .debug_abbrev  0x00005728      0x23a /usr/lib/gcc/arm-none-eabi/16.1.0/../../../../arm-none-eabi/lib/thumb/v7e-m+fp/hard/libc_nano.a(libc_a-freer.o)
 .debug_abbrev  0x00005962       0x14 /usr/lib/gcc/arm-none-eabi/16.1.0/thumb/v7e-m+fp/hard/libgcc.a(_aeabi_uldivmod.o)
 .debug_abbrev  0x00005976      0x170 /usr/lib/gcc/arm-none-eabi/16.1.0/thumb/v7e-m+fp/hard/libgcc.a(_udivmoddi4.o)
 .debug_abbrev  0x00005ae6       0x26 /usr/lib/gcc/arm-none-eabi/16.1.0/thumb/v7e-m+fp/hard/libgcc.a(_dvmd_tls.o)

.debug_loc      0x00000000    0x10014
 .debug_loc     0x00000000       0x66 build/main.o
 .debug_loc     0x00000066       0x40 build/stm32f4xx_it.o
 .debug_loc     0x000000a6       0x2c build/stm32f4xx_hal_msp.o
 .debug_loc     0x000000d2     0x13cd build/stm32f4xx_hal_i2s.o
 .debug_loc     0x0000149f      0xe0c build/stm32f4xx_hal_i2s_ex.o
 .debug_loc     0x000022ab      0x66b build/stm32f4xx_hal_rcc.o
 .debug_loc     0x00002916      0x401 build/stm32f4xx_hal_rcc_ex.o
 .debug_loc     0x00002d17      0x5d5 build/stm32f4xx_hal_gpio.o
 .debug_loc     0x000032ec      0x876 build/stm32f4xx_hal_cortex.o
 .debug_loc     0x00003b62      0x1e3 build/stm32f4xx_hal.o
 .debug_loc     0x00003d45     0x5bcd build/stm32f4xx_hal_tim.o
 .debug_loc     0x00009912     0x2195 build/stm32f4xx_hal_tim_ex.o
 .debug_loc     0x0000baa7      0x166 build/system_stm32f4xx.o
 .debug_loc     0x0000bc0d       0x39 build/gpio.o
 .debug_loc     0x0000bc46      0x120 build/i2s.o
 .debug_loc     0x0000bd66      0x120 build/spi.o
 .debug_loc     0x0000be86     0x2648 build/stm32f4xx_hal_spi.o
 .debug_loc     0x0000e4ce      0x236 build/tim.o
 .debug_loc     0x0000e704      0x48d build/pwm_audio_sink.o
 .debug_loc     0x0000eb91       0x36 build/app.o
 .debug_loc     0x0000ebc7       0x6e build/hal_callbacks.o
 .debug_loc     0x0000ec35      0x176 build/audio_objects.o
 .debug_loc     0x0000edab      0x855 build/sd_card.o
 .debug_loc     0x0000f600      0x61c build/audio_player.o
 .debug_loc     0x0000fc1c      0x3f8 build/sample_spooler.o

.debug_aranges  0x00000000     0x1220
 .debug_aranges
                0x00000000       0x30 build/main.o
 .debug_aranges
                0x00000030       0x68 build/stm32f4xx_it.o
 .debug_aranges
                0x00000098       0x20 build/stm32f4xx_hal_msp.o
 .debug_aranges
                0x000000b8      0x108 build/stm32f4xx_hal_i2s.o
 .debug_aranges
                0x000001c0       0x88 build/stm32f4xx_hal_i2s_ex.o
 .debug_aranges
                0x00000248       0x88 build/stm32f4xx_hal_rcc.o
 .debug_aranges
                0x000002d0       0x48 build/stm32f4xx_hal_rcc_ex.o
 .debug_aranges
                0x00000318       0x58 build/stm32f4xx_hal_gpio.o
 .debug_aranges
                0x00000370       0xd8 build/stm32f4xx_hal_cortex.o
 .debug_aranges
                0x00000448       0xf0 build/stm32f4xx_hal.o
 .debug_aranges
                0x00000538      0x3d0 build/stm32f4xx_hal_tim.o
 .debug_aranges
                0x00000908      0x168 build/stm32f4xx_hal_tim_ex.o
 .debug_aranges
                0x00000a70       0x28 build/system_stm32f4xx.o
 .debug_aranges
                0x00000a98       0x20 build/gpio.o
 .debug_aranges
                0x00000ab8       0x30 build/i2s.o
 .debug_aranges
                0x00000ae8       0x30 build/spi.o
 .debug_aranges
                0x00000b18      0x1d0 build/stm32f4xx_hal_spi.o
 .debug_aranges
                0x00000ce8       0x40 build/tim.o
 .debug_aranges
                0x00000d28       0x28 build/startup_stm32f401xc.o
 .debug_aranges
                0x00000d50       0x78 build/pwm_audio_sink.o
 .debug_aranges
                0x00000dc8       0x20 build/app.o
 .debug_aranges
                0x00000de8       0x20 build/hal_callbacks.o
 .debug_aranges
                0x00000e08       0x38 build/audio_objects.o
 .debug_aranges
                0x00000e40       0x60 build/sd_card.o
 .debug_aranges
                0x00000ea0       0xb0 build/audio_player.o
 .debug_aranges
                0x00000f50       0x60 build/sample_spooler.o
 .debug_aranges
                0x00000fb0       0x20 /usr/lib/gcc/arm-none-eabi/16.1.0/../../../../arm-none-eabi/lib/thumb/v7e-m+fp/hard/libstdc++_nano.a(del_ops.o)
 .debug_aranges
                0x00000fd0       0x20 /usr/lib/gcc/arm-none-eabi/16.1.0/../../../../arm-none-eabi/lib/thumb/v7e-m+fp/hard/libstdc++_nano.a(del_op.o)
 .debug_aranges
                0x00000ff0       0x28 /usr/lib/gcc/arm-none-eabi/16.1.0/../../../../arm-none-eabi/lib/thumb/v7e-m+fp/hard/libc_nano.a(libc_a-malloc.o)
 .debug_aranges
                0x00001018       0x28 /usr/lib/gcc/arm-none-eabi/16.1.0/../../../../arm-none-eabi/lib/thumb/v7e-m+fp/hard/libc_nano.a(libc_a-mallocr.o)
 .debug_aranges
                0x00001040       0x28 /usr/lib/gcc/arm-none-eabi/16.1.0/../../../../arm-none-eabi/lib/thumb/v7e-m+fp/hard/libc_nano.a(libc_a-mlock.o)
 .debug_aranges
                0x00001068       0x78 /usr/lib/gcc/arm-none-eabi/16.1.0/../../../../arm-none-eabi/lib/thumb/v7e-m+fp/hard/libc_nano.a(libc_a-findfp.o)
 .debug_aranges
                0x000010e0       0x20 /usr/lib/gcc/arm-none-eabi/16.1.0/../../../../arm-none-eabi/lib/thumb/v7e-m+fp/hard/libc_nano.a(libc_a-memset.o)
 .debug_aranges
                0x00001100       0x18 /usr/lib/gcc/arm-none-eabi/16.1.0/../../../../arm-none-eabi/lib/thumb/v7e-m+fp/hard/libc_nano.a(libc_a-impure.o)
 .debug_aranges
                0x00001118       0x20 /usr/lib/gcc/arm-none-eabi/16.1.0/../../../../arm-none-eabi/lib/thumb/v7e-m+fp/hard/libc_nano.a(libc_a-init.o)
 .debug_aranges
                0x00001138       0x68 /usr/lib/gcc/arm-none-eabi/16.1.0/../../../../arm-none-eabi/lib/thumb/v7e-m+fp/hard/libc_nano.a(libc_a-lock.o)
 .debug_aranges
                0x000011a0       0x20 /usr/lib/gcc/arm-none-eabi/16.1.0/../../../../arm-none-eabi/lib/thumb/v7e-m+fp/hard/libc_nano.a(libc_a-freer.o)
 .debug_aranges
                0x000011c0       0x20 /usr/lib/gcc/arm-none-eabi/16.1.0/thumb/v7e-m+fp/hard/libgcc.a(_aeabi_uldivmod.o)
 .debug_aranges
                0x000011e0       0x20 /usr/lib/gcc/arm-none-eabi/16.1.0/thumb/v7e-m+fp/hard/libgcc.a(_udivmoddi4.o)
 .debug_aranges
                0x00001200       0x20 /usr/lib/gcc/arm-none-eabi/16.1.0/thumb/v7e-m+fp/hard/libgcc.a(_dvmd_tls.o)

.debug_ranges   0x00000000      0xf10
 .debug_ranges  0x00000000       0x20 build/main.o
 .debug_ranges  0x00000020       0x58 build/stm32f4xx_it.o
 .debug_ranges  0x00000078       0x10 build/stm32f4xx_hal_msp.o
 .debug_ranges  0x00000088      0x128 build/stm32f4xx_hal_i2s.o
 .debug_ranges  0x000001b0       0x90 build/stm32f4xx_hal_i2s_ex.o
 .debug_ranges  0x00000240       0x90 build/stm32f4xx_hal_rcc.o
 .debug_ranges  0x000002d0       0x38 build/stm32f4xx_hal_rcc_ex.o
 .debug_ranges  0x00000308       0x48 build/stm32f4xx_hal_gpio.o
 .debug_ranges  0x00000350       0xc8 build/stm32f4xx_hal_cortex.o
 .debug_ranges  0x00000418       0xe0 build/stm32f4xx_hal.o
 .debug_ranges  0x000004f8      0x3c0 build/stm32f4xx_hal_tim.o
 .debug_ranges  0x000008b8      0x158 build/stm32f4xx_hal_tim_ex.o
 .debug_ranges  0x00000a10       0x18 build/system_stm32f4xx.o
 .debug_ranges  0x00000a28       0x10 build/gpio.o
 .debug_ranges  0x00000a38       0x20 build/i2s.o
 .debug_ranges  0x00000a58       0x20 build/spi.o
 .debug_ranges  0x00000a78      0x1c0 build/stm32f4xx_hal_spi.o
 .debug_ranges  0x00000c38       0x30 build/tim.o
 .debug_ranges  0x00000c68       0x20 build/startup_stm32f401xc.o
 .debug_ranges  0x00000c88       0x68 build/pwm_audio_sink.o
 .debug_ranges  0x00000cf0       0x10 build/app.o
 .debug_ranges  0x00000d00       0x10 build/hal_callbacks.o
 .debug_ranges  0x00000d10       0x28 build/audio_objects.o
 .debug_ranges  0x00000d38       0x80 build/sd_card.o
 .debug_ranges  0x00000db8       0xf0 build/audio_player.o
 .debug_ranges  0x00000ea8       0x68 build/sample_spooler.o

.debug_line     0x00000000    0x11d18
 .debug_line    0x00000000      0x2ad build/main.o
 .debug_line    0x000002ad      0x248 build/stm32f4xx_it.o
 .debug_line    0x000004f5      0x110 build/stm32f4xx_hal_msp.o
 .debug_line    0x00000605     0x13dd build/stm32f4xx_hal_i2s.o
 .debug_line    0x000019e2      0xfec build/stm32f4xx_hal_i2s_ex.o
 .debug_line    0x000029ce      0xba8 build/stm32f4xx_hal_rcc.o
 .debug_line    0x00003576      0x688 build/stm32f4xx_hal_rcc_ex.o
 .debug_line    0x00003bfe      0x655 build/stm32f4xx_hal_gpio.o
 .debug_line    0x00004253      0x799 build/stm32f4xx_hal_cortex.o
 .debug_line    0x000049ec      0x50a build/stm32f4xx_hal.o
 .debug_line    0x00004ef6     0x43ed build/stm32f4xx_hal_tim.o
 .debug_line    0x000092e3     0x1988 build/stm32f4xx_hal_tim_ex.o
 .debug_line    0x0000ac6b      0x1f5 build/system_stm32f4xx.o
 .debug_line    0x0000ae60      0x193 build/gpio.o
 .debug_line    0x0000aff3      0x2d7 build/i2s.o
 .debug_line    0x0000b2ca      0x299 build/spi.o
 .debug_line    0x0000b563     0x2414 build/stm32f4xx_hal_spi.o
 .debug_line    0x0000d977      0x422 build/tim.o
 .debug_line    0x0000dd99       0x73 build/startup_stm32f401xc.o
 .debug_line    0x0000de0c      0x762 build/pwm_audio_sink.o
 .debug_line    0x0000e56e      0x2ab build/app.o
 .debug_line    0x0000e819      0x198 build/hal_callbacks.o
 .debug_line    0x0000e9b1      0x3e7 build/audio_objects.o
 .debug_line    0x0000ed98      0x68e build/sd_card.o
 .debug_line    0x0000f426      0x788 build/audio_player.o
 .debug_line    0x0000fbae      0x3d0 build/sample_spooler.o
 .debug_line    0x0000ff7e      0x10d /usr/lib/gcc/arm-none-eabi/16.1.0/../../../../arm-none-eabi/lib/thumb/v7e-m+fp/hard/libstdc++_nano.a(del_ops.o)
 .debug_line    0x0001008b      0x1de /usr/lib/gcc/arm-none-eabi/16.1.0/../../../../arm-none-eabi/lib/thumb/v7e-m+fp/hard/libstdc++_nano.a(del_op.o)
 .debug_line    0x00010269      0x19e /usr/lib/gcc/arm-none-eabi/16.1.0/../../../../arm-none-eabi/lib/thumb/v7e-m+fp/hard/libc_nano.a(libc_a-malloc.o)
 .debug_line    0x00010407      0x490 /usr/lib/gcc/arm-none-eabi/16.1.0/../../../../arm-none-eabi/lib/thumb/v7e-m+fp/hard/libc_nano.a(libc_a-mallocr.o)
 .debug_line    0x00010897      0x18a /usr/lib/gcc/arm-none-eabi/16.1.0/../../../../arm-none-eabi/lib/thumb/v7e-m+fp/hard/libc_nano.a(libc_a-mlock.o)
 .debug_line    0x00010a21      0x580 /usr/lib/gcc/arm-none-eabi/16.1.0/../../../../arm-none-eabi/lib/thumb/v7e-m+fp/hard/libc_nano.a(libc_a-findfp.o)
 .debug_line    0x00010fa1      0x12e /usr/lib/gcc/arm-none-eabi/16.1.0/../../../../arm-none-eabi/lib/thumb/v7e-m+fp/hard/libc_nano.a(libc_a-memset.o)
 .debug_line    0x000110cf      0x108 /usr/lib/gcc/arm-none-eabi/16.1.0/../../../../arm-none-eabi/lib/thumb/v7e-m+fp/hard/libc_nano.a(libc_a-impure.o)
 .debug_line    0x000111d7      0x117 /usr/lib/gcc/arm-none-eabi/16.1.0/../../../../arm-none-eabi/lib/thumb/v7e-m+fp/hard/libc_nano.a(libc_a-init.o)
 .debug_line    0x000112ee      0x17d /usr/lib/gcc/arm-none-eabi/16.1.0/../../../../arm-none-eabi/lib/thumb/v7e-m+fp/hard/libc_nano.a(libc_a-lock.o)
 .debug_line    0x0001146b      0x2b0 /usr/lib/gcc/arm-none-eabi/16.1.0/../../../../arm-none-eabi/lib/thumb/v7e-m+fp/hard/libc_nano.a(libc_a-freer.o)
 .debug_line    0x0001171b       0x4e /usr/lib/gcc/arm-none-eabi/16.1.0/thumb/v7e-m+fp/hard/libgcc.a(_aeabi_uldivmod.o)
 .debug_line    0x00011769      0x565 /usr/lib/gcc/arm-none-eabi/16.1.0/thumb/v7e-m+fp/hard/libgcc.a(_udivmoddi4.o)
 .debug_line    0x00011cce       0x4a /usr/lib/gcc/arm-none-eabi/16.1.0/thumb/v7e-m+fp/hard/libgcc.a(_dvmd_tls.o)

.debug_str      0x00000000     0x6f60
 .debug_str     0x00000000     0x6f60 build/main.o
                                0x513 (size before relaxing)
 .debug_str     0x00006f60        0x0 build/stm32f4xx_it.o
                                0x7c3 (size before relaxing)
 .debug_str     0x00006f60        0x0 build/stm32f4xx_hal_msp.o
                                0x303 (size before relaxing)
 .debug_str     0x00006f60        0x0 build/stm32f4xx_hal_i2s.o
                                0x934 (size before relaxing)
 .debug_str     0x00006f60        0x0 build/stm32f4xx_hal_i2s_ex.o
                                0x855 (size before relaxing)
 .debug_str     0x00006f60        0x0 build/stm32f4xx_hal_rcc.o
                                0x6fc (size before relaxing)
 .debug_str     0x00006f60        0x0 build/stm32f4xx_hal_rcc_ex.o
                                0x4ce (size before relaxing)
 .debug_str     0x00006f60        0x0 build/stm32f4xx_hal_gpio.o
                                0x4d6 (size before relaxing)
 .debug_str     0x00006f60        0x0 build/stm32f4xx_hal_cortex.o
                                0xaae (size before relaxing)
 .debug_str     0x00006f60        0x0 build/stm32f4xx_hal.o
                                0x9f8 (size before relaxing)
 .debug_str     0x00006f60        0x0 build/stm32f4xx_hal_tim.o
                               0x16d3 (size before relaxing)
 .debug_str     0x00006f60        0x0 build/stm32f4xx_hal_tim_ex.o
                                0xeef (size before relaxing)
 .debug_str     0x00006f60        0x0 build/system_stm32f4xx.o
                                0x36b (size before relaxing)
 .debug_str     0x00006f60        0x0 build/gpio.o
                                0x3ae (size before relaxing)
 .debug_str     0x00006f60        0x0 build/i2s.o
                                0x8d7 (size before relaxing)
 .debug_str     0x00006f60        0x0 build/spi.o
                                0x83b (size before relaxing)
 .debug_str     0x00006f60        0x0 build/stm32f4xx_hal_spi.o
                                0xbde (size before relaxing)
 .debug_str     0x00006f60        0x0 build/tim.o
                                0xeb4 (size before relaxing)
 .debug_str     0x00006f60        0x0 build/startup_stm32f401xc.o
                                 0x6f (size before relaxing)
 .debug_str     0x00006f60        0x0 build/pwm_audio_sink.o
                               0x1c95 (size before relaxing)
 .debug_str     0x00006f60        0x0 build/app.o
                                0xdf5 (size before relaxing)
 .debug_str     0x00006f60        0x0 build/hal_callbacks.o
                                0x8ad (size before relaxing)
 .debug_str     0x00006f60        0x0 build/audio_objects.o
                               0x1af3 (size before relaxing)
 .debug_str     0x00006f60        0x0 build/sd_card.o
                                0xdc5 (size before relaxing)
 .debug_str     0x00006f60        0x0 build/audio_player.o
                                0xcb3 (size before relaxing)
 .debug_str     0x00006f60        0x0 build/sample_spooler.o
                                0x6d4 (size before relaxing)
 .debug_str     0x00006f60        0x0 /usr/lib/gcc/arm-none-eabi/16.1.0/../../../../arm-none-eabi/lib/thumb/v7e-m+fp/hard/libstdc++_nano.a(del_ops.o)
                                0x1b3 (size before relaxing)
 .debug_str     0x00006f60        0x0 /usr/lib/gcc/arm-none-eabi/16.1.0/../../../../arm-none-eabi/lib/thumb/v7e-m+fp/hard/libstdc++_nano.a(del_op.o)
                                0x33d (size before relaxing)
 .debug_str     0x00006f60        0x0 /usr/lib/gcc/arm-none-eabi/16.1.0/../../../../arm-none-eabi/lib/thumb/v7e-m+fp/hard/libc_nano.a(libc_a-malloc.o)
                                0x504 (size before relaxing)
 .debug_str     0x00006f60        0x0 /usr/lib/gcc/arm-none-eabi/16.1.0/../../../../arm-none-eabi/lib/thumb/v7e-m+fp/hard/libc_nano.a(libc_a-mallocr.o)
                                0x5c0 (size before relaxing)
 .debug_str     0x00006f60        0x0 /usr/lib/gcc/arm-none-eabi/16.1.0/../../../../arm-none-eabi/lib/thumb/v7e-m+fp/hard/libc_nano.a(libc_a-mlock.o)
                                0x561 (size before relaxing)
 .debug_str     0x00006f60        0x0 /usr/lib/gcc/arm-none-eabi/16.1.0/../../../../arm-none-eabi/lib/thumb/v7e-m+fp/hard/libc_nano.a(libc_a-findfp.o)
                                0x762 (size before relaxing)
 .debug_str     0x00006f60        0x0 /usr/lib/gcc/arm-none-eabi/16.1.0/../../../../arm-none-eabi/lib/thumb/v7e-m+fp/hard/libc_nano.a(libc_a-memset.o)
                                0x1bf (size before relaxing)
 .debug_str     0x00006f60        0x0 /usr/lib/gcc/arm-none-eabi/16.1.0/../../../../arm-none-eabi/lib/thumb/v7e-m+fp/hard/libc_nano.a(libc_a-impure.o)
                                0x4df (size before relaxing)
 .debug_str     0x00006f60        0x0 /usr/lib/gcc/arm-none-eabi/16.1.0/../../../../arm-none-eabi/lib/thumb/v7e-m+fp/hard/libc_nano.a(libc_a-init.o)
                                0x220 (size before relaxing)
 .debug_str     0x00006f60        0x0 /usr/lib/gcc/arm-none-eabi/16.1.0/../../../../arm-none-eabi/lib/thumb/v7e-m+fp/hard/libc_nano.a(libc_a-lock.o)
                                0x356 (size before relaxing)
 .debug_str     0x00006f60        0x0 /usr/lib/gcc/arm-none-eabi/16.1.0/../../../../arm-none-eabi/lib/thumb/v7e-m+fp/hard/libc_nano.a(libc_a-freer.o)
                                0x55f (size before relaxing)
 .debug_str     0x00006f60        0x0 /usr/lib/gcc/arm-none-eabi/16.1.0/thumb/v7e-m+fp/hard/libgcc.a(_aeabi_uldivmod.o)
                                 0x9e (size before relaxing)
 .debug_str     0x00006f60        0x0 /usr/lib/gcc/arm-none-eabi/16.1.0/thumb/v7e-m+fp/hard/libgcc.a(_udivmoddi4.o)
                                0x697 (size before relaxing)
 .debug_str     0x00006f60        0x0 /usr/lib/gcc/arm-none-eabi/16.1.0/thumb/v7e-m+fp/hard/libgcc.a(_dvmd_tls.o)
                                 0xbe (size before relaxing)

.comment        0x00000000       0x1e
 .comment       0x00000000       0x1e build/main.o
                                 0x1f (size before relaxing)
 .comment       0x0000001e        0x0 build/stm32f4xx_it.o
                                 0x1f (size before relaxing)
 .comment       0x0000001e        0x0 build/stm32f4xx_hal_msp.o
                                 0x1f (size before relaxing)
 .comment       0x0000001e        0x0 build/stm32f4xx_hal_i2s.o
                                 0x1f (size before relaxing)
 .comment       0x0000001e        0x0 build/stm32f4xx_hal_i2s_ex.o
                                 0x1f (size before relaxing)
 .comment       0x0000001e        0x0 build/stm32f4xx_hal_rcc.o
                                 0x1f (size before relaxing)
 .comment       0x0000001e        0x0 build/stm32f4xx_hal_rcc_ex.o
                                 0x1f (size before relaxing)
 .comment       0x0000001e        0x0 build/stm32f4xx_hal_gpio.o
                                 0x1f (size before relaxing)
 .comment       0x0000001e        0x0 build/stm32f4xx_hal_cortex.o
                                 0x1f (size before relaxing)
 .comment       0x0000001e        0x0 build/stm32f4xx_hal.o
                                 0x1f (size before relaxing)
 .comment       0x0000001e        0x0 build/stm32f4xx_hal_tim.o
                                 0x1f (size before relaxing)
 .comment       0x0000001e        0x0 build/stm32f4xx_hal_tim_ex.o
                                 0x1f (size before relaxing)
 .comment       0x0000001e        0x0 build/system_stm32f4xx.o
                                 0x1f (size before relaxing)
 .comment       0x0000001e        0x0 build/gpio.o
                                 0x1f (size before relaxing)
 .comment       0x0000001e        0x0 build/i2s.o
                                 0x1f (size before relaxing)
 .comment       0x0000001e        0x0 build/spi.o
                                 0x1f (size before relaxing)
 .comment       0x0000001e        0x0 build/stm32f4xx_hal_spi.o
                                 0x1f (size before relaxing)
 .comment       0x0000001e        0x0 build/tim.o
                                 0x1f (size before relaxing)
 .comment       0x0000001e        0x0 build/pwm_audio_sink.o
                                 0x1f (size before relaxing)
 .comment       0x0000001e        0x0 build/app.o
                                 0x1f (size before relaxing)
 .comment       0x0000001e        0x0 build/hal_callbacks.o
                                 0x1f (size before relaxing)
 .comment       0x0000001e        0x0 build/audio_objects.o
                                 0x1f (size before relaxing)
 .comment       0x0000001e        0x0 build/sd_card.o
                                 0x1f (size before relaxing)
 .comment       0x0000001e        0x0 build/audio_player.o
                                 0x1f (size before relaxing)
 .comment       0x0000001e        0x0 build/sample_spooler.o
                                 0x1f (size before relaxing)
 .comment       0x0000001e        0x0 /usr/lib/gcc/arm-none-eabi/16.1.0/../../../../arm-none-eabi/lib/thumb/v7e-m+fp/hard/libstdc++_nano.a(del_ops.o)
                                 0x1f (size before relaxing)
 .comment       0x0000001e        0x0 /usr/lib/gcc/arm-none-eabi/16.1.0/../../../../arm-none-eabi/lib/thumb/v7e-m+fp/hard/libstdc++_nano.a(del_op.o)
                                 0x1f (size before relaxing)
 .comment       0x0000001e        0x0 /usr/lib/gcc/arm-none-eabi/16.1.0/../../../../arm-none-eabi/lib/thumb/v7e-m+fp/hard/libc_nano.a(libc_a-malloc.o)
                                 0x1f (size before relaxing)
 .comment       0x0000001e        0x0 /usr/lib/gcc/arm-none-eabi/16.1.0/../../../../arm-none-eabi/lib/thumb/v7e-m+fp/hard/libc_nano.a(libc_a-mallocr.o)
                                 0x1f (size before relaxing)
 .comment       0x0000001e        0x0 /usr/lib/gcc/arm-none-eabi/16.1.0/../../../../arm-none-eabi/lib/thumb/v7e-m+fp/hard/libc_nano.a(libc_a-mlock.o)
                                 0x1f (size before relaxing)
 .comment       0x0000001e        0x0 /usr/lib/gcc/arm-none-eabi/16.1.0/../../../../arm-none-eabi/lib/thumb/v7e-m+fp/hard/libc_nano.a(libc_a-findfp.o)
                                 0x1f (size before relaxing)
 .comment       0x0000001e        0x0 /usr/lib/gcc/arm-none-eabi/16.1.0/../../../../arm-none-eabi/lib/thumb/v7e-m+fp/hard/libc_nano.a(libc_a-memset.o)
                                 0x1f (size before relaxing)
 .comment       0x0000001e        0x0 /usr/lib/gcc/arm-none-eabi/16.1.0/../../../../arm-none-eabi/lib/thumb/v7e-m+fp/hard/libc_nano.a(libc_a-impure.o)
                                 0x1f (size before relaxing)
 .comment       0x0000001e        0x0 /usr/lib/gcc/arm-none-eabi/16.1.0/../../../../arm-none-eabi/lib/thumb/v7e-m+fp/hard/libc_nano.a(libc_a-init.o)
                                 0x1f (size before relaxing)
 .comment       0x0000001e        0x0 /usr/lib/gcc/arm-none-eabi/16.1.0/../../../../arm-none-eabi/lib/thumb/v7e-m+fp/hard/libc_nano.a(libc_a-lock.o)
                                 0x1f (size before relaxing)
 .comment       0x0000001e        0x0 /usr/lib/gcc/arm-none-eabi/16.1.0/../../../../arm-none-eabi/lib/thumb/v7e-m+fp/hard/libc_nano.a(libc_a-freer.o)
                                 0x1f (size before relaxing)
 .comment       0x0000001e        0x0 /usr/lib/gcc/arm-none-eabi/16.1.0/thumb/v7e-m+fp/hard/libgcc.a(_udivmoddi4.o)
                                 0x1f (size before relaxing)

.debug_frame    0x00000000     0x2b70
 .debug_frame   0x00000000       0x5c build/main.o
 .debug_frame   0x0000005c       0xc0 build/stm32f4xx_it.o
 .debug_frame   0x0000011c       0x28 build/stm32f4xx_hal_msp.o
 .debug_frame   0x00000144      0x2e4 build/stm32f4xx_hal_i2s.o
 .debug_frame   0x00000428      0x188 build/stm32f4xx_hal_i2s_ex.o
 .debug_frame   0x000005b0      0x158 build/stm32f4xx_hal_rcc.o
 .debug_frame   0x00000708       0xa4 build/stm32f4xx_hal_rcc_ex.o
 .debug_frame   0x000007ac       0xd0 build/stm32f4xx_hal_gpio.o
 .debug_frame   0x0000087c      0x1cc build/stm32f4xx_hal_cortex.o
 .debug_frame   0x00000a48      0x1ec build/stm32f4xx_hal.o
 .debug_frame   0x00000c34      0xaac build/stm32f4xx_hal_tim.o
 .debug_frame   0x000016e0      0x3e8 build/stm32f4xx_hal_tim_ex.o
 .debug_frame   0x00001ac8       0x30 build/system_stm32f4xx.o
 .debug_frame   0x00001af8       0x38 build/gpio.o
 .debug_frame   0x00001b30       0x60 build/i2s.o
 .debug_frame   0x00001b90       0x60 build/spi.o
 .debug_frame   0x00001bf0      0x59c build/stm32f4xx_hal_spi.o
 .debug_frame   0x0000218c       0xa8 build/tim.o
 .debug_frame   0x00002234      0x118 build/pwm_audio_sink.o
 .debug_frame   0x0000234c       0x28 build/app.o
 .debug_frame   0x00002374       0x28 build/hal_callbacks.o
 .debug_frame   0x0000239c       0x68 build/audio_objects.o
 .debug_frame   0x00002404      0x11c build/sd_card.o
 .debug_frame   0x00002520      0x1b8 build/audio_player.o
 .debug_frame   0x000026d8       0xd0 build/sample_spooler.o
 .debug_frame   0x000027a8       0x20 /usr/lib/gcc/arm-none-eabi/16.1.0/../../../../arm-none-eabi/lib/thumb/v7e-m+fp/hard/libstdc++_nano.a(del_ops.o)
 .debug_frame   0x000027c8       0x20 /usr/lib/gcc/arm-none-eabi/16.1.0/../../../../arm-none-eabi/lib/thumb/v7e-m+fp/hard/libstdc++_nano.a(del_op.o)
 .debug_frame   0x000027e8       0x30 /usr/lib/gcc/arm-none-eabi/16.1.0/../../../../arm-none-eabi/lib/thumb/v7e-m+fp/hard/libc_nano.a(libc_a-malloc.o)
 .debug_frame   0x00002818       0x50 /usr/lib/gcc/arm-none-eabi/16.1.0/../../../../arm-none-eabi/lib/thumb/v7e-m+fp/hard/libc_nano.a(libc_a-mallocr.o)
 .debug_frame   0x00002868       0x30 /usr/lib/gcc/arm-none-eabi/16.1.0/../../../../arm-none-eabi/lib/thumb/v7e-m+fp/hard/libc_nano.a(libc_a-mlock.o)
 .debug_frame   0x00002898      0x144 /usr/lib/gcc/arm-none-eabi/16.1.0/../../../../arm-none-eabi/lib/thumb/v7e-m+fp/hard/libc_nano.a(libc_a-findfp.o)
 .debug_frame   0x000029dc       0x20 /usr/lib/gcc/arm-none-eabi/16.1.0/../../../../arm-none-eabi/lib/thumb/v7e-m+fp/hard/libc_nano.a(libc_a-memset.o)
 .debug_frame   0x000029fc       0x2c /usr/lib/gcc/arm-none-eabi/16.1.0/../../../../arm-none-eabi/lib/thumb/v7e-m+fp/hard/libc_nano.a(libc_a-init.o)
 .debug_frame   0x00002a28       0xb0 /usr/lib/gcc/arm-none-eabi/16.1.0/../../../../arm-none-eabi/lib/thumb/v7e-m+fp/hard/libc_nano.a(libc_a-lock.o)
 .debug_frame   0x00002ad8       0x38 /usr/lib/gcc/arm-none-eabi/16.1.0/../../../../arm-none-eabi/lib/thumb/v7e-m+fp/hard/libc_nano.a(libc_a-freer.o)
 .debug_frame   0x00002b10       0x2c /usr/lib/gcc/arm-none-eabi/16.1.0/thumb/v7e-m+fp/hard/libgcc.a(_aeabi_uldivmod.o)
 .debug_frame   0x00002b3c       0x34 /usr/lib/gcc/arm-none-eabi/16.1.0/thumb/v7e-m+fp/hard/libgcc.a(_udivmoddi4.o)

.debug_loclists
                0x00000000     0x1125
 .debug_loclists
                0x00000000       0x29 /usr/lib/gcc/arm-none-eabi/16.1.0/../../../../arm-none-eabi/lib/thumb/v7e-m+fp/hard/libstdc++_nano.a(del_ops.o)
 .debug_loclists
                0x00000029       0x29 /usr/lib/gcc/arm-none-eabi/16.1.0/../../../../arm-none-eabi/lib/thumb/v7e-m+fp/hard/libstdc++_nano.a(del_op.o)
 .debug_loclists
                0x00000052       0x54 /usr/lib/gcc/arm-none-eabi/16.1.0/../../../../arm-none-eabi/lib/thumb/v7e-m+fp/hard/libc_nano.a(libc_a-malloc.o)
 .debug_loclists
                0x000000a6      0x20c /usr/lib/gcc/arm-none-eabi/16.1.0/../../../../arm-none-eabi/lib/thumb/v7e-m+fp/hard/libc_nano.a(libc_a-mallocr.o)
 .debug_loclists
                0x000002b2       0x46 /usr/lib/gcc/arm-none-eabi/16.1.0/../../../../arm-none-eabi/lib/thumb/v7e-m+fp/hard/libc_nano.a(libc_a-mlock.o)
 .debug_loclists
                0x000002f8      0x300 /usr/lib/gcc/arm-none-eabi/16.1.0/../../../../arm-none-eabi/lib/thumb/v7e-m+fp/hard/libc_nano.a(libc_a-findfp.o)
 .debug_loclists
                0x000005f8       0x4d /usr/lib/gcc/arm-none-eabi/16.1.0/../../../../arm-none-eabi/lib/thumb/v7e-m+fp/hard/libc_nano.a(libc_a-memset.o)
 .debug_loclists
                0x00000645       0x48 /usr/lib/gcc/arm-none-eabi/16.1.0/../../../../arm-none-eabi/lib/thumb/v7e-m+fp/hard/libc_nano.a(libc_a-init.o)
 .debug_loclists
                0x0000068d       0x29 /usr/lib/gcc/arm-none-eabi/16.1.0/../../../../arm-none-eabi/lib/thumb/v7e-m+fp/hard/libc_nano.a(libc_a-lock.o)
 .debug_loclists
                0x000006b6       0xda /usr/lib/gcc/arm-none-eabi/16.1.0/../../../../arm-none-eabi/lib/thumb/v7e-m+fp/hard/libc_nano.a(libc_a-freer.o)
 .debug_loclists
                0x00000790      0x995 /usr/lib/gcc/arm-none-eabi/16.1.0/thumb/v7e-m+fp/hard/libgcc.a(_udivmoddi4.o)

.debug_rnglists
                0x00000000      0x1ee
 .debug_rnglists
                0x00000000       0x13 /usr/lib/gcc/arm-none-eabi/16.1.0/../../../../arm-none-eabi/lib/thumb/v7e-m+fp/hard/libstdc++_nano.a(del_ops.o)
 .debug_rnglists
                0x00000013       0x13 /usr/lib/gcc/arm-none-eabi/16.1.0/../../../../arm-none-eabi/lib/thumb/v7e-m+fp/hard/libstdc++_nano.a(del_op.o)
 .debug_rnglists
                0x00000026       0x19 /usr/lib/gcc/arm-none-eabi/16.1.0/../../../../arm-none-eabi/lib/thumb/v7e-m+fp/hard/libc_nano.a(libc_a-malloc.o)
 .debug_rnglists
                0x0000003f       0x2c /usr/lib/gcc/arm-none-eabi/16.1.0/../../../../arm-none-eabi/lib/thumb/v7e-m+fp/hard/libc_nano.a(libc_a-mallocr.o)
 .debug_rnglists
                0x0000006b       0x19 /usr/lib/gcc/arm-none-eabi/16.1.0/../../../../arm-none-eabi/lib/thumb/v7e-m+fp/hard/libc_nano.a(libc_a-mlock.o)
 .debug_rnglists
                0x00000084       0x6e /usr/lib/gcc/arm-none-eabi/16.1.0/../../../../arm-none-eabi/lib/thumb/v7e-m+fp/hard/libc_nano.a(libc_a-findfp.o)
 .debug_rnglists
                0x000000f2       0x13 /usr/lib/gcc/arm-none-eabi/16.1.0/../../../../arm-none-eabi/lib/thumb/v7e-m+fp/hard/libc_nano.a(libc_a-memset.o)
 .debug_rnglists
                0x00000105       0x13 /usr/lib/gcc/arm-none-eabi/16.1.0/../../../../arm-none-eabi/lib/thumb/v7e-m+fp/hard/libc_nano.a(libc_a-init.o)
 .debug_rnglists
                0x00000118       0x49 /usr/lib/gcc/arm-none-eabi/16.1.0/../../../../arm-none-eabi/lib/thumb/v7e-m+fp/hard/libc_nano.a(libc_a-lock.o)
 .debug_rnglists
                0x00000161       0x20 /usr/lib/gcc/arm-none-eabi/16.1.0/../../../../arm-none-eabi/lib/thumb/v7e-m+fp/hard/libc_nano.a(libc_a-freer.o)
 .debug_rnglists
                0x00000181       0x6d /usr/lib/gcc/arm-none-eabi/16.1.0/thumb/v7e-m+fp/hard/libgcc.a(_udivmoddi4.o)

.debug_line_str
                0x00000000       0x9e
 .debug_line_str
                0x00000000       0x9e /usr/lib/gcc/arm-none-eabi/16.1.0/thumb/v7e-m+fp/hard/libgcc.a(_aeabi_uldivmod.o)
                                 0x92 (size before relaxing)
 .debug_line_str
                0x0000009e        0x0 /usr/lib/gcc/arm-none-eabi/16.1.0/thumb/v7e-m+fp/hard/libgcc.a(_dvmd_tls.o)
                                 0x96 (size before relaxing)

Cross Reference Table

Symbol                                            File
ADC_IRQHandler                                    build/startup_stm32f401xc.o
AHBPrescTable                                     build/system_stm32f4xx.o
                                                  build/stm32f4xx_hal_rcc.o
APBPrescTable                                     build/system_stm32f4xx.o
                                                  build/stm32f4xx_hal_rcc.o
AudioPlayer::AudioPlayer(StorageDevice&, AudioSink&) build/audio_player.o
AudioPlayer::AudioPlayer(StorageDevice&, AudioSink&) build/audio_player.o
                                                  build/audio_objects.o
AudioPlayer::clearPlaybackState()                 build/audio_player.o
AudioPlayer::enterError()                         build/audio_player.o
AudioPlayer::enterFinished()                      build/audio_player.o
AudioPlayer::enterPlayback()                      build/audio_player.o
AudioPlayer::enterUnderrun()                      build/audio_player.o
AudioPlayer::errorHandler()                       build/audio_player.o
AudioPlayer::getState() const                     build/audio_player.o
                                                  build/app.o
AudioPlayer::hasUnderrun() const                  build/audio_player.o
                                                  build/app.o
AudioPlayer::init()                               build/audio_player.o
AudioPlayer::isActive() const                     build/audio_player.o
AudioPlayer::isFinished() const                   build/audio_player.o
AudioPlayer::isPlaying() const                    build/audio_player.o
AudioPlayer::refillOneBuffer(unsigned char)       build/audio_player.o
AudioPlayer::service()                            build/audio_player.o
                                                  build/app.o
AudioPlayer::servicePlayback()                    build/audio_player.o
AudioPlayer::servicePrepare()                     build/audio_player.o
AudioPlayer::start(unsigned long, unsigned long, unsigned short) build/audio_player.o
                                                  build/app.o
AudioPlayer::stop()                               build/audio_player.o
                                                  build/app.o
BusFault_Handler                                  build/stm32f4xx_it.o
DMA1_Stream0_IRQHandler                           build/startup_stm32f401xc.o
DMA1_Stream1_IRQHandler                           build/startup_stm32f401xc.o
DMA1_Stream2_IRQHandler                           build/startup_stm32f401xc.o
DMA1_Stream3_IRQHandler                           build/startup_stm32f401xc.o
DMA1_Stream4_IRQHandler                           build/startup_stm32f401xc.o
DMA1_Stream5_IRQHandler                           build/startup_stm32f401xc.o
DMA1_Stream6_IRQHandler                           build/startup_stm32f401xc.o
DMA1_Stream7_IRQHandler                           build/startup_stm32f401xc.o
DMA2_Stream0_IRQHandler                           build/startup_stm32f401xc.o
DMA2_Stream1_IRQHandler                           build/startup_stm32f401xc.o
DMA2_Stream2_IRQHandler                           build/startup_stm32f401xc.o
DMA2_Stream3_IRQHandler                           build/startup_stm32f401xc.o
DMA2_Stream4_IRQHandler                           build/startup_stm32f401xc.o
DMA2_Stream5_IRQHandler                           build/startup_stm32f401xc.o
DMA2_Stream6_IRQHandler                           build/startup_stm32f401xc.o
DMA2_Stream7_IRQHandler                           build/startup_stm32f401xc.o
DebugMon_Handler                                  build/stm32f4xx_it.o
Default_Handler                                   build/startup_stm32f401xc.o
EXTI0_IRQHandler                                  build/startup_stm32f401xc.o
EXTI15_10_IRQHandler                              build/startup_stm32f401xc.o
EXTI1_IRQHandler                                  build/startup_stm32f401xc.o
EXTI2_IRQHandler                                  build/startup_stm32f401xc.o
EXTI3_IRQHandler                                  build/startup_stm32f401xc.o
EXTI4_IRQHandler                                  build/startup_stm32f401xc.o
EXTI9_5_IRQHandler                                build/startup_stm32f401xc.o
Error_Handler                                     build/main.o
                                                  build/tim.o
                                                  build/spi.o
                                                  build/i2s.o
FLASH_Erase_Sector                                build/stm32f4xx_hal_flash_ex.o
                                                  build/stm32f4xx_hal_flash.o
FLASH_FlushCaches                                 build/stm32f4xx_hal_flash_ex.o
                                                  build/stm32f4xx_hal_flash.o
FLASH_IRQHandler                                  build/startup_stm32f401xc.o
FLASH_WaitForLastOperation                        build/stm32f4xx_hal_flash.o
                                                  build/stm32f4xx_hal_flash_ex.o
FPU_IRQHandler                                    build/startup_stm32f401xc.o
HAL_DBGMCU_DisableDBGSleepMode                    build/stm32f4xx_hal.o
HAL_DBGMCU_DisableDBGStandbyMode                  build/stm32f4xx_hal.o
HAL_DBGMCU_DisableDBGStopMode                     build/stm32f4xx_hal.o
HAL_DBGMCU_EnableDBGSleepMode                     build/stm32f4xx_hal.o
HAL_DBGMCU_EnableDBGStandbyMode                   build/stm32f4xx_hal.o
HAL_DBGMCU_EnableDBGStopMode                      build/stm32f4xx_hal.o
HAL_DMAEx_ChangeMemory                            build/stm32f4xx_hal_dma_ex.o
HAL_DMAEx_MultiBufferStart                        build/stm32f4xx_hal_dma_ex.o
HAL_DMAEx_MultiBufferStart_IT                     build/stm32f4xx_hal_dma_ex.o
HAL_DMA_Abort                                     build/stm32f4xx_hal_dma.o
                                                  build/stm32f4xx_hal_spi.o
                                                  build/stm32f4xx_hal_i2s.o
HAL_DMA_Abort_IT                                  build/stm32f4xx_hal_dma.o
                                                  build/stm32f4xx_hal_spi.o
                                                  build/stm32f4xx_hal_tim_ex.o
                                                  build/stm32f4xx_hal_tim.o
HAL_DMA_DeInit                                    build/stm32f4xx_hal_dma.o
HAL_DMA_GetError                                  build/stm32f4xx_hal_dma.o
HAL_DMA_GetState                                  build/stm32f4xx_hal_dma.o
HAL_DMA_IRQHandler                                build/stm32f4xx_hal_dma.o
HAL_DMA_Init                                      build/stm32f4xx_hal_dma.o
HAL_DMA_PollForTransfer                           build/stm32f4xx_hal_dma.o
HAL_DMA_RegisterCallback                          build/stm32f4xx_hal_dma.o
HAL_DMA_Start                                     build/stm32f4xx_hal_dma.o
HAL_DMA_Start_IT                                  build/stm32f4xx_hal_dma.o
                                                  build/stm32f4xx_hal_spi.o
                                                  build/stm32f4xx_hal_tim_ex.o
                                                  build/stm32f4xx_hal_tim.o
                                                  build/stm32f4xx_hal_i2s_ex.o
                                                  build/stm32f4xx_hal_i2s.o
HAL_DMA_UnRegisterCallback                        build/stm32f4xx_hal_dma.o
HAL_DeInit                                        build/stm32f4xx_hal.o
HAL_Delay                                         build/stm32f4xx_hal.o
                                                  build/sd_card.o
HAL_DisableCompensationCell                       build/stm32f4xx_hal.o
HAL_EXTI_ClearConfigLine                          build/stm32f4xx_hal_exti.o
HAL_EXTI_ClearPending                             build/stm32f4xx_hal_exti.o
HAL_EXTI_GenerateSWI                              build/stm32f4xx_hal_exti.o
HAL_EXTI_GetConfigLine                            build/stm32f4xx_hal_exti.o
HAL_EXTI_GetHandle                                build/stm32f4xx_hal_exti.o
HAL_EXTI_GetPending                               build/stm32f4xx_hal_exti.o
HAL_EXTI_IRQHandler                               build/stm32f4xx_hal_exti.o
HAL_EXTI_RegisterCallback                         build/stm32f4xx_hal_exti.o
HAL_EXTI_SetConfigLine                            build/stm32f4xx_hal_exti.o
HAL_EnableCompensationCell                        build/stm32f4xx_hal.o
HAL_FLASHEx_AdvOBGetConfig                        build/stm32f4xx_hal_flash_ex.o
HAL_FLASHEx_AdvOBProgram                          build/stm32f4xx_hal_flash_ex.o
HAL_FLASHEx_Erase                                 build/stm32f4xx_hal_flash_ex.o
HAL_FLASHEx_Erase_IT                              build/stm32f4xx_hal_flash_ex.o
HAL_FLASHEx_OBGetConfig                           build/stm32f4xx_hal_flash_ex.o
HAL_FLASHEx_OBProgram                             build/stm32f4xx_hal_flash_ex.o
HAL_FLASHEx_OB_DeSelectPCROP                      build/stm32f4xx_hal_flash_ex.o
HAL_FLASHEx_OB_SelectPCROP                        build/stm32f4xx_hal_flash_ex.o
HAL_FLASH_EndOfOperationCallback                  build/stm32f4xx_hal_flash.o
HAL_FLASH_GetError                                build/stm32f4xx_hal_flash.o
HAL_FLASH_IRQHandler                              build/stm32f4xx_hal_flash.o
HAL_FLASH_Lock                                    build/stm32f4xx_hal_flash.o
HAL_FLASH_OB_Launch                               build/stm32f4xx_hal_flash.o
HAL_FLASH_OB_Lock                                 build/stm32f4xx_hal_flash.o
HAL_FLASH_OB_Unlock                               build/stm32f4xx_hal_flash.o
HAL_FLASH_OperationErrorCallback                  build/stm32f4xx_hal_flash.o
HAL_FLASH_Program                                 build/stm32f4xx_hal_flash.o
HAL_FLASH_Program_IT                              build/stm32f4xx_hal_flash.o
HAL_FLASH_Unlock                                  build/stm32f4xx_hal_flash.o
HAL_GPIO_DeInit                                   build/stm32f4xx_hal_gpio.o
                                                  build/spi.o
                                                  build/i2s.o
HAL_GPIO_EXTI_Callback                            build/stm32f4xx_hal_gpio.o
HAL_GPIO_EXTI_IRQHandler                          build/stm32f4xx_hal_gpio.o
HAL_GPIO_Init                                     build/stm32f4xx_hal_gpio.o
                                                  build/tim.o
                                                  build/spi.o
                                                  build/i2s.o
                                                  build/gpio.o
                                                  build/stm32f4xx_hal_rcc.o
HAL_GPIO_LockPin                                  build/stm32f4xx_hal_gpio.o
HAL_GPIO_ReadPin                                  build/stm32f4xx_hal_gpio.o
HAL_GPIO_TogglePin                                build/stm32f4xx_hal_gpio.o
HAL_GPIO_WritePin                                 build/stm32f4xx_hal_gpio.o
                                                  build/sd_card.o
                                                  build/gpio.o
HAL_GetDEVID                                      build/stm32f4xx_hal.o
HAL_GetHalVersion                                 build/stm32f4xx_hal.o
HAL_GetREVID                                      build/stm32f4xx_hal.o
HAL_GetTick                                       build/stm32f4xx_hal.o
                                                  build/stm32f4xx_hal_spi.o
                                                  build/stm32f4xx_hal_pwr_ex.o
                                                  build/stm32f4xx_hal_dma.o
                                                  build/stm32f4xx_hal_flash.o
                                                  build/stm32f4xx_hal_rcc_ex.o
                                                  build/stm32f4xx_hal_rcc.o
                                                  build/stm32f4xx_hal_i2s_ex.o
                                                  build/stm32f4xx_hal_i2s.o
HAL_GetTickFreq                                   build/stm32f4xx_hal.o
HAL_GetTickPrio                                   build/stm32f4xx_hal.o
HAL_GetUIDw0                                      build/stm32f4xx_hal.o
HAL_GetUIDw1                                      build/stm32f4xx_hal.o
HAL_GetUIDw2                                      build/stm32f4xx_hal.o
HAL_I2SEx_FullDuplex_IRQHandler                   build/stm32f4xx_hal_i2s_ex.o
                                                  build/stm32f4xx_hal_i2s.o
HAL_I2SEx_TransmitReceive                         build/stm32f4xx_hal_i2s_ex.o
HAL_I2SEx_TransmitReceive_DMA                     build/stm32f4xx_hal_i2s_ex.o
HAL_I2SEx_TransmitReceive_IT                      build/stm32f4xx_hal_i2s_ex.o
HAL_I2SEx_TxRxCpltCallback                        build/stm32f4xx_hal_i2s_ex.o
HAL_I2SEx_TxRxHalfCpltCallback                    build/stm32f4xx_hal_i2s_ex.o
HAL_I2S_DMAPause                                  build/stm32f4xx_hal_i2s.o