Archive member included to satisfy reference by file (symbol)

/usr/lib/gcc/arm-none-eabi/14.1.0/../../../../arm-none-eabi/lib/thumb/v7e-m+fp/hard/libstdc++.a(class_type_info.o)
                              build/main.o (vtable for __cxxabiv1::__class_type_info)
/usr/lib/gcc/arm-none-eabi/14.1.0/../../../../arm-none-eabi/lib/thumb/v7e-m+fp/hard/libstdc++.a(del_ops.o)
                              /usr/lib/gcc/arm-none-eabi/14.1.0/../../../../arm-none-eabi/lib/thumb/v7e-m+fp/hard/libstdc++.a(class_type_info.o) (operator delete(void*, unsigned int))
/usr/lib/gcc/arm-none-eabi/14.1.0/../../../../arm-none-eabi/lib/thumb/v7e-m+fp/hard/libstdc++.a(si_class_type_info.o)
                              build/main.o (vtable for __cxxabiv1::__si_class_type_info)
/usr/lib/gcc/arm-none-eabi/14.1.0/../../../../arm-none-eabi/lib/thumb/v7e-m+fp/hard/libstdc++.a(tinfo.o)
                              /usr/lib/gcc/arm-none-eabi/14.1.0/../../../../arm-none-eabi/lib/thumb/v7e-m+fp/hard/libstdc++.a(class_type_info.o) (std::type_info::~type_info())
/usr/lib/gcc/arm-none-eabi/14.1.0/../../../../arm-none-eabi/lib/thumb/v7e-m+fp/hard/libstdc++.a(del_op.o)
                              /usr/lib/gcc/arm-none-eabi/14.1.0/../../../../arm-none-eabi/lib/thumb/v7e-m+fp/hard/libstdc++.a(del_ops.o) (operator delete(void*))
/usr/lib/gcc/arm-none-eabi/14.1.0/../../../../arm-none-eabi/lib/thumb/v7e-m+fp/hard/libm.a(libm_a-s_sin.o)
                              build/audio_test.o (sin)
/usr/lib/gcc/arm-none-eabi/14.1.0/../../../../arm-none-eabi/lib/thumb/v7e-m+fp/hard/libm.a(libm_a-k_cos.o)
                              /usr/lib/gcc/arm-none-eabi/14.1.0/../../../../arm-none-eabi/lib/thumb/v7e-m+fp/hard/libm.a(libm_a-s_sin.o) (__kernel_cos)
/usr/lib/gcc/arm-none-eabi/14.1.0/../../../../arm-none-eabi/lib/thumb/v7e-m+fp/hard/libm.a(libm_a-k_sin.o)
                              /usr/lib/gcc/arm-none-eabi/14.1.0/../../../../arm-none-eabi/lib/thumb/v7e-m+fp/hard/libm.a(libm_a-s_sin.o) (__kernel_sin)
/usr/lib/gcc/arm-none-eabi/14.1.0/../../../../arm-none-eabi/lib/thumb/v7e-m+fp/hard/libm.a(libm_a-e_rem_pio2.o)
                              /usr/lib/gcc/arm-none-eabi/14.1.0/../../../../arm-none-eabi/lib/thumb/v7e-m+fp/hard/libm.a(libm_a-s_sin.o) (__ieee754_rem_pio2)
/usr/lib/gcc/arm-none-eabi/14.1.0/../../../../arm-none-eabi/lib/thumb/v7e-m+fp/hard/libm.a(libm_a-s_fabs.o)
                              /usr/lib/gcc/arm-none-eabi/14.1.0/../../../../arm-none-eabi/lib/thumb/v7e-m+fp/hard/libm.a(libm_a-e_rem_pio2.o) (fabs)
/usr/lib/gcc/arm-none-eabi/14.1.0/../../../../arm-none-eabi/lib/thumb/v7e-m+fp/hard/libm.a(libm_a-k_rem_pio2.o)
                              /usr/lib/gcc/arm-none-eabi/14.1.0/../../../../arm-none-eabi/lib/thumb/v7e-m+fp/hard/libm.a(libm_a-e_rem_pio2.o) (__kernel_rem_pio2)
/usr/lib/gcc/arm-none-eabi/14.1.0/../../../../arm-none-eabi/lib/thumb/v7e-m+fp/hard/libm.a(libm_a-s_scalbn.o)
                              /usr/lib/gcc/arm-none-eabi/14.1.0/../../../../arm-none-eabi/lib/thumb/v7e-m+fp/hard/libm.a(libm_a-k_rem_pio2.o) (scalbn)
/usr/lib/gcc/arm-none-eabi/14.1.0/../../../../arm-none-eabi/lib/thumb/v7e-m+fp/hard/libm.a(libm_a-s_floor.o)
                              /usr/lib/gcc/arm-none-eabi/14.1.0/../../../../arm-none-eabi/lib/thumb/v7e-m+fp/hard/libm.a(libm_a-k_rem_pio2.o) (floor)
/usr/lib/gcc/arm-none-eabi/14.1.0/../../../../arm-none-eabi/lib/thumb/v7e-m+fp/hard/libc.a(libc_a-atexit.o)
                              /usr/lib/gcc/arm-none-eabi/14.1.0/../../../../arm-none-eabi/lib/thumb/v7e-m+fp/hard/crt0.o (atexit)
/usr/lib/gcc/arm-none-eabi/14.1.0/../../../../arm-none-eabi/lib/thumb/v7e-m+fp/hard/libc.a(libc_a-exit.o)
                              /usr/lib/gcc/arm-none-eabi/14.1.0/../../../../arm-none-eabi/lib/thumb/v7e-m+fp/hard/crt0.o (exit)
/usr/lib/gcc/arm-none-eabi/14.1.0/../../../../arm-none-eabi/lib/thumb/v7e-m+fp/hard/libc.a(libc_a-malloc.o)
                              /usr/lib/gcc/arm-none-eabi/14.1.0/../../../../arm-none-eabi/lib/thumb/v7e-m+fp/hard/libstdc++.a(del_op.o) (free)
/usr/lib/gcc/arm-none-eabi/14.1.0/../../../../arm-none-eabi/lib/thumb/v7e-m+fp/hard/libc.a(libc_a-mallocr.o)
                              /usr/lib/gcc/arm-none-eabi/14.1.0/../../../../arm-none-eabi/lib/thumb/v7e-m+fp/hard/libc.a(libc_a-malloc.o) (_malloc_r)
/usr/lib/gcc/arm-none-eabi/14.1.0/../../../../arm-none-eabi/lib/thumb/v7e-m+fp/hard/libc.a(libc_a-mlock.o)
                              /usr/lib/gcc/arm-none-eabi/14.1.0/../../../../arm-none-eabi/lib/thumb/v7e-m+fp/hard/libc.a(libc_a-mallocr.o) (__malloc_lock)
/usr/lib/gcc/arm-none-eabi/14.1.0/../../../../arm-none-eabi/lib/thumb/v7e-m+fp/hard/libc.a(libc_a-findfp.o)
                              /usr/lib/gcc/arm-none-eabi/14.1.0/../../../../arm-none-eabi/lib/thumb/v7e-m+fp/hard/libc.a(libc_a-exit.o) (__stdio_exit_handler)
/usr/lib/gcc/arm-none-eabi/14.1.0/../../../../arm-none-eabi/lib/thumb/v7e-m+fp/hard/libc.a(libc_a-fwalk.o)
[...]
Memory Configuration

Name             Origin             Length             Attributes
RAM              0x20000000         0x00010000         xrw
FLASH            0x08000000         0x00040000         xr
*default*        0x00000000         0xffffffff

Linker script and memory map

LOAD /usr/lib/gcc/arm-none-eabi/14.1.0/thumb/v7e-m+fp/hard/crti.o
LOAD /usr/lib/gcc/arm-none-eabi/14.1.0/thumb/v7e-m+fp/hard/crtbegin.o
LOAD /usr/lib/gcc/arm-none-eabi/14.1.0/../../../../arm-none-eabi/lib/thumb/v7e-m+fp/hard/crt0.o
LOAD build/main.o
LOAD build/audio.o
LOAD build/concrete_interrupt_handlers.o
LOAD build/audio_test.o
LOAD build/sleep_test.o
LOAD build/stm32f4xx_hal_msp.o
LOAD build/stm32f4xx_it.o
LOAD build/system_stm32f4xx.o
LOAD build/stm32f4xx_hal.o
LOAD build/stm32f4xx_hal_cortex.o
LOAD build/stm32f4xx_hal_dma.o
LOAD build/stm32f4xx_hal_dma_ex.o
LOAD build/stm32f4xx_hal_exti.o
LOAD build/stm32f4xx_hal_flash.o
LOAD build/stm32f4xx_hal_flash_ex.o
LOAD build/stm32f4xx_hal_flash_ramfunc.o
LOAD build/stm32f4xx_hal_gpio.o
LOAD build/stm32f4xx_hal_i2c.o
LOAD build/stm32f4xx_hal_i2c_ex.o
LOAD build/stm32f4xx_hal_i2s.o
LOAD build/stm32f4xx_hal_i2s_ex.o
LOAD build/stm32f4xx_hal_pwr.o
LOAD build/stm32f4xx_hal_pwr_ex.o
LOAD build/stm32f4xx_hal_rcc.o
LOAD build/stm32f4xx_hal_rcc_ex.o
LOAD build/stm32f4xx_hal_rtc.o
LOAD build/stm32f4xx_hal_rtc_ex.o
LOAD build/stm32f4xx_hal_spi.o
LOAD build/stm32f4xx_hal_tim.o
LOAD build/stm32f4xx_hal_tim_ex.o
LOAD build/stm32f4xx_hal_uart.o
LOAD build/startup_stm32f401xc.o
LOAD /usr/lib/gcc/arm-none-eabi/14.1.0/../../../../arm-none-eabi/lib/thumb/v7e-m+fp/hard/libnosys.a
LOAD /usr/lib/gcc/arm-none-eabi/14.1.0/../../../../arm-none-eabi/lib/thumb/v7e-m+fp/hard/libstdc++.a
LOAD /usr/lib/gcc/arm-none-eabi/14.1.0/../../../../arm-none-eabi/lib/thumb/v7e-m+fp/hard/libm.a
LOAD /usr/lib/gcc/arm-none-eabi/14.1.0/../../../../arm-none-eabi/lib/thumb/v7e-m+fp/hard/libc.a
START GROUP
LOAD /usr/lib/gcc/arm-none-eabi/14.1.0/thumb/v7e-m+fp/hard/libgcc.a
LOAD /usr/lib/gcc/arm-none-eabi/14.1.0/../../../../arm-none-eabi/lib/thumb/v7e-m+fp/hard/libc.a
END GROUP
START GROUP
LOAD /usr/lib/gcc/arm-none-eabi/14.1.0/thumb/v7e-m+fp/hard/libgcc.a
LOAD /usr/lib/gcc/arm-none-eabi/14.1.0/../../../../arm-none-eabi/lib/thumb/v7e-m+fp/hard/libc.a
LOAD /usr/lib/gcc/arm-none-eabi/14.1.0/../../../../arm-none-eabi/lib/thumb/v7e-m+fp/hard/libnosys.a
END GROUP
LOAD /usr/lib/gcc/arm-none-eabi/14.1.0/thumb/v7e-m+fp/hard/crtend.o
LOAD /usr/lib/gcc/arm-none-eabi/14.1.0/thumb/v7e-m+fp/hard/crtn.o
                0x20010000                        _estack = (ORIGIN (RAM) + LENGTH (RAM))
                0x00000200                        _Min_Heap_Size = 0x200
                0x00000400                        _Min_Stack_Size = 0x400

.isr_vector     0x08000000      0x194
                0x08000000                        . = ALIGN (0x4)
 *(.isr_vector)
 .isr_vector    0x08000000      0x194 build/startup_stm32f401xc.o
                0x08000000                g_pfnVectors
                0x08000194                        . = ALIGN (0x4)

.text           0x080001a0     0x4384
                0x080001a0                        . = ALIGN (0x4)
 *(.text)
 .text          0x080001a0      0x2e0 /usr/lib/gcc/arm-none-eabi/14.1.0/../../../../arm-none-eabi/lib/thumb/v7e-m+fp/hard/libc.a(libc_a-strcmp.o)
                0x080001a0                strcmp
 .text          0x08000480       0x30 /usr/lib/gcc/arm-none-eabi/14.1.0/thumb/v7e-m+fp/hard/libgcc.a(_aeabi_uldivmod.o)
                0x08000480                __aeabi_uldivmod
 .text          0x080004b0      0x1ac /usr/lib/gcc/arm-none-eabi/14.1.0/thumb/v7e-m+fp/hard/libgcc.a(libunwind.o)
                0x080004b0                __restore_core_regs
                0x080004b0                restore_core_regs
                0x080004c8                __gnu_Unwind_Restore_VFP
                0x080004d0                __gnu_Unwind_Save_VFP
                0x080004d8                __gnu_Unwind_Restore_VFP_D
                0x080004e0                __gnu_Unwind_Save_VFP_D
                0x080004e8                __gnu_Unwind_Restore_VFP_D_16_to_31
                0x080004f0                __gnu_Unwind_Save_VFP_D_16_to_31
                0x080004f8                __gnu_Unwind_Restore_WMMXD
                0x0800053c                __gnu_Unwind_Save_WMMXD
                0x08000580                __gnu_Unwind_Restore_WMMXC
                0x08000594                __gnu_Unwind_Save_WMMXC
                0x080005a8                ___Unwind_RaiseException
                0x080005a8                _Unwind_RaiseException
                0x080005cc                ___Unwind_Resume
                0x080005cc                _Unwind_Resume
                0x080005f0                _Unwind_Resume_or_Rethrow
                0x080005f0                ___Unwind_Resume_or_Rethrow
                0x08000614                ___Unwind_ForcedUnwind
                0x08000614                _Unwind_ForcedUnwind
                0x08000638                _Unwind_Backtrace
                0x08000638                ___Unwind_Backtrace
 .text          0x0800065c        0x4 /usr/lib/gcc/arm-none-eabi/14.1.0/thumb/v7e-m+fp/hard/libgcc.a(_dvmd_tls.o)
                0x0800065c                __aeabi_ldiv0
                0x0800065c                __aeabi_idiv0
 .text          0x08000660      0x134 /usr/lib/gcc/arm-none-eabi/14.1.0/../../../../arm-none-eabi/lib/thumb/v7e-m+fp/hard/libc.a(libc_a-memcpy.o)
                0x08000660                memcpy
 *(.text*)
 .text.__do_global_dtors_aux
                0x08000794       0x24 /usr/lib/gcc/arm-none-eabi/14.1.0/thumb/v7e-m+fp/hard/crtbegin.o
 .text.frame_dummy
                0x080007b8       0x1c /usr/lib/gcc/arm-none-eabi/14.1.0/thumb/v7e-m+fp/hard/crtbegin.o
 .text._Z41__static_initialization_and_destruction_0v
                0x080007d4       0x50 build/main.o
 .text._ZN15InterruptObjectI17RTC_HandleTypeDefE3irqEv
                0x08000824        0x6 build/main.o
                0x08000824                InterruptObject<RTC_HandleTypeDef>::irq()
 .text._ZN15InterruptObjectI19__I2S_HandleTypeDefE3irqEv
                0x0800082a        0x6 build/main.o
                0x0800082a                InterruptObject<__I2S_HandleTypeDef>::irq()
 .text._ZL12MX_GPIO_Initv
                0x08000830       0xd8 build/main.o
 .text._ZL11MX_DMA_Initv
                0x08000908       0x34 build/main.o
 .text.HAL_I2S_TxCpltCallback
                0x0800093c       0x14 build/main.o
                0x0800093c                HAL_I2S_TxCpltCallback
 .text.HAL_RTC_AlarmAEventCallback
                0x08000950       0x14 build/main.o
                0x08000950                HAL_RTC_AlarmAEventCallback
 .text._Z16register_handleriP16InterruptHandler
                0x08000964        0xc build/main.o
                0x08000964                register_handler(int, InterruptHandler*)
 .text.Error_Handler
                0x08000970        0x4 build/main.o
                0x08000970                Error_Handler
 .text._ZL12MX_I2C1_Initv
                0x08000974       0x38 build/main.o
 .text._ZL12MX_I2S2_Initv
                0x080009ac       0x3c build/main.o
 .text._ZL12MX_SPI1_Initv
                0x080009e8       0x40 build/main.o
 .text._ZL19MX_USART1_UART_Initv
                0x08000a28       0x38 build/main.o
 .text._ZL11MX_RTC_Initv
                0x08000a60       0xd8 build/main.o
 .text._Z18SystemClock_Configv
                0x08000b38       0xbc build/main.o
                0x08000b38                SystemClock_Config()
 .text.main     0x08000bf4       0x4c build/main.o
                0x08000bf4                main
 .text._GLOBAL__sub_I_hi2c1
                0x08000c40        0x8 build/main.o
 .text._ZN10sleep_test9enterStopER17RTC_HandleTypeDef
                0x08000c48       0x2c build/sleep_test.o
                0x08000c48                sleep_test::enterStop(RTC_HandleTypeDef&)
 .text._ZN10sleep_test9leaveStopEv
                0x08000c74        0x8 build/sleep_test.o
                0x08000c74                sleep_test::leaveStop()
 .text._ZN10sleep_test7runTestER17RTC_HandleTypeDef
                0x08000c7c       0x10 build/sleep_test.o
                0x08000c7c                sleep_test::runTest(RTC_HandleTypeDef&)
 .text.HAL_MspInit
                0x08000c8c       0x38 build/stm32f4xx_hal_msp.o
                0x08000c8c                HAL_MspInit
 .text.HAL_I2C_MspInit
                0x08000cc4       0x70 build/stm32f4xx_hal_msp.o
                0x08000cc4                HAL_I2C_MspInit
 .text.HAL_I2S_MspInit
                0x08000d34       0xd8 build/stm32f4xx_hal_msp.o
                0x08000d34                HAL_I2S_MspInit
 .text.HAL_RTC_MspInit
                0x08000e0c       0x58 build/stm32f4xx_hal_msp.o
                0x08000e0c                HAL_RTC_MspInit
 .text.HAL_SPI_MspInit
                0x08000e64       0x70 build/stm32f4xx_hal_msp.o
                0x08000e64                HAL_SPI_MspInit
 .text.HAL_UART_MspInit
                0x08000ed4       0x74 build/stm32f4xx_hal_msp.o
                0x08000ed4                HAL_UART_MspInit
 .text.NMI_Handler
                0x08000f48        0x2 build/stm32f4xx_it.o
                0x08000f48                NMI_Handler
 .text.HardFault_Handler
                0x08000f4a        0x2 build/stm32f4xx_it.o
                0x08000f4a                HardFault_Handler
 .text.MemManage_Handler
                0x08000f4c        0x2 build/stm32f4xx_it.o
                0x08000f4c                MemManage_Handler
 .text.BusFault_Handler
                0x08000f4e        0x2 build/stm32f4xx_it.o
                0x08000f4e                BusFault_Handler
 .text.UsageFault_Handler
                0x08000f50        0x2 build/stm32f4xx_it.o
                0x08000f50                UsageFault_Handler
 .text.SVC_Handler
                0x08000f52        0x2 build/stm32f4xx_it.o
                0x08000f52                SVC_Handler
 .text.DebugMon_Handler
                0x08000f54        0x2 build/stm32f4xx_it.o
                0x08000f54                DebugMon_Handler
 .text.PendSV_Handler
                0x08000f56        0x2 build/stm32f4xx_it.o
                0x08000f56                PendSV_Handler
 .text.SysTick_Handler
                0x08000f58        0x8 build/stm32f4xx_it.o
                0x08000f58                SysTick_Handler
 .text.DMA1_Stream4_IRQHandler
                0x08000f60       0x10 build/stm32f4xx_it.o
                0x08000f60                DMA1_Stream4_IRQHandler
 .text.RTC_Alarm_IRQHandler
                0x08000f70       0x10 build/stm32f4xx_it.o
                0x08000f70                RTC_Alarm_IRQHandler
 .text.SystemInit
                0x08000f80       0x14 build/system_stm32f4xx.o
                0x08000f80                SystemInit
 .text.HAL_InitTick
                0x08000f94       0x4c build/stm32f4xx_hal.o
                0x08000f94                HAL_InitTick
 .text.HAL_Init
                0x08000fe0       0x34 build/stm32f4xx_hal.o
                0x08000fe0                HAL_Init
 .text.HAL_IncTick
                0x08001014       0x18 build/stm32f4xx_hal.o
                0x08001014                HAL_IncTick
 .text.HAL_GetTick
                0x0800102c        0xc build/stm32f4xx_hal.o
                0x0800102c                HAL_GetTick
 .text.HAL_SuspendTick
                0x08001038        0xe build/stm32f4xx_hal.o
                0x08001038                HAL_SuspendTick
 .text.HAL_ResumeTick
                0x08001046        0xe build/stm32f4xx_hal.o
                0x08001046                HAL_ResumeTick
 .text.__NVIC_SetPriority
                0x08001054       0x28 build/stm32f4xx_hal_cortex.o
 .text.NVIC_EncodePriority
                0x0800107c       0x3e build/stm32f4xx_hal_cortex.o
 *fill*         0x080010ba        0x2 
 .text.HAL_NVIC_SetPriorityGrouping
                0x080010bc       0x24 build/stm32f4xx_hal_cortex.o
                0x080010bc                HAL_NVIC_SetPriorityGrouping
 .text.HAL_NVIC_SetPriority
                0x080010e0       0x20 build/stm32f4xx_hal_cortex.o
                0x080010e0                HAL_NVIC_SetPriority
 .text.HAL_NVIC_EnableIRQ
                0x08001100       0x1c build/stm32f4xx_hal_cortex.o
                0x08001100                HAL_NVIC_EnableIRQ
 .text.HAL_SYSTICK_Config
                0x0800111c       0x28 build/stm32f4xx_hal_cortex.o
                0x0800111c                HAL_SYSTICK_Config
 .text.DMA_CalcBaseAndBitshift
                0x08001144       0x3c build/stm32f4xx_hal_dma.o
 .text.DMA_CheckFifoParam
                0x08001180       0x9c build/stm32f4xx_hal_dma.o
 .text.HAL_DMA_Init
                0x0800121c       0xcc build/stm32f4xx_hal_dma.o
                0x0800121c                HAL_DMA_Init
 .text.HAL_DMA_IRQHandler
                0x080012e8      0x1dc build/stm32f4xx_hal_dma.o
                0x080012e8                HAL_DMA_IRQHandler
 .text.HAL_GPIO_Init
                0x080014c4      0x1c8 build/stm32f4xx_hal_gpio.o
                0x080014c4                HAL_GPIO_Init
 .text.HAL_GPIO_WritePin
                0x0800168c        0xc build/stm32f4xx_hal_gpio.o
                0x0800168c                HAL_GPIO_WritePin
 .text.HAL_I2C_Init
                0x08001698      0x1bc build/stm32f4xx_hal_i2c.o
                0x08001698                HAL_I2C_Init
 .text.HAL_I2S_Init
                0x08001854      0x19c build/stm32f4xx_hal_i2s.o
                0x08001854                HAL_I2S_Init
 .text.I2S_Transmit_IT
                0x080019f0       0x38 build/stm32f4xx_hal_i2s.o
 .text.HAL_I2S_RxCpltCallback
                0x08001a28        0x2 build/stm32f4xx_hal_i2s.o
                0x08001a28                HAL_I2S_RxCpltCallback
 .text.I2S_Receive_IT
                0x08001a2a       0x38 build/stm32f4xx_hal_i2s.o
 .text.HAL_I2S_ErrorCallback
                0x08001a62        0x2 build/stm32f4xx_hal_i2s.o
                0x08001a62                HAL_I2S_ErrorCallback
 .text.I2S_IRQHandler
                0x08001a64       0xcc build/stm32f4xx_hal_i2s.o
 .text.HAL_I2SEx_TxRxCpltCallback
                0x08001b30        0x2 build/stm32f4xx_hal_i2s_ex.o
                0x08001b30                HAL_I2SEx_TxRxCpltCallback
 .text.I2SEx_TxISR_I2S
                0x08001b32       0x3c build/stm32f4xx_hal_i2s_ex.o
 *fill*         0x08001b6e        0x2 
 .text.I2SEx_RxISR_I2SExt
                0x08001b70       0x64 build/stm32f4xx_hal_i2s_ex.o
 .text.I2SEx_TxISR_I2SExt
                0x08001bd4       0x64 build/stm32f4xx_hal_i2s_ex.o
 .text.I2SEx_RxISR_I2S
                0x08001c38       0x3c build/stm32f4xx_hal_i2s_ex.o
 .text.HAL_I2SEx_FullDuplex_IRQHandler
                0x08001c74      0x1d8 build/stm32f4xx_hal_i2s_ex.o
                0x08001c74                HAL_I2SEx_FullDuplex_IRQHandler
 .text.HAL_PWR_EnterSTOPMode
                0x08001e4c       0x38 build/stm32f4xx_hal_pwr.o
                0x08001e4c                HAL_PWR_EnterSTOPMode
 .text.HAL_RCC_OscConfig
                0x08001e84      0x3f8 build/stm32f4xx_hal_rcc.o
                0x08001e84                HAL_RCC_OscConfig
 .text.HAL_RCC_MCOConfig
                0x0800227c       0x9c build/stm32f4xx_hal_rcc.o
                0x0800227c                HAL_RCC_MCOConfig
 .text.HAL_RCC_GetSysClockFreq
                0x08002318       0xa8 build/stm32f4xx_hal_rcc.o
                0x08002318                HAL_RCC_GetSysClockFreq
 .text.HAL_RCC_ClockConfig
                0x080023c0      0x160 build/stm32f4xx_hal_rcc.o
                0x080023c0                HAL_RCC_ClockConfig
 .text.HAL_RCC_GetHCLKFreq
                0x08002520        0xc build/stm32f4xx_hal_rcc.o
                0x08002520                HAL_RCC_GetHCLKFreq
 .text.HAL_RCC_GetPCLK1Freq
                0x0800252c       0x20 build/stm32f4xx_hal_rcc.o
                0x0800252c                HAL_RCC_GetPCLK1Freq
 .text.HAL_RCC_GetPCLK2Freq
                0x0800254c       0x20 build/stm32f4xx_hal_rcc.o
                0x0800254c                HAL_RCC_GetPCLK2Freq
 .text.HAL_RCCEx_PeriphCLKConfig
                0x0800256c      0x16c build/stm32f4xx_hal_rcc_ex.o
                0x0800256c                HAL_RCCEx_PeriphCLKConfig
 .text.HAL_RCCEx_GetPeriphCLKFreq
                0x080026d8       0x74 build/stm32f4xx_hal_rcc_ex.o
                0x080026d8                HAL_RCCEx_GetPeriphCLKFreq
 .text.HAL_RTC_AlarmIRQHandler
                0x0800274c       0x60 build/stm32f4xx_hal_rtc.o
                0x0800274c                HAL_RTC_AlarmIRQHandler
 .text.HAL_RTC_WaitForSynchro
                0x080027ac       0x32 build/stm32f4xx_hal_rtc.o
                0x080027ac                HAL_RTC_WaitForSynchro
 .text.RTC_EnterInitMode
                0x080027de       0x46 build/stm32f4xx_hal_rtc.o
                0x080027de                RTC_EnterInitMode
 .text.RTC_ExitInitMode
                0x08002824       0x2a build/stm32f4xx_hal_rtc.o
                0x08002824                RTC_ExitInitMode
 .text.HAL_RTC_Init
                0x0800284e       0x8e build/stm32f4xx_hal_rtc.o
                0x0800284e                HAL_RTC_Init
 .text.RTC_ByteToBcd2
                0x080028dc       0x18 build/stm32f4xx_hal_rtc.o
                0x080028dc                RTC_ByteToBcd2
 .text.HAL_RTC_SetTime
                0x080028f4       0xc0 build/stm32f4xx_hal_rtc.o
                0x080028f4                HAL_RTC_SetTime
 .text.HAL_RTC_SetDate
                0x080029b4       0x9c build/stm32f4xx_hal_rtc.o
                0x080029b4                HAL_RTC_SetDate
 .text.HAL_RTC_SetAlarm_IT
                0x08002a50      0x1b4 build/stm32f4xx_hal_rtc.o
                0x08002a50                HAL_RTC_SetAlarm_IT
 .text.HAL_RTCEx_AlarmBEventCallback
                0x08002c04        0x2 build/stm32f4xx_hal_rtc_ex.o
                0x08002c04                HAL_RTCEx_AlarmBEventCallback
 .text.HAL_SPI_Init
                0x08002c06       0xbe build/stm32f4xx_hal_spi.o
                0x08002c06                HAL_SPI_Init
 .text.UART_SetConfig
                0x08002cc4      0x110 build/stm32f4xx_hal_uart.o
 .text.HAL_UART_Init
                0x08002dd4       0x5e build/stm32f4xx_hal_uart.o
                0x08002dd4                HAL_UART_Init
 *fill*         0x08002e32        0x2 
 .text.Reset_Handler
                0x08002e34       0x50 build/startup_stm32f401xc.o
                0x08002e34                Reset_Handler
 .text.Default_Handler
                0x08002e84        0x2 build/startup_stm32f401xc.o
                0x08002e84                EXTI2_IRQHandler
                0x08002e84                SPI4_IRQHandler
                0x08002e84                TIM1_CC_IRQHandler
                0x08002e84                DMA2_Stream5_IRQHandler
                0x08002e84                DMA1_Stream5_IRQHandler
                0x08002e84                PVD_IRQHandler
                0x08002e84                SDIO_IRQHandler
                0x08002e84                TAMP_STAMP_IRQHandler
                0x08002e84                EXTI3_IRQHandler
                0x08002e84                TIM1_UP_TIM10_IRQHandler
                0x08002e84                I2C3_ER_IRQHandler
                0x08002e84                EXTI0_IRQHandler
                0x08002e84                I2C2_EV_IRQHandler
                0x08002e84                DMA1_Stream2_IRQHandler
                0x08002e84                FPU_IRQHandler
                0x08002e84                DMA2_Stream2_IRQHandler
                0x08002e84                SPI1_IRQHandler
                0x08002e84                TIM1_BRK_TIM9_IRQHandler
                0x08002e84                DMA2_Stream3_IRQHandler
                0x08002e84                USART6_IRQHandler
                0x08002e84                DMA2_Stream0_IRQHandler
                0x08002e84                TIM4_IRQHandler
                0x08002e84                I2C1_EV_IRQHandler
                0x08002e84                DMA1_Stream6_IRQHandler
                0x08002e84                DMA1_Stream1_IRQHandler
                0x08002e84                TIM3_IRQHandler
                0x08002e84                RCC_IRQHandler
                0x08002e84                Default_Handler
                0x08002e84                EXTI15_10_IRQHandler
                0x08002e84                ADC_IRQHandler
                0x08002e84                DMA1_Stream7_IRQHandler
                0x08002e84                TIM5_IRQHandler
                0x08002e84                DMA2_Stream7_IRQHandler
                0x08002e84                I2C3_EV_IRQHandler
                0x08002e84                EXTI9_5_IRQHandler
                0x08002e84                RTC_WKUP_IRQHandler
                0x08002e84                SPI2_IRQHandler
                0x08002e84                DMA1_Stream0_IRQHandler
                0x08002e84                EXTI4_IRQHandler
                0x08002e84                WWDG_IRQHandler
                0x08002e84                TIM2_IRQHandler
                0x08002e84                OTG_FS_WKUP_IRQHandler
                0x08002e84                TIM1_TRG_COM_TIM11_IRQHandler
                0x08002e84                EXTI1_IRQHandler
                0x08002e84                USART2_IRQHandler
                0x08002e84                I2C2_ER_IRQHandler
                0x08002e84                DMA2_Stream1_IRQHandler
                0x08002e84                FLASH_IRQHandler
                0x08002e84                DMA2_Stream4_IRQHandler
                0x08002e84                USART1_IRQHandler
                0x08002e84                OTG_FS_IRQHandler
                0x08002e84                SPI3_IRQHandler
                0x08002e84                I2C1_ER_IRQHandler
                0x08002e84                DMA2_Stream6_IRQHandler
                0x08002e84                DMA1_Stream3_IRQHandler
 .text._ZNK10__cxxabiv117__class_type_info11__do_upcastEPKS0_PPv
                0x08002e86       0x32 /usr/lib/gcc/arm-none-eabi/14.1.0/../../../../arm-none-eabi/lib/thumb/v7e-m+fp/hard/libstdc++.a(class_type_info.o)
                0x08002e86                __cxxabiv1::__class_type_info::__do_upcast(__cxxabiv1::__class_type_info const*, void**) const
 .text._ZNK10__cxxabiv117__class_type_info20__do_find_public_srcEiPKvPKS0_S2_
                0x08002eb8        0xc /usr/lib/gcc/arm-none-eabi/14.1.0/../../../../arm-none-eabi/lib/thumb/v7e-m+fp/hard/libstdc++.a(class_type_info.o)
                0x08002eb8                __cxxabiv1::__class_type_info::__do_find_public_src(int, void const*, __cxxabiv1::__class_type_info const*, void const*) const
 .text._ZN10__cxxabiv117__class_type_infoD2Ev
                0x08002ec4       0x14 /usr/lib/gcc/arm-none-eabi/14.1.0/../../../../arm-none-eabi/lib/thumb/v7e-m+fp/hard/libstdc++.a(class_type_info.o)
                0x08002ec4                __cxxabiv1::__class_type_info::~__class_type_info()
                0x08002ec4                __cxxabiv1::__class_type_info::~__class_type_info()
 .text._ZN10__cxxabiv117__class_type_infoD0Ev
                0x08002ed8       0x14 /usr/lib/gcc/arm-none-eabi/14.1.0/../../../../arm-none-eabi/lib/thumb/v7e-m+fp/hard/libstdc++.a(class_type_info.o)
                0x08002ed8                __cxxabiv1::__class_type_info::~__class_type_info()
 .text._ZNK10__cxxabiv117__class_type_info12__do_dyncastEiNS0_10__sub_kindEPKS0_PKvS3_S5_RNS0_16__dyncast_resultE
                0x08002eec       0x3e /usr/lib/gcc/arm-none-eabi/14.1.0/../../../../arm-none-eabi/lib/thumb/v7e-m+fp/hard/libstdc++.a(class_type_info.o)
                0x08002eec                __cxxabiv1::__class_type_info::__do_dyncast(int, __cxxabiv1::__class_type_info::__sub_kind, __cxxabiv1::__class_type_info const*, void const*, __cxxabiv1::__class_type_info const*, void const*, __cxxabiv1::__class_type_info::__dyncast_result&) const
 .text._ZNK10__cxxabiv117__class_type_info11__do_upcastEPKS0_PKvRNS0_15__upcast_resultE
                0x08002f2a       0x18 /usr/lib/gcc/arm-none-eabi/14.1.0/../../../../arm-none-eabi/lib/thumb/v7e-m+fp/hard/libstdc++.a(class_type_info.o)
                0x08002f2a                __cxxabiv1::__class_type_info::__do_upcast(__cxxabiv1::__class_type_info const*, void const*, __cxxabiv1::__class_type_info::__upcast_result&) const
 .text._ZNK10__cxxabiv117__class_type_info10__do_catchEPKSt9type_infoPPvj
                0x08002f42       0x2a /usr/lib/gcc/arm-none-eabi/14.1.0/../../../../arm-none-eabi/lib/thumb/v7e-m+fp/hard/libstdc++.a(class_type_info.o)
                0x08002f42                __cxxabiv1::__class_type_info::__do_catch(std::type_info const*, void**, unsigned int) const
 .text._ZdlPvj  0x08002f6c        0x4 /usr/lib/gcc/arm-none-eabi/14.1.0/../../../../arm-none-eabi/lib/thumb/v7e-m+fp/hard/libstdc++.a(del_ops.o)
                0x08002f6c                operator delete(void*, unsigned int)
 .text._ZN10__cxxabiv120__si_class_type_infoD2Ev
                0x08002f70       0x14 /usr/lib/gcc/arm-none-eabi/14.1.0/../../../../arm-none-eabi/lib/thumb/v7e-m+fp/hard/libstdc++.a(si_class_type_info.o)
                0x08002f70                __cxxabiv1::__si_class_type_info::~__si_class_type_info()
                0x08002f70                __cxxabiv1::__si_class_type_info::~__si_class_type_info()
 .text._ZN10__cxxabiv120__si_class_type_infoD0Ev
                0x08002f84       0x14 /usr/lib/gcc/arm-none-eabi/14.1.0/../../../../arm-none-eabi/lib/thumb/v7e-m+fp/hard/libstdc++.a(si_class_type_info.o)
                0x08002f84                __cxxabiv1::__si_class_type_info::~__si_class_type_info()
 .text._ZNK10__cxxabiv120__si_class_type_info20__do_find_public_srcEiPKvPKNS_17__class_type_infoES2_
                0x08002f98       0x3c /usr/lib/gcc/arm-none-eabi/14.1.0/../../../../arm-none-eabi/lib/thumb/v7e-m+fp/hard/libstdc++.a(si_class_type_info.o)
                0x08002f98                __cxxabiv1::__si_class_type_info::__do_find_public_src(int, void const*, __cxxabiv1::__class_type_info const*, void const*) const
 .text._ZNK10__cxxabiv120__si_class_type_info12__do_dyncastEiNS_17__class_type_info10__sub_kindEPKS1_PKvS4_S6_RNS1_16__dyncast_resultE
                0x08002fd4       0x74 /usr/lib/gcc/arm-none-eabi/14.1.0/../../../../arm-none-eabi/lib/thumb/v7e-m+fp/hard/libstdc++.a(si_class_type_info.o)
                0x08002fd4                __cxxabiv1::__si_class_type_info::__do_dyncast(int, __cxxabiv1::__class_type_info::__sub_kind, __cxxabiv1::__class_type_info const*, void const*, __cxxabiv1::__class_type_info const*, void const*, __cxxabiv1::__class_type_info::__dyncast_result&) const
 .text._ZNK10__cxxabiv120__si_class_type_info11__do_upcastEPKNS_17__class_type_infoEPKvRNS1_15__upcast_resultE
                0x08003048       0x2a /usr/lib/gcc/arm-none-eabi/14.1.0/../../../../arm-none-eabi/lib/thumb/v7e-m+fp/hard/libstdc++.a(si_class_type_info.o)
                0x08003048                __cxxabiv1::__si_class_type_info::__do_upcast(__cxxabiv1::__class_type_info const*, void const*, __cxxabiv1::__class_type_info::__upcast_result&) const
 .text._ZNSt9type_infoD2Ev
                0x08003072        0x2 /usr/lib/gcc/arm-none-eabi/14.1.0/../../../../arm-none-eabi/lib/thumb/v7e-m+fp/hard/libstdc++.a(tinfo.o)
                0x08003072                std::type_info::~type_info()
                0x08003072                std::type_info::~type_info()
 .text._ZNKSt9type_info14__is_pointer_pEv
                0x08003074        0x4 /usr/lib/gcc/arm-none-eabi/14.1.0/../../../../arm-none-eabi/lib/thumb/v7e-m+fp/hard/libstdc++.a(tinfo.o)
                0x08003074                std::type_info::__is_function_p() const
                0x08003074                std::type_info::__is_pointer_p() const
 .text._ZNKSt9type_infoeqERKS_
                0x08003078       0x2c /usr/lib/gcc/arm-none-eabi/14.1.0/../../../../arm-none-eabi/lib/thumb/v7e-m+fp/hard/libstdc++.a(tinfo.o)
                0x08003078                std::type_info::__equal(std::type_info const&) const
                0x08003078                std::type_info::operator==(std::type_info const&) const
 .text._ZdlPv   0x080030a4        0x4 /usr/lib/gcc/arm-none-eabi/14.1.0/../../../../arm-none-eabi/lib/thumb/v7e-m+fp/hard/libstdc++.a(del_op.o)
                0x080030a4                operator delete(void*)
 .text.atexit   0x080030a8        0xc /usr/lib/gcc/arm-none-eabi/14.1.0/../../../../arm-none-eabi/lib/thumb/v7e-m+fp/hard/libc.a(libc_a-atexit.o)
                0x080030a8                atexit
 .text.free     0x080030b4       0x10 /usr/lib/gcc/arm-none-eabi/14.1.0/../../../../arm-none-eabi/lib/thumb/v7e-m+fp/hard/libc.a(libc_a-malloc.o)
                0x080030b4                free
 .text.__malloc_lock
                0x080030c4        0xc /usr/lib/gcc/arm-none-eabi/14.1.0/../../../../arm-none-eabi/lib/thumb/v7e-m+fp/hard/libc.a(libc_a-mlock.o)
                0x080030c4                __malloc_lock
 .text.__malloc_unlock
                0x080030d0        0xc /usr/lib/gcc/arm-none-eabi/14.1.0/../../../../arm-none-eabi/lib/thumb/v7e-m+fp/hard/libc.a(libc_a-mlock.o)
                0x080030d0                __malloc_unlock
 .text.memset   0x080030dc       0xa4 /usr/lib/gcc/arm-none-eabi/14.1.0/../../../../arm-none-eabi/lib/thumb/v7e-m+fp/hard/libc.a(libc_a-memset.o)
                0x080030dc                memset
 .text._sbrk_r  0x08003180       0x24 /usr/lib/gcc/arm-none-eabi/14.1.0/../../../../arm-none-eabi/lib/thumb/v7e-m+fp/hard/libc.a(libc_a-sbrkr.o)
                0x08003180                _sbrk_r
 .text.__libc_init_array
                0x080031a4       0x50 /usr/lib/gcc/arm-none-eabi/14.1.0/../../../../arm-none-eabi/lib/thumb/v7e-m+fp/hard/libc.a(libc_a-init.o)
                0x080031a4                __libc_init_array
 .text.__libc_fini_array
                0x080031f4       0x28 /usr/lib/gcc/arm-none-eabi/14.1.0/../../../../arm-none-eabi/lib/thumb/v7e-m+fp/hard/libc.a(libc_a-fini.o)
                0x080031f4                __libc_fini_array
 .text.__retarget_lock_acquire_recursive
                0x0800321c        0x4 /usr/lib/gcc/arm-none-eabi/14.1.0/../../../../arm-none-eabi/lib/thumb/v7e-m+fp/hard/libc.a(libc_a-lock.o)
                0x0800321c                __retarget_lock_acquire_recursive
 .text.__retarget_lock_release_recursive
                0x08003220        0x4 /usr/lib/gcc/arm-none-eabi/14.1.0/../../../../arm-none-eabi/lib/thumb/v7e-m+fp/hard/libc.a(libc_a-lock.o)
                0x08003220                __retarget_lock_release_recursive
 .text.sysconf  0x08003224       0x1c /usr/lib/gcc/arm-none-eabi/14.1.0/../../../../arm-none-eabi/lib/thumb/v7e-m+fp/hard/libc.a(libc_a-sysconf.o)
                0x08003224                sysconf
 .text.__register_exitproc
                0x08003240       0x80 /usr/lib/gcc/arm-none-eabi/14.1.0/../../../../arm-none-eabi/lib/thumb/v7e-m+fp/hard/libc.a(libc_a-__atexit.o)
                0x08003240                __register_exitproc
 .text.startup.register_fini
                0x080032c0       0x14 /usr/lib/gcc/arm-none-eabi/14.1.0/../../../../arm-none-eabi/lib/thumb/v7e-m+fp/hard/libc.a(libc_a-__call_atexit.o)
 .text._malloc_trim_r
                0x080032d4       0xb8 /usr/lib/gcc/arm-none-eabi/14.1.0/../../../../arm-none-eabi/lib/thumb/v7e-m+fp/hard/libc.a(libc_a-freer.o)
                0x080032d4                _malloc_trim_r
 .text._free_r  0x0800338c      0x1f8 /usr/lib/gcc/arm-none-eabi/14.1.0/../../../../arm-none-eabi/lib/thumb/v7e-m+fp/hard/libc.a(libc_a-freer.o)
                0x0800338c                _free_r
 .text.__errno  0x08003584        0xc /usr/lib/gcc/arm-none-eabi/14.1.0/../../../../arm-none-eabi/lib/thumb/v7e-m+fp/hard/libc.a(libc_a-errno.o)
                0x08003584                __errno
 .text.__udivmoddi4
                0x08003590      0x2bc /usr/lib/gcc/arm-none-eabi/14.1.0/thumb/v7e-m+fp/hard/libgcc.a(_udivmoddi4.o)
                0x08003590                __udivmoddi4
 .text.selfrel_offset31
                0x0800384c       0x12 /usr/lib/gcc/arm-none-eabi/14.1.0/thumb/v7e-m+fp/hard/libgcc.a(unwind-arm.o)
 .text.search_EIT_table
                0x0800385e       0x60 /usr/lib/gcc/arm-none-eabi/14.1.0/thumb/v7e-m+fp/hard/libgcc.a(unwind-arm.o)
 *fill*         0x080038be        0x2 
 .text.__gnu_unwind_get_pr_addr
                0x080038c0       0x28 /usr/lib/gcc/arm-none-eabi/14.1.0/thumb/v7e-m+fp/hard/libgcc.a(unwind-arm.o)
 .text.get_eit_entry
                0x080038e8       0x8c /usr/lib/gcc/arm-none-eabi/14.1.0/thumb/v7e-m+fp/hard/libgcc.a(unwind-arm.o)
 .text.restore_non_core_regs
                0x08003974       0x4e /usr/lib/gcc/arm-none-eabi/14.1.0/thumb/v7e-m+fp/hard/libgcc.a(unwind-arm.o)
 .text._Unwind_decode_typeinfo_ptr.constprop.0
                0x080039c2        0xa /usr/lib/gcc/arm-none-eabi/14.1.0/thumb/v7e-m+fp/hard/libgcc.a(unwind-arm.o)
 .text._Unwind_DebugHook
                0x080039cc        0x2 /usr/lib/gcc/arm-none-eabi/14.1.0/thumb/v7e-m+fp/hard/libgcc.a(unwind-arm.o)
 .text.unwind_phase2
                0x080039ce       0x3a /usr/lib/gcc/arm-none-eabi/14.1.0/thumb/v7e-m+fp/hard/libgcc.a(unwind-arm.o)
 .text.unwind_phase2_forced
                0x08003a08       0xc0 /usr/lib/gcc/arm-none-eabi/14.1.0/thumb/v7e-m+fp/hard/libgcc.a(unwind-arm.o)
 .text.__gnu_Unwind_RaiseException
                0x08003ac8       0x62 /usr/lib/gcc/arm-none-eabi/14.1.0/thumb/v7e-m+fp/hard/libgcc.a(unwind-arm.o)
                0x08003ac8                __gnu_Unwind_RaiseException
 .text.__gnu_Unwind_ForcedUnwind
                0x08003b2a       0x14 /usr/lib/gcc/arm-none-eabi/14.1.0/thumb/v7e-m+fp/hard/libgcc.a(unwind-arm.o)
                0x08003b2a                __gnu_Unwind_ForcedUnwind
 .text.__gnu_Unwind_Resume
                0x08003b3e       0x40 /usr/lib/gcc/arm-none-eabi/14.1.0/thumb/v7e-m+fp/hard/libgcc.a(unwind-arm.o)
                0x08003b3e                __gnu_Unwind_Resume
 .text.__gnu_Unwind_Resume_or_Rethrow
                0x08003b7e       0x1c /usr/lib/gcc/arm-none-eabi/14.1.0/thumb/v7e-m+fp/hard/libgcc.a(unwind-arm.o)
                0x08003b7e                __gnu_Unwind_Resume_or_Rethrow
 *fill*         0x08003b9a        0x2 
 .text._Unwind_VRS_Get
                0x08003b9c       0x48 /usr/lib/gcc/arm-none-eabi/14.1.0/thumb/v7e-m+fp/hard/libgcc.a(unwind-arm.o)
                0x08003b9c                _Unwind_VRS_Get
 .text._Unwind_GetGR
                0x08003be4       0x18 /usr/lib/gcc/arm-none-eabi/14.1.0/thumb/v7e-m+fp/hard/libgcc.a(unwind-arm.o)
 .text._Unwind_VRS_Set
                0x08003bfc       0x48 /usr/lib/gcc/arm-none-eabi/14.1.0/thumb/v7e-m+fp/hard/libgcc.a(unwind-arm.o)
                0x08003bfc                _Unwind_VRS_Set
 .text._Unwind_SetGR
                0x08003c44       0x18 /usr/lib/gcc/arm-none-eabi/14.1.0/thumb/v7e-m+fp/hard/libgcc.a(unwind-arm.o)
 .text.__gnu_Unwind_Backtrace
                0x08003c5c       0x74 /usr/lib/gcc/arm-none-eabi/14.1.0/thumb/v7e-m+fp/hard/libgcc.a(unwind-arm.o)
                0x08003c5c                __gnu_Unwind_Backtrace
 .text.__gnu_unwind_pr_common
                0x08003cd0      0x24c /usr/lib/gcc/arm-none-eabi/14.1.0/thumb/v7e-m+fp/hard/libgcc.a(unwind-arm.o)
 .text.__aeabi_unwind_cpp_pr0
                0x08003f1c        0x6 /usr/lib/gcc/arm-none-eabi/14.1.0/thumb/v7e-m+fp/hard/libgcc.a(unwind-arm.o)
                0x08003f1c                __aeabi_unwind_cpp_pr0
 .text.__aeabi_unwind_cpp_pr1
                0x08003f22        0x6 /usr/lib/gcc/arm-none-eabi/14.1.0/thumb/v7e-m+fp/hard/libgcc.a(unwind-arm.o)
                0x08003f22                __aeabi_unwind_cpp_pr1
 .text.__aeabi_unwind_cpp_pr2
                0x08003f28        0x6 /usr/lib/gcc/arm-none-eabi/14.1.0/thumb/v7e-m+fp/hard/libgcc.a(unwind-arm.o)
                0x08003f28                __aeabi_unwind_cpp_pr2
 *fill*         0x08003f2e        0x2 
 .text._Unwind_VRS_Pop
                0x08003f30      0x250 /usr/lib/gcc/arm-none-eabi/14.1.0/thumb/v7e-m+fp/hard/libgcc.a(unwind-arm.o)
                0x08003f30                _Unwind_VRS_Pop
 .text.next_unwind_byte
                0x08004180       0x30 /usr/lib/gcc/arm-none-eabi/14.1.0/thumb/v7e-m+fp/hard/libgcc.a(pr-support.o)
 .text.__gnu_unwind_execute
                0x080041b0      0x284 /usr/lib/gcc/arm-none-eabi/14.1.0/thumb/v7e-m+fp/hard/libgcc.a(pr-support.o)
                0x080041b0                __gnu_unwind_execute
 .text.abort    0x08004434       0x10 /usr/lib/gcc/arm-none-eabi/14.1.0/../../../../arm-none-eabi/lib/thumb/v7e-m+fp/hard/libc.a(libc_a-abort.o)
                0x08004434                abort
 .text.raise    0x08004444       0x58 /usr/lib/gcc/arm-none-eabi/14.1.0/../../../../arm-none-eabi/lib/thumb/v7e-m+fp/hard/libc.a(libc_a-signal.o)
                0x08004444                raise
 .text._kill_r  0x0800449c       0x2c /usr/lib/gcc/arm-none-eabi/14.1.0/../../../../arm-none-eabi/lib/thumb/v7e-m+fp/hard/libc.a(libc_a-signalr.o)
                0x0800449c                _kill_r
 .text._getpid_r
                0x080044c8        0x4 /usr/lib/gcc/arm-none-eabi/14.1.0/../../../../arm-none-eabi/lib/thumb/v7e-m+fp/hard/libc.a(libc_a-signalr.o)
                0x080044c8                _getpid_r
 .text._getpid  0x080044cc       0x10 /usr/lib/gcc/arm-none-eabi/14.1.0/../../../../arm-none-eabi/lib/thumb/v7e-m+fp/hard/libnosys.a(getpid.o)
                0x080044cc                _getpid
 .text._kill    0x080044dc       0x10 /usr/lib/gcc/arm-none-eabi/14.1.0/../../../../arm-none-eabi/lib/thumb/v7e-m+fp/hard/libnosys.a(kill.o)
                0x080044dc                _kill
 .text._sbrk    0x080044ec       0x1c /usr/lib/gcc/arm-none-eabi/14.1.0/../../../../arm-none-eabi/lib/thumb/v7e-m+fp/hard/libnosys.a(sbrk.o)
                0x080044ec                _sbrk
 .text._exit    0x08004508        0x4 /usr/lib/gcc/arm-none-eabi/14.1.0/../../../../arm-none-eabi/lib/thumb/v7e-m+fp/hard/libnosys.a(_exit.o)
                0x08004508                _exit
 *(.glue_7)
 .glue_7        0x0800450c        0x0 linker stubs
 *(.glue_7t)
 .glue_7t       0x0800450c        0x0 linker stubs
 *(.eh_frame)
 .eh_frame      0x0800450c        0x0 /usr/lib/gcc/arm-none-eabi/14.1.0/thumb/v7e-m+fp/hard/crtbegin.o
 *(.init)
 .init          0x0800450c        0x4 /usr/lib/gcc/arm-none-eabi/14.1.0/thumb/v7e-m+fp/hard/crti.o
                0x0800450c                _init
 .init          0x08004510        0x8 /usr/lib/gcc/arm-none-eabi/14.1.0/thumb/v7e-m+fp/hard/crtn.o
 *(.fini)
 .fini          0x08004518        0x4 /usr/lib/gcc/arm-none-eabi/14.1.0/thumb/v7e-m+fp/hard/crti.o
                0x08004518                _fini
 .fini          0x0800451c        0x8 /usr/lib/gcc/arm-none-eabi/14.1.0/thumb/v7e-m+fp/hard/crtn.o
                0x08004524                        . = ALIGN (0x4)
                0x08004524                        _etext = .

.vfp11_veneer   0x08004524        0x0
 .vfp11_veneer  0x08004524        0x0 linker stubs

.v4_bx          0x08004524        0x0
 .v4_bx         0x08004524        0x0 linker stubs

.iplt           0x08004524        0x0
 .iplt          0x08004524        0x0 /usr/lib/gcc/arm-none-eabi/14.1.0/thumb/v7e-m+fp/hard/crtbegin.o

.rodata         0x08004524      0x1ec
                0x08004524                        . = ALIGN (0x4)
 *(.rodata)
 *(.rodata*)
 .rodata._ZTS16InterruptHandler
                0x08004524       0x13 build/main.o
                0x08004524                typeinfo name for InterruptHandler
 *fill*         0x08004537        0x1 
 .rodata._ZTI16InterruptHandler
                0x08004538        0x8 build/main.o
                0x08004538                typeinfo for InterruptHandler
 .rodata._ZTS15InterruptObjectI19__I2S_HandleTypeDefE
                0x08004540       0x29 build/main.o
                0x08004540                typeinfo name for InterruptObject<__I2S_HandleTypeDef>
 *fill*         0x08004569        0x3 
 .rodata._ZTI15InterruptObjectI19__I2S_HandleTypeDefE
                0x0800456c        0xc build/main.o
                0x0800456c                typeinfo for InterruptObject<__I2S_HandleTypeDef>
 .rodata._ZTS9i2sObject
                0x08004578        0xb build/main.o
                0x08004578                typeinfo name for i2sObject
 *fill*         0x08004583        0x1 
 .rodata._ZTI9i2sObject
                0x08004584        0xc build/main.o
                0x08004584                typeinfo for i2sObject
 .rodata._ZTS15InterruptObjectI17RTC_HandleTypeDefE
                0x08004590       0x27 build/main.o
                0x08004590                typeinfo name for InterruptObject<RTC_HandleTypeDef>
 *fill*         0x080045b7        0x1 
 .rodata._ZTI15InterruptObjectI17RTC_HandleTypeDefE
                0x080045b8        0xc build/main.o
                0x080045b8                typeinfo for InterruptObject<RTC_HandleTypeDef>
 .rodata._ZTS11alarmObject
                0x080045c4        0xe build/main.o
                0x080045c4                typeinfo name for alarmObject
 *fill*         0x080045d2        0x2 
 .rodata._ZTI11alarmObject
                0x080045d4        0xc build/main.o
                0x080045d4                typeinfo for alarmObject
 .rodata._ZTV16InterruptHandler
                0x080045e0        0xc build/main.o
                0x080045e0                vtable for InterruptHandler
 .rodata._ZTV15InterruptObjectI19__I2S_HandleTypeDefE
                0x080045ec        0xc build/main.o
                0x080045ec                vtable for InterruptObject<__I2S_HandleTypeDef>
 .rodata._ZTV9i2sObject
                0x080045f8        0xc build/main.o
                0x080045f8                vtable for i2sObject
 .rodata._ZTV15InterruptObjectI17RTC_HandleTypeDefE
                0x08004604        0xc build/main.o
                0x08004604                vtable for InterruptObject<RTC_HandleTypeDef>
 .rodata._ZTV11alarmObject
                0x08004610        0xc build/main.o
                0x08004610                vtable for alarmObject
 .rodata.APBPrescTable
                0x0800461c        0x8 build/system_stm32f4xx.o
                0x0800461c                APBPrescTable
 .rodata.AHBPrescTable
                0x08004624       0x10 build/system_stm32f4xx.o
                0x08004624                AHBPrescTable
 .rodata.flagBitshiftOffset.0
                0x08004634        0x8 build/stm32f4xx_hal_dma.o
 .rodata._ZTSN10__cxxabiv117__class_type_infoE
                0x0800463c       0x22 /usr/lib/gcc/arm-none-eabi/14.1.0/../../../../arm-none-eabi/lib/thumb/v7e-m+fp/hard/libstdc++.a(class_type_info.o)
                0x0800463c                typeinfo name for __cxxabiv1::__class_type_info
 *fill*         0x0800465e        0x2 
 .rodata._ZTIN10__cxxabiv117__class_type_infoE
                0x08004660        0xc /usr/lib/gcc/arm-none-eabi/14.1.0/../../../../arm-none-eabi/lib/thumb/v7e-m+fp/hard/libstdc++.a(class_type_info.o)
                0x08004660                typeinfo for __cxxabiv1::__class_type_info
 .rodata._ZTVN10__cxxabiv117__class_type_infoE
                0x0800466c       0x2c /usr/lib/gcc/arm-none-eabi/14.1.0/../../../../arm-none-eabi/lib/thumb/v7e-m+fp/hard/libstdc++.a(class_type_info.o)
                0x0800466c                vtable for __cxxabiv1::__class_type_info
 .rodata._ZTSN10__cxxabiv120__si_class_type_infoE
                0x08004698       0x25 /usr/lib/gcc/arm-none-eabi/14.1.0/../../../../arm-none-eabi/lib/thumb/v7e-m+fp/hard/libstdc++.a(si_class_type_info.o)
                0x08004698                typeinfo name for __cxxabiv1::__si_class_type_info
 *fill*         0x080046bd        0x3 
 .rodata._ZTIN10__cxxabiv120__si_class_type_infoE
                0x080046c0        0xc /usr/lib/gcc/arm-none-eabi/14.1.0/../../../../arm-none-eabi/lib/thumb/v7e-m+fp/hard/libstdc++.a(si_class_type_info.o)
                0x080046c0                typeinfo for __cxxabiv1::__si_class_type_info
 .rodata._ZTVN10__cxxabiv120__si_class_type_infoE
                0x080046cc       0x2c /usr/lib/gcc/arm-none-eabi/14.1.0/../../../../arm-none-eabi/lib/thumb/v7e-m+fp/hard/libstdc++.a(si_class_type_info.o)
                0x080046cc                vtable for __cxxabiv1::__si_class_type_info
 .rodata._ZTSSt9type_info
                0x080046f8        0xd /usr/lib/gcc/arm-none-eabi/14.1.0/../../../../arm-none-eabi/lib/thumb/v7e-m+fp/hard/libstdc++.a(tinfo.o)
                0x080046f8                typeinfo name for std::type_info
 *fill*         0x08004705        0x3 
 .rodata._ZTISt9type_info
                0x08004708        0x8 /usr/lib/gcc/arm-none-eabi/14.1.0/../../../../arm-none-eabi/lib/thumb/v7e-m+fp/hard/libstdc++.a(tinfo.o)
                0x08004708                typeinfo for std::type_info
                0x08004710                        . = ALIGN (0x4)

.ARM.extab      0x08004710       0x78
 *(.ARM.extab* .gnu.linkonce.armextab.*)
 .ARM.extab.text._ZN15InterruptObjectI17RTC_HandleTypeDefE3irqEv
                0x08004710        0x0 build/main.o
 .ARM.extab.text._ZN15InterruptObjectI19__I2S_HandleTypeDefE3irqEv
                0x08004710        0x0 build/main.o
 .ARM.extab.text.HAL_I2S_TxCpltCallback
                0x08004710        0xc build/main.o
 .ARM.extab.text.HAL_RTC_AlarmAEventCallback
                0x0800471c        0xc build/main.o
 .ARM.extab.text._ZL12MX_I2C1_Initv
                0x08004728        0xc build/main.o
 .ARM.extab.text._ZL12MX_I2S2_Initv
                0x08004734        0xc build/main.o
 .ARM.extab.text._ZL12MX_SPI1_Initv
                0x08004740        0xc build/main.o
 .ARM.extab.text._ZL19MX_USART1_UART_Initv
                0x0800474c        0xc build/main.o
 .ARM.extab.text.main
                0x08004758        0xc build/main.o
 .ARM.extab.text._ZN10sleep_test9enterStopER17RTC_HandleTypeDef
                0x08004764        0xc build/sleep_test.o
 .ARM.extab.text._ZN10sleep_test9leaveStopEv
                0x08004770        0xc build/sleep_test.o
 .ARM.extab.text.__gnu_Unwind_Resume_or_Rethrow
                0x0800477c        0xc /usr/lib/gcc/arm-none-eabi/14.1.0/thumb/v7e-m+fp/hard/libgcc.a(unwind-arm.o)

.ARM            0x08004788      0x138
                0x08004788                        __exidx_start = .
 *(.ARM.exidx*)
 .ARM.exidx     0x08004788        0x8 /usr/lib/gcc/arm-none-eabi/14.1.0/../../../../arm-none-eabi/lib/thumb/v7e-m+fp/hard/libc.a(libc_a-strcmp.o)
 .ARM.exidx     0x08004790        0x0 /usr/lib/gcc/arm-none-eabi/14.1.0/../../../../arm-none-eabi/lib/thumb/v7e-m+fp/hard/libc.a(libc_a-memcpy.o)
                                  0x8 (size before relaxing)
 .ARM.exidx.text._Z41__static_initialization_and_destruction_0v
                0x08004790        0x0 build/main.o
                                  0x8 (size before relaxing)
 .ARM.exidx.text._ZN15InterruptObjectI17RTC_HandleTypeDefE3irqEv
                0x08004790        0x0 build/main.o
                                  0x8 (size before relaxing)
 .ARM.exidx.text._ZN15InterruptObjectI19__I2S_HandleTypeDefE3irqEv
                0x08004790        0x0 build/main.o
                                  0x8 (size before relaxing)
 .ARM.exidx.text._ZL12MX_GPIO_Initv
                0x08004790        0x8 build/main.o
 .ARM.exidx.text._ZL11MX_DMA_Initv
                0x08004798        0x8 build/main.o
 .ARM.exidx.text.HAL_I2S_TxCpltCallback
                0x080047a0        0x8 build/main.o
 .ARM.exidx.text.HAL_RTC_AlarmAEventCallback
                0x080047a8        0x8 build/main.o
 .ARM.exidx.text._Z16register_handleriP16InterruptHandler
                0x080047b0        0x8 build/main.o
 .ARM.exidx.text.Error_Handler
                0x080047b8        0x0 build/main.o
                                  0x8 (size before relaxing)
 .ARM.exidx.text._ZL12MX_I2C1_Initv
                0x080047b8        0x8 build/main.o
 .ARM.exidx.text._ZL12MX_I2S2_Initv
                0x080047c0        0x8 build/main.o
 .ARM.exidx.text._ZL12MX_SPI1_Initv
                0x080047c8        0x8 build/main.o
 .ARM.exidx.text._ZL19MX_USART1_UART_Initv
                0x080047d0        0x8 build/main.o
 .ARM.exidx.text._ZL11MX_RTC_Initv
                0x080047d8        0x8 build/main.o
 .ARM.exidx.text._Z18SystemClock_Configv
                0x080047e0        0x8 build/main.o
 .ARM.exidx.text.main
                0x080047e8        0x8 build/main.o
 .ARM.exidx.text._GLOBAL__sub_I_hi2c1
                0x080047f0        0x8 build/main.o
 .ARM.exidx.text._ZN10sleep_test9enterStopER17RTC_HandleTypeDef
                0x080047f8        0x8 build/sleep_test.o
 .ARM.exidx.text._ZN10sleep_test9leaveStopEv
                0x08004800        0x8 build/sleep_test.o
 .ARM.exidx.text._ZN10sleep_test7runTestER17RTC_HandleTypeDef
                0x08004808       0x10 build/sleep_test.o
                                  0x8 (size before relaxing)
 .ARM.exidx.text._ZNK10__cxxabiv117__class_type_info11__do_upcastEPKS0_PPv
                0x08004818        0x8 /usr/lib/gcc/arm-none-eabi/14.1.0/../../../../arm-none-eabi/lib/thumb/v7e-m+fp/hard/libstdc++.a(class_type_info.o)
 .ARM.exidx.text._ZNK10__cxxabiv117__class_type_info20__do_find_public_srcEiPKvPKS0_S2_
                0x08004820        0x8 /usr/lib/gcc/arm-none-eabi/14.1.0/../../../../arm-none-eabi/lib/thumb/v7e-m+fp/hard/libstdc++.a(class_type_info.o)
 .ARM.exidx.text._ZN10__cxxabiv117__class_type_infoD2Ev
                0x08004828        0x0 /usr/lib/gcc/arm-none-eabi/14.1.0/../../../../arm-none-eabi/lib/thumb/v7e-m+fp/hard/libstdc++.a(class_type_info.o)
                                  0x8 (size before relaxing)
 .ARM.exidx.text._ZN10__cxxabiv117__class_type_infoD0Ev
                0x08004828        0x0 /usr/lib/gcc/arm-none-eabi/14.1.0/../../../../arm-none-eabi/lib/thumb/v7e-m+fp/hard/libstdc++.a(class_type_info.o)
                                  0x8 (size before relaxing)
 .ARM.exidx.text._ZNK10__cxxabiv117__class_type_info12__do_dyncastEiNS0_10__sub_kindEPKS0_PKvS3_S5_RNS0_16__dyncast_resultE
                0x08004828        0x0 /usr/lib/gcc/arm-none-eabi/14.1.0/../../../../arm-none-eabi/lib/thumb/v7e-m+fp/hard/libstdc++.a(class_type_info.o)
                                  0x8 (size before relaxing)
 .ARM.exidx.text._ZNK10__cxxabiv117__class_type_info11__do_upcastEPKS0_PKvRNS0_15__upcast_resultE
                0x08004828        0x0 /usr/lib/gcc/arm-none-eabi/14.1.0/../../../../arm-none-eabi/lib/thumb/v7e-m+fp/hard/libstdc++.a(class_type_info.o)
                                  0x8 (size before relaxing)
 .ARM.exidx.text._ZNK10__cxxabiv117__class_type_info10__do_catchEPKSt9type_infoPPvj
                0x08004828        0x0 /usr/lib/gcc/arm-none-eabi/14.1.0/../../../../arm-none-eabi/lib/thumb/v7e-m+fp/hard/libstdc++.a(class_type_info.o)
                                  0x8 (size before relaxing)
 .ARM.exidx.text._ZdlPvj
                0x08004828        0x0 /usr/lib/gcc/arm-none-eabi/14.1.0/../../../../arm-none-eabi/lib/thumb/v7e-m+fp/hard/libstdc++.a(del_ops.o)
                                  0x8 (size before relaxing)
 .ARM.exidx.text._ZN10__cxxabiv120__si_class_type_infoD2Ev
                0x08004828        0x0 /usr/lib/gcc/arm-none-eabi/14.1.0/../../../../arm-none-eabi/lib/thumb/v7e-m+fp/hard/libstdc++.a(si_class_type_info.o)
                                  0x8 (size before relaxing)
 .ARM.exidx.text._ZN10__cxxabiv120__si_class_type_infoD0Ev
                0x08004828        0x0 /usr/lib/gcc/arm-none-eabi/14.1.0/../../../../arm-none-eabi/lib/thumb/v7e-m+fp/hard/libstdc++.a(si_class_type_info.o)
                                  0x8 (size before relaxing)
 .ARM.exidx.text._ZNK10__cxxabiv120__si_class_type_info20__do_find_public_srcEiPKvPKNS_17__class_type_infoES2_
                0x08004828        0x0 /usr/lib/gcc/arm-none-eabi/14.1.0/../../../../arm-none-eabi/lib/thumb/v7e-m+fp/hard/libstdc++.a(si_class_type_info.o)
                                  0x8 (size before relaxing)
 .ARM.exidx.text._ZNK10__cxxabiv120__si_class_type_info12__do_dyncastEiNS_17__class_type_info10__sub_kindEPKS1_PKvS4_S6_RNS1_16__dyncast_resultE
                0x08004828        0x0 /usr/lib/gcc/arm-none-eabi/14.1.0/../../../../arm-none-eabi/lib/thumb/v7e-m+fp/hard/libstdc++.a(si_class_type_info.o)
                                  0x8 (size before relaxing)
 .ARM.exidx.text._ZNK10__cxxabiv120__si_class_type_info11__do_upcastEPKNS_17__class_type_infoEPKvRNS1_15__upcast_resultE
                0x08004828        0x8 /usr/lib/gcc/arm-none-eabi/14.1.0/../../../../arm-none-eabi/lib/thumb/v7e-m+fp/hard/libstdc++.a(si_class_type_info.o)
 .ARM.exidx.text._ZNSt9type_infoD2Ev
                0x08004830        0x8 /usr/lib/gcc/arm-none-eabi/14.1.0/../../../../arm-none-eabi/lib/thumb/v7e-m+fp/hard/libstdc++.a(tinfo.o)
 .ARM.exidx.text._ZNKSt9type_info14__is_pointer_pEv
                0x08004838        0x0 /usr/lib/gcc/arm-none-eabi/14.1.0/../../../../arm-none-eabi/lib/thumb/v7e-m+fp/hard/libstdc++.a(tinfo.o)
                                  0x8 (size before relaxing)
 .ARM.exidx.text._ZNKSt9type_infoeqERKS_
                0x08004838        0x0 /usr/lib/gcc/arm-none-eabi/14.1.0/../../../../arm-none-eabi/lib/thumb/v7e-m+fp/hard/libstdc++.a(tinfo.o)
                                  0x8 (size before relaxing)
 .ARM.exidx.text._ZdlPv
                0x08004838        0x0 /usr/lib/gcc/arm-none-eabi/14.1.0/../../../../arm-none-eabi/lib/thumb/v7e-m+fp/hard/libstdc++.a(del_op.o)
                                  0x8 (size before relaxing)
 .ARM.exidx.text.__udivmoddi4
                0x08004838        0x0 /usr/lib/gcc/arm-none-eabi/14.1.0/thumb/v7e-m+fp/hard/libgcc.a(_udivmoddi4.o)
                                  0x8 (size before relaxing)
 .ARM.exidx.text.selfrel_offset31
                0x08004838        0x0 /usr/lib/gcc/arm-none-eabi/14.1.0/thumb/v7e-m+fp/hard/libgcc.a(unwind-arm.o)
                                  0x8 (size before relaxing)
 .ARM.exidx.text.search_EIT_table
                0x08004838        0x0 /usr/lib/gcc/arm-none-eabi/14.1.0/thumb/v7e-m+fp/hard/libgcc.a(unwind-arm.o)
                                  0x8 (size before relaxing)
 .ARM.exidx.text.__gnu_unwind_get_pr_addr
                0x08004838        0x0 /usr/lib/gcc/arm-none-eabi/14.1.0/thumb/v7e-m+fp/hard/libgcc.a(unwind-arm.o)
                                  0x8 (size before relaxing)
 .ARM.exidx.text.get_eit_entry
                0x08004838        0x8 /usr/lib/gcc/arm-none-eabi/14.1.0/thumb/v7e-m+fp/hard/libgcc.a(unwind-arm.o)
 .ARM.exidx.text.restore_non_core_regs
                0x08004840        0x8 /usr/lib/gcc/arm-none-eabi/14.1.0/thumb/v7e-m+fp/hard/libgcc.a(unwind-arm.o)
 .ARM.exidx.text._Unwind_decode_typeinfo_ptr.constprop.0
                0x08004848        0x8 /usr/lib/gcc/arm-none-eabi/14.1.0/thumb/v7e-m+fp/hard/libgcc.a(unwind-arm.o)
 .ARM.exidx.text._Unwind_DebugHook
                0x08004850        0x0 /usr/lib/gcc/arm-none-eabi/14.1.0/thumb/v7e-m+fp/hard/libgcc.a(unwind-arm.o)
                                  0x8 (size before relaxing)
 .ARM.exidx.text.unwind_phase2
                0x08004850        0x8 /usr/lib/gcc/arm-none-eabi/14.1.0/thumb/v7e-m+fp/hard/libgcc.a(unwind-arm.o)
 .ARM.exidx.text.unwind_phase2_forced
                0x08004858        0x8 /usr/lib/gcc/arm-none-eabi/14.1.0/thumb/v7e-m+fp/hard/libgcc.a(unwind-arm.o)
 .ARM.exidx.text.__gnu_Unwind_RaiseException
                0x08004860        0x8 /usr/lib/gcc/arm-none-eabi/14.1.0/thumb/v7e-m+fp/hard/libgcc.a(unwind-arm.o)
 .ARM.exidx.text.__gnu_Unwind_ForcedUnwind
                0x08004868        0x8 /usr/lib/gcc/arm-none-eabi/14.1.0/thumb/v7e-m+fp/hard/libgcc.a(unwind-arm.o)
 .ARM.exidx.text.__gnu_Unwind_Resume
                0x08004870        0x8 /usr/lib/gcc/arm-none-eabi/14.1.0/thumb/v7e-m+fp/hard/libgcc.a(unwind-arm.o)
 .ARM.exidx.text.__gnu_Unwind_Resume_or_Rethrow
                0x08004878        0x8 /usr/lib/gcc/arm-none-eabi/14.1.0/thumb/v7e-m+fp/hard/libgcc.a(unwind-arm.o)
 .ARM.exidx.text._Unwind_VRS_Get
                0x08004880        0x8 /usr/lib/gcc/arm-none-eabi/14.1.0/thumb/v7e-m+fp/hard/libgcc.a(unwind-arm.o)
 .ARM.exidx.text._Unwind_GetGR
                0x08004888        0x0 /usr/lib/gcc/arm-none-eabi/14.1.0/thumb/v7e-m+fp/hard/libgcc.a(unwind-arm.o)
                                  0x8 (size before relaxing)
 .ARM.exidx.text._Unwind_VRS_Set
                0x08004888        0x0 /usr/lib/gcc/arm-none-eabi/14.1.0/thumb/v7e-m+fp/hard/libgcc.a(unwind-arm.o)
                                  0x8 (size before relaxing)
 .ARM.exidx.text._Unwind_SetGR
                0x08004888        0x0 /usr/lib/gcc/arm-none-eabi/14.1.0/thumb/v7e-m+fp/hard/libgcc.a(unwind-arm.o)
                                  0x8 (size before relaxing)
 .ARM.exidx.text.__gnu_Unwind_Backtrace
                0x08004888        0x8 /usr/lib/gcc/arm-none-eabi/14.1.0/thumb/v7e-m+fp/hard/libgcc.a(unwind-arm.o)
 .ARM.exidx.text.__gnu_unwind_pr_common
                0x08004890        0x8 /usr/lib/gcc/arm-none-eabi/14.1.0/thumb/v7e-m+fp/hard/libgcc.a(unwind-arm.o)
 .ARM.exidx.text.__aeabi_unwind_cpp_pr0
                0x08004898        0x8 /usr/lib/gcc/arm-none-eabi/14.1.0/thumb/v7e-m+fp/hard/libgcc.a(unwind-arm.o)
 .ARM.exidx.text.__aeabi_unwind_cpp_pr1
                0x080048a0        0x0 /usr/lib/gcc/arm-none-eabi/14.1.0/thumb/v7e-m+fp/hard/libgcc.a(unwind-arm.o)
                                  0x8 (size before relaxing)
 .ARM.exidx.text.__aeabi_unwind_cpp_pr2
                0x080048a0        0x0 /usr/lib/gcc/arm-none-eabi/14.1.0/thumb/v7e-m+fp/hard/libgcc.a(unwind-arm.o)
                                  0x8 (size before relaxing)
 .ARM.exidx.text._Unwind_VRS_Pop
                0x080048a0        0x8 /usr/lib/gcc/arm-none-eabi/14.1.0/thumb/v7e-m+fp/hard/libgcc.a(unwind-arm.o)
 .ARM.exidx.text.next_unwind_byte
                0x080048a8        0x8 /usr/lib/gcc/arm-none-eabi/14.1.0/thumb/v7e-m+fp/hard/libgcc.a(pr-support.o)
 .ARM.exidx.text.__gnu_unwind_execute
                0x080048b0       0x10 /usr/lib/gcc/arm-none-eabi/14.1.0/thumb/v7e-m+fp/hard/libgcc.a(pr-support.o)
                                  0x8 (size before relaxing)
                0x080048c0                        __exidx_end = .

.rel.dyn        0x080048c0        0x0
 .rel.iplt      0x080048c0        0x0 /usr/lib/gcc/arm-none-eabi/14.1.0/thumb/v7e-m+fp/hard/crtbegin.o

.preinit_array  0x080048c0        0x0
                0x080048c0                        PROVIDE (__preinit_array_start = .)
 *(.preinit_array*)
                0x080048c0                        PROVIDE (__preinit_array_end = .)

.init_array     0x080048c0        0xc
                0x080048c0                        PROVIDE (__init_array_start = .)
 *(SORT_BY_NAME(.init_array.*))
 .init_array.00000
                0x080048c0        0x4 /usr/lib/gcc/arm-none-eabi/14.1.0/../../../../arm-none-eabi/lib/thumb/v7e-m+fp/hard/libc.a(libc_a-__call_atexit.o)
 *(.init_array*)
 .init_array    0x080048c4        0x4 /usr/lib/gcc/arm-none-eabi/14.1.0/thumb/v7e-m+fp/hard/crtbegin.o
 .init_array    0x080048c8        0x4 build/main.o
                0x080048cc                        PROVIDE (__init_array_end = .)

.fini_array     0x080048cc        0x4
                0x080048cc                        PROVIDE (__fini_array_start = .)
 *(SORT_BY_NAME(.fini_array.*))
 *(.fini_array*)
 .fini_array    0x080048cc        0x4 /usr/lib/gcc/arm-none-eabi/14.1.0/thumb/v7e-m+fp/hard/crtbegin.o
                0x080048d0                        PROVIDE (__fini_array_end = .)
                0x080048d0                        _sidata = LOADADDR (.data)

.data           0x20000000      0x54c load address 0x080048d0
                0x20000000                        . = ALIGN (0x4)
                0x20000000                        _sdata = .
 *(.data)
 *(.data*)
 .data.SystemCoreClock
                0x20000000        0x4 build/system_stm32f4xx.o
                0x20000000                SystemCoreClock
 .data.uwTickFreq
                0x20000004        0x1 build/stm32f4xx_hal.o
                0x20000004                uwTickFreq
 *fill*         0x20000005        0x3 
 .data.uwTickPrio
                0x20000008        0x4 build/stm32f4xx_hal.o
                0x20000008                uwTickPrio
 .data.__malloc_sbrk_base
                0x2000000c        0x4 /usr/lib/gcc/arm-none-eabi/14.1.0/../../../../arm-none-eabi/lib/thumb/v7e-m+fp/hard/libc.a(libc_a-mallocr.o)
                0x2000000c                __malloc_sbrk_base
 .data.__malloc_trim_threshold
                0x20000010        0x4 /usr/lib/gcc/arm-none-eabi/14.1.0/../../../../arm-none-eabi/lib/thumb/v7e-m+fp/hard/libc.a(libc_a-mallocr.o)
                0x20000010                __malloc_trim_threshold
 *fill*         0x20000014        0x4 
 .data.__malloc_av_
                0x20000018      0x408 /usr/lib/gcc/arm-none-eabi/14.1.0/../../../../arm-none-eabi/lib/thumb/v7e-m+fp/hard/libc.a(libc_a-mallocr.o)
                0x20000018                __malloc_av_
 .data._impure_ptr
                0x20000420        0x4 /usr/lib/gcc/arm-none-eabi/14.1.0/../../../../arm-none-eabi/lib/thumb/v7e-m+fp/hard/libc.a(libc_a-impure.o)
                0x20000420                _impure_ptr
 *fill*         0x20000424        0x4 
 .data._impure_data
                0x20000428      0x120 /usr/lib/gcc/arm-none-eabi/14.1.0/../../../../arm-none-eabi/lib/thumb/v7e-m+fp/hard/libc.a(libc_a-impure.o)
                0x20000428                _impure_data
 .data.__atexit_recursive_mutex
                0x20000548        0x4 /usr/lib/gcc/arm-none-eabi/14.1.0/../../../../arm-none-eabi/lib/thumb/v7e-m+fp/hard/libc.a(libc_a-__call_atexit.o)
                0x20000548                __atexit_recursive_mutex
                0x2000054c                        . = ALIGN (0x4)
                0x2000054c                        _edata = .

.igot.plt       0x2000054c        0x0 load address 0x08004e1c
 .igot.plt      0x2000054c        0x0 /usr/lib/gcc/arm-none-eabi/14.1.0/thumb/v7e-m+fp/hard/crtbegin.o
                0x2000054c                        . = ALIGN (0x4)

.bss            0x2000054c      0x500 load address 0x08004e1c
                0x2000054c                        _sbss = .
                0x2000054c                        __bss_start__ = _sbss
 *(.bss)
 *(.bss*)
 .bss.completed.1
                0x2000054c        0x1 /usr/lib/gcc/arm-none-eabi/14.1.0/thumb/v7e-m+fp/hard/crtbegin.o
 *fill*         0x2000054d        0x3 
 .bss.object.0  0x20000550       0x18 /usr/lib/gcc/arm-none-eabi/14.1.0/thumb/v7e-m+fp/hard/crtbegin.o
 .bss._ZL8Handlers
                0x20000568        0x8 build/main.o
 .bss.alarmObj  0x20000570        0xc build/main.o
                0x20000570                alarmObj
 .bss.i2sObj    0x2000057c        0xc build/main.o
                0x2000057c                i2sObj
 .bss.huart1    0x20000588       0x44 build/main.o
                0x20000588                huart1
 .bss.hspi1     0x200005cc       0x58 build/main.o
                0x200005cc                hspi1
 .bss.hrtc      0x20000624       0x20 build/main.o
                0x20000624                hrtc
 .bss.hdma_spi2_tx
                0x20000644       0x60 build/main.o
                0x20000644                hdma_spi2_tx
 .bss.hi2s2     0x200006a4       0x48 build/main.o
                0x200006a4                hi2s2
 .bss.hi2c1     0x200006ec       0x54 build/main.o
                0x200006ec                hi2c1
 .bss.uwTick    0x20000740        0x4 build/stm32f4xx_hal.o
                0x20000740                uwTick
 .bss.__malloc_current_mallinfo
                0x20000744       0x28 /usr/lib/gcc/arm-none-eabi/14.1.0/../../../../arm-none-eabi/lib/thumb/v7e-m+fp/hard/libc.a(libc_a-mallocr.o)
                0x20000744                __malloc_current_mallinfo
 .bss.__malloc_top_pad
                0x2000076c        0x4 /usr/lib/gcc/arm-none-eabi/14.1.0/../../../../arm-none-eabi/lib/thumb/v7e-m+fp/hard/libc.a(libc_a-mallocr.o)
                0x2000076c                __malloc_top_pad
 .bss.__sf      0x20000770      0x138 /usr/lib/gcc/arm-none-eabi/14.1.0/../../../../arm-none-eabi/lib/thumb/v7e-m+fp/hard/libc.a(libc_a-findfp.o)
                0x20000770                __sf
 .bss.errno     0x200008a8        0x4 /usr/lib/gcc/arm-none-eabi/14.1.0/../../../../arm-none-eabi/lib/thumb/v7e-m+fp/hard/libc.a(libc_a-reent.o)
                0x200008a8                errno
 .bss.__lock___malloc_recursive_mutex
                0x200008ac        0x1 /usr/lib/gcc/arm-none-eabi/14.1.0/../../../../arm-none-eabi/lib/thumb/v7e-m+fp/hard/libc.a(libc_a-lock.o)
                0x200008ac                __lock___malloc_recursive_mutex
 *fill*         0x200008ad        0x3 
 .bss.__lock___atexit_recursive_mutex
                0x200008b0        0x1 /usr/lib/gcc/arm-none-eabi/14.1.0/../../../../arm-none-eabi/lib/thumb/v7e-m+fp/hard/libc.a(libc_a-lock.o)
                0x200008b0                __lock___atexit_recursive_mutex
 *fill*         0x200008b1        0x3 
 .bss.__atexit0
                0x200008b4      0x190 /usr/lib/gcc/arm-none-eabi/14.1.0/../../../../arm-none-eabi/lib/thumb/v7e-m+fp/hard/libc.a(libc_a-__atexit.o)
                0x200008b4                __atexit0
 .bss.__atexit  0x20000a44        0x4 /usr/lib/gcc/arm-none-eabi/14.1.0/../../../../arm-none-eabi/lib/thumb/v7e-m+fp/hard/libc.a(libc_a-__call_atexit.o)
                0x20000a44                __atexit
 .bss.heap_end.0
                0x20000a48        0x4 /usr/lib/gcc/arm-none-eabi/14.1.0/../../../../arm-none-eabi/lib/thumb/v7e-m+fp/hard/libnosys.a(sbrk.o)
 *(COMMON)
                0x20000a4c                        . = ALIGN (0x4)
                0x20000a4c                        _ebss = .
                0x20000a4c                        __bss_end__ = _ebss

._user_heap_stack
                0x20000a4c      0x604 load address 0x08004e1c
                0x20000a50                        . = ALIGN (0x8)
 *fill*         0x20000a4c        0x4 
                0x20000a50                        PROVIDE (end = .)
                [!provide]                        PROVIDE (_end = .)
                0x20000c50                        . = (. + _Min_Heap_Size)
 *fill*         0x20000a50      0x200 
                0x20001050                        . = (. + _Min_Stack_Size)
 *fill*         0x20000c50      0x400 
                0x20001050                        . = ALIGN (0x8)

/DISCARD/
 libc.a(*)
 libm.a(*)
 libgcc.a(*)

.ARM.attributes
                0x00000000       0x30
 *(.ARM.attributes)
 .ARM.attributes
                0x00000000       0x22 /usr/lib/gcc/arm-none-eabi/14.1.0/thumb/v7e-m+fp/hard/crti.o
 .ARM.attributes
                0x00000022       0x34 /usr/lib/gcc/arm-none-eabi/14.1.0/thumb/v7e-m+fp/hard/crtbegin.o
 .ARM.attributes
                0x00000056       0x34 build/main.o
 .ARM.attributes
                0x0000008a       0x34 build/sleep_test.o
 .ARM.attributes
                0x000000be       0x34 build/stm32f4xx_hal_msp.o
 .ARM.attributes
                0x000000f2       0x34 build/stm32f4xx_it.o
 .ARM.attributes
                0x00000126       0x34 build/system_stm32f4xx.o
 .ARM.attributes
                0x0000015a       0x34 build/stm32f4xx_hal.o
 .ARM.attributes
                0x0000018e       0x34 build/stm32f4xx_hal_cortex.o
 .ARM.attributes
                0x000001c2       0x34 build/stm32f4xx_hal_dma.o
 .ARM.attributes
                0x000001f6       0x34 build/stm32f4xx_hal_gpio.o
 .ARM.attributes
                0x0000022a       0x34 build/stm32f4xx_hal_i2c.o
 .ARM.attributes
                0x0000025e       0x34 build/stm32f4xx_hal_i2s.o
 .ARM.attributes
                0x00000292       0x34 build/stm32f4xx_hal_i2s_ex.o
 .ARM.attributes
                0x000002c6       0x34 build/stm32f4xx_hal_pwr.o
 .ARM.attributes
                0x000002fa       0x34 build/stm32f4xx_hal_rcc.o
 .ARM.attributes
                0x0000032e       0x34 build/stm32f4xx_hal_rcc_ex.o
 .ARM.attributes
                0x00000362       0x34 build/stm32f4xx_hal_rtc.o
 .ARM.attributes
                0x00000396       0x34 build/stm32f4xx_hal_rtc_ex.o
 .ARM.attributes
                0x000003ca       0x34 build/stm32f4xx_hal_spi.o
 .ARM.attributes
                0x000003fe       0x34 build/stm32f4xx_hal_uart.o
 .ARM.attributes
                0x00000432       0x21 build/startup_stm32f401xc.o
 .ARM.attributes
                0x00000453       0x34 /usr/lib/gcc/arm-none-eabi/14.1.0/../../../../arm-none-eabi/lib/thumb/v7e-m+fp/hard/libstdc++.a(class_type_info.o)
 .ARM.attributes
                0x00000487       0x34 /usr/lib/gcc/arm-none-eabi/14.1.0/../../../../arm-none-eabi/lib/thumb/v7e-m+fp/hard/libstdc++.a(del_ops.o)
 .ARM.attributes
                0x000004bb       0x34 /usr/lib/gcc/arm-none-eabi/14.1.0/../../../../arm-none-eabi/lib/thumb/v7e-m+fp/hard/libstdc++.a(si_class_type_info.o)
 .ARM.attributes
                0x000004ef       0x34 /usr/lib/gcc/arm-none-eabi/14.1.0/../../../../arm-none-eabi/lib/thumb/v7e-m+fp/hard/libstdc++.a(tinfo.o)
 .ARM.attributes
                0x00000523       0x34 /usr/lib/gcc/arm-none-eabi/14.1.0/../../../../arm-none-eabi/lib/thumb/v7e-m+fp/hard/libstdc++.a(del_op.o)
 .ARM.attributes
                0x00000557       0x34 /usr/lib/gcc/arm-none-eabi/14.1.0/../../../../arm-none-eabi/lib/thumb/v7e-m+fp/hard/libc.a(libc_a-atexit.o)
 .ARM.attributes
                0x0000058b       0x34 /usr/lib/gcc/arm-none-eabi/14.1.0/../../../../arm-none-eabi/lib/thumb/v7e-m+fp/hard/libc.a(libc_a-malloc.o)
 .ARM.attributes
                0x000005bf       0x34 /usr/lib/gcc/arm-none-eabi/14.1.0/../../../../arm-none-eabi/lib/thumb/v7e-m+fp/hard/libc.a(libc_a-mallocr.o)
 .ARM.attributes
                0x000005f3       0x34 /usr/lib/gcc/arm-none-eabi/14.1.0/../../../../arm-none-eabi/lib/thumb/v7e-m+fp/hard/libc.a(libc_a-mlock.o)
 .ARM.attributes
                0x00000627       0x34 /usr/lib/gcc/arm-none-eabi/14.1.0/../../../../arm-none-eabi/lib/thumb/v7e-m+fp/hard/libc.a(libc_a-findfp.o)
 .ARM.attributes
                0x0000065b       0x34 /usr/lib/gcc/arm-none-eabi/14.1.0/../../../../arm-none-eabi/lib/thumb/v7e-m+fp/hard/libc.a(libc_a-memset.o)
 .ARM.attributes
                0x0000068f       0x34 /usr/lib/gcc/arm-none-eabi/14.1.0/../../../../arm-none-eabi/lib/thumb/v7e-m+fp/hard/libc.a(libc_a-reent.o)
 .ARM.attributes
                0x000006c3       0x34 /usr/lib/gcc/arm-none-eabi/14.1.0/../../../../arm-none-eabi/lib/thumb/v7e-m+fp/hard/libc.a(libc_a-impure.o)
 .ARM.attributes
                0x000006f7       0x34 /usr/lib/gcc/arm-none-eabi/14.1.0/../../../../arm-none-eabi/lib/thumb/v7e-m+fp/hard/libc.a(libc_a-sbrkr.o)
 .ARM.attributes
                0x0000072b       0x34 /usr/lib/gcc/arm-none-eabi/14.1.0/../../../../arm-none-eabi/lib/thumb/v7e-m+fp/hard/libc.a(libc_a-init.o)
 .ARM.attributes
                0x0000075f       0x34 /usr/lib/gcc/arm-none-eabi/14.1.0/../../../../arm-none-eabi/lib/thumb/v7e-m+fp/hard/libc.a(libc_a-fini.o)
 .ARM.attributes
                0x00000793       0x34 /usr/lib/gcc/arm-none-eabi/14.1.0/../../../../arm-none-eabi/lib/thumb/v7e-m+fp/hard/libc.a(libc_a-lock.o)
 .ARM.attributes
                0x000007c7       0x34 /usr/lib/gcc/arm-none-eabi/14.1.0/../../../../arm-none-eabi/lib/thumb/v7e-m+fp/hard/libc.a(libc_a-sysconf.o)
 .ARM.attributes
                0x000007fb       0x20 /usr/lib/gcc/arm-none-eabi/14.1.0/../../../../arm-none-eabi/lib/thumb/v7e-m+fp/hard/libc.a(libc_a-strcmp.o)
 .ARM.attributes
                0x0000081b       0x34 /usr/lib/gcc/arm-none-eabi/14.1.0/../../../../arm-none-eabi/lib/thumb/v7e-m+fp/hard/libc.a(libc_a-__atexit.o)
 .ARM.attributes
                0x0000084f       0x34 /usr/lib/gcc/arm-none-eabi/14.1.0/../../../../arm-none-eabi/lib/thumb/v7e-m+fp/hard/libc.a(libc_a-__call_atexit.o)
 .ARM.attributes
                0x00000883       0x34 /usr/lib/gcc/arm-none-eabi/14.1.0/../../../../arm-none-eabi/lib/thumb/v7e-m+fp/hard/libc.a(libc_a-freer.o)
 .ARM.attributes
                0x000008b7       0x34 /usr/lib/gcc/arm-none-eabi/14.1.0/../../../../arm-none-eabi/lib/thumb/v7e-m+fp/hard/libc.a(libc_a-errno.o)
 .ARM.attributes
                0x000008eb       0x22 /usr/lib/gcc/arm-none-eabi/14.1.0/thumb/v7e-m+fp/hard/libgcc.a(_aeabi_uldivmod.o)
 .ARM.attributes
                0x0000090d       0x34 /usr/lib/gcc/arm-none-eabi/14.1.0/thumb/v7e-m+fp/hard/libgcc.a(_udivmoddi4.o)
 .ARM.attributes
                0x00000941       0x34 /usr/lib/gcc/arm-none-eabi/14.1.0/thumb/v7e-m+fp/hard/libgcc.a(unwind-arm.o)
 .ARM.attributes
                0x00000975       0x22 /usr/lib/gcc/arm-none-eabi/14.1.0/thumb/v7e-m+fp/hard/libgcc.a(libunwind.o)
 .ARM.attributes
                0x00000997       0x34 /usr/lib/gcc/arm-none-eabi/14.1.0/thumb/v7e-m+fp/hard/libgcc.a(pr-support.o)
 .ARM.attributes
                0x000009cb       0x22 /usr/lib/gcc/arm-none-eabi/14.1.0/thumb/v7e-m+fp/hard/libgcc.a(_dvmd_tls.o)
 .ARM.attributes
                0x000009ed       0x34 /usr/lib/gcc/arm-none-eabi/14.1.0/../../../../arm-none-eabi/lib/thumb/v7e-m+fp/hard/libc.a(libc_a-abort.o)
 .ARM.attributes
                0x00000a21       0x34 /usr/lib/gcc/arm-none-eabi/14.1.0/../../../../arm-none-eabi/lib/thumb/v7e-m+fp/hard/libc.a(libc_a-signal.o)
 .ARM.attributes
                0x00000a55       0x34 /usr/lib/gcc/arm-none-eabi/14.1.0/../../../../arm-none-eabi/lib/thumb/v7e-m+fp/hard/libc.a(libc_a-signalr.o)
 .ARM.attributes
                0x00000a89       0x20 /usr/lib/gcc/arm-none-eabi/14.1.0/../../../../arm-none-eabi/lib/thumb/v7e-m+fp/hard/libc.a(libc_a-memcpy.o)
 .ARM.attributes
                0x00000aa9       0x34 /usr/lib/gcc/arm-none-eabi/14.1.0/../../../../arm-none-eabi/lib/thumb/v7e-m+fp/hard/libnosys.a(getpid.o)
 .ARM.attributes
                0x00000add       0x34 /usr/lib/gcc/arm-none-eabi/14.1.0/../../../../arm-none-eabi/lib/thumb/v7e-m+fp/hard/libnosys.a(kill.o)
 .ARM.attributes
                0x00000b11       0x34 /usr/lib/gcc/arm-none-eabi/14.1.0/../../../../arm-none-eabi/lib/thumb/v7e-m+fp/hard/libnosys.a(sbrk.o)
 .ARM.attributes
                0x00000b45       0x34 /usr/lib/gcc/arm-none-eabi/14.1.0/../../../../arm-none-eabi/lib/thumb/v7e-m+fp/hard/libnosys.a(_exit.o)
 .ARM.attributes
                0x00000b79       0x22 /usr/lib/gcc/arm-none-eabi/14.1.0/thumb/v7e-m+fp/hard/crtn.o
OUTPUT(build/ElephantR9.elf elf32-littlearm)
LOAD linker stubs
LOAD /usr/lib/gcc/arm-none-eabi/14.1.0/../../../../arm-none-eabi/lib/thumb/v7e-m+fp/hard/libc.a
LOAD /usr/lib/gcc/arm-none-eabi/14.1.0/../../../../arm-none-eabi/lib/thumb/v7e-m+fp/hard/libm.a
LOAD /usr/lib/gcc/arm-none-eabi/14.1.0/thumb/v7e-m+fp/hard/libgcc.a

.debug_info     0x00000000    0x242ae
 .debug_info    0x00000000     0x2b8b build/main.o
 .debug_info    0x00002b8b      0x834 build/sleep_test.o
 .debug_info    0x000033bf     0x1a1b build/stm32f4xx_hal_msp.o
 .debug_info    0x00004dda      0x716 build/stm32f4xx_it.o
 .debug_info    0x000054f0      0x553 build/system_stm32f4xx.o
 .debug_info    0x00005a43      0x959 build/stm32f4xx_hal.o
 .debug_info    0x0000639c      0xf13 build/stm32f4xx_hal_cortex.o
 .debug_info    0x000072af      0xad8 build/stm32f4xx_hal_dma.o
 .debug_info    0x00007d87      0x73a build/stm32f4xx_hal_gpio.o
 .debug_info    0x000084c1     0x37d9 build/stm32f4xx_hal_i2c.o
 .debug_info    0x0000bc9a     0x114d build/stm32f4xx_hal_i2s.o
 .debug_info    0x0000cde7      0xdc6 build/stm32f4xx_hal_i2s_ex.o
 .debug_info    0x0000dbad      0x71c build/stm32f4xx_hal_pwr.o
 .debug_info    0x0000e2c9      0xab1 build/stm32f4xx_hal_rcc.o
 .debug_info    0x0000ed7a      0x68f build/stm32f4xx_hal_rcc_ex.o
 .debug_info    0x0000f409      0xfe5 build/stm32f4xx_hal_rtc.o
 .debug_info    0x000103ee     0x1166 build/stm32f4xx_hal_rtc_ex.o
 .debug_info    0x00011554     0x1db7 build/stm32f4xx_hal_spi.o
 .debug_info    0x0001330b     0x411d build/stm32f4xx_hal_uart.o
 .debug_info    0x00017428       0x30 build/startup_stm32f401xc.o
 .debug_info    0x00017458      0xc4c /usr/lib/gcc/arm-none-eabi/14.1.0/../../../../arm-none-eabi/lib/thumb/v7e-m+fp/hard/libstdc++.a(class_type_info.o)
 .debug_info    0x000180a4       0xaf /usr/lib/gcc/arm-none-eabi/14.1.0/../../../../arm-none-eabi/lib/thumb/v7e-m+fp/hard/libstdc++.a(del_ops.o)
 .debug_info    0x00018153      0xa13 /usr/lib/gcc/arm-none-eabi/14.1.0/../../../../arm-none-eabi/lib/thumb/v7e-m+fp/hard/libstdc++.a(si_class_type_info.o)
 .debug_info    0x00018b66      0x915 /usr/lib/gcc/arm-none-eabi/14.1.0/../../../../arm-none-eabi/lib/thumb/v7e-m+fp/hard/libstdc++.a(tinfo.o)
 .debug_info    0x0001947b      0x5b3 /usr/lib/gcc/arm-none-eabi/14.1.0/../../../../arm-none-eabi/lib/thumb/v7e-m+fp/hard/libstdc++.a(del_op.o)
 .debug_info    0x00019a2e      0x11e /usr/lib/gcc/arm-none-eabi/14.1.0/../../../../arm-none-eabi/lib/thumb/v7e-m+fp/hard/libc.a(libc_a-atexit.o)
 .debug_info    0x00019b4c      0x7be /usr/lib/gcc/arm-none-eabi/14.1.0/../../../../arm-none-eabi/lib/thumb/v7e-m+fp/hard/libc.a(libc_a-malloc.o)
 .debug_info    0x0001a30a      0xce1 /usr/lib/gcc/arm-none-eabi/14.1.0/../../../../arm-none-eabi/lib/thumb/v7e-m+fp/hard/libc.a(libc_a-mallocr.o)
 .debug_info    0x0001afeb      0x789 /usr/lib/gcc/arm-none-eabi/14.1.0/../../../../arm-none-eabi/lib/thumb/v7e-m+fp/hard/libc.a(libc_a-mlock.o)
 .debug_info    0x0001b774     0x10e0 /usr/lib/gcc/arm-none-eabi/14.1.0/../../../../arm-none-eabi/lib/thumb/v7e-m+fp/hard/libc.a(libc_a-findfp.o)
 .debug_info    0x0001c854      0x135 /usr/lib/gcc/arm-none-eabi/14.1.0/../../../../arm-none-eabi/lib/thumb/v7e-m+fp/hard/libc.a(libc_a-memset.o)
 .debug_info    0x0001c989      0x83b /usr/lib/gcc/arm-none-eabi/14.1.0/../../../../arm-none-eabi/lib/thumb/v7e-m+fp/hard/libc.a(libc_a-reent.o)
 .debug_info    0x0001d1c4      0x733 /usr/lib/gcc/arm-none-eabi/14.1.0/../../../../arm-none-eabi/lib/thumb/v7e-m+fp/hard/libc.a(libc_a-impure.o)
 .debug_info    0x0001d8f7      0x7a0 /usr/lib/gcc/arm-none-eabi/14.1.0/../../../../arm-none-eabi/lib/thumb/v7e-m+fp/hard/libc.a(libc_a-sbrkr.o)
 .debug_info    0x0001e097      0x10b /usr/lib/gcc/arm-none-eabi/14.1.0/../../../../arm-none-eabi/lib/thumb/v7e-m+fp/hard/libc.a(libc_a-init.o)
 .debug_info    0x0001e1a2       0xf7 /usr/lib/gcc/arm-none-eabi/14.1.0/../../../../arm-none-eabi/lib/thumb/v7e-m+fp/hard/libc.a(libc_a-fini.o)
 .debug_info    0x0001e299      0x218 /usr/lib/gcc/arm-none-eabi/14.1.0/../../../../arm-none-eabi/lib/thumb/v7e-m+fp/hard/libc.a(libc_a-lock.o)
 .debug_info    0x0001e4b1       0xc1 /usr/lib/gcc/arm-none-eabi/14.1.0/../../../../arm-none-eabi/lib/thumb/v7e-m+fp/hard/libc.a(libc_a-sysconf.o)
 .debug_info    0x0001e572       0x33 /usr/lib/gcc/arm-none-eabi/14.1.0/../../../../arm-none-eabi/lib/thumb/v7e-m+fp/hard/libc.a(libc_a-strcmp.o)
 .debug_info    0x0001e5a5      0x25f /usr/lib/gcc/arm-none-eabi/14.1.0/../../../../arm-none-eabi/lib/thumb/v7e-m+fp/hard/libc.a(libc_a-__atexit.o)
 .debug_info    0x0001e804      0x2dd /usr/lib/gcc/arm-none-eabi/14.1.0/../../../../arm-none-eabi/lib/thumb/v7e-m+fp/hard/libc.a(libc_a-__call_atexit.o)
 .debug_info    0x0001eae1      0xb5f /usr/lib/gcc/arm-none-eabi/14.1.0/../../../../arm-none-eabi/lib/thumb/v7e-m+fp/hard/libc.a(libc_a-freer.o)
 .debug_info    0x0001f640      0x719 /usr/lib/gcc/arm-none-eabi/14.1.0/../../../../arm-none-eabi/lib/thumb/v7e-m+fp/hard/libc.a(libc_a-errno.o)
 .debug_info    0x0001fd59       0x24 /usr/lib/gcc/arm-none-eabi/14.1.0/thumb/v7e-m+fp/hard/libgcc.a(_aeabi_uldivmod.o)
 .debug_info    0x0001fd7d      0x703 /usr/lib/gcc/arm-none-eabi/14.1.0/thumb/v7e-m+fp/hard/libgcc.a(_udivmoddi4.o)
 .debug_info    0x00020480     0x1e68 /usr/lib/gcc/arm-none-eabi/14.1.0/thumb/v7e-m+fp/hard/libgcc.a(unwind-arm.o)
 .debug_info    0x000222e8       0xb7 /usr/lib/gcc/arm-none-eabi/14.1.0/thumb/v7e-m+fp/hard/libgcc.a(libunwind.o)
 .debug_info    0x0002239f      0x960 /usr/lib/gcc/arm-none-eabi/14.1.0/thumb/v7e-m+fp/hard/libgcc.a(pr-support.o)
 .debug_info    0x00022cff       0x3c /usr/lib/gcc/arm-none-eabi/14.1.0/thumb/v7e-m+fp/hard/libgcc.a(_dvmd_tls.o)
 .debug_info    0x00022d3b       0xd8 /usr/lib/gcc/arm-none-eabi/14.1.0/../../../../arm-none-eabi/lib/thumb/v7e-m+fp/hard/libc.a(libc_a-abort.o)
 .debug_info    0x00022e13      0xc61 /usr/lib/gcc/arm-none-eabi/14.1.0/../../../../arm-none-eabi/lib/thumb/v7e-m+fp/hard/libc.a(libc_a-signal.o)
 .debug_info    0x00023a74      0x807 /usr/lib/gcc/arm-none-eabi/14.1.0/../../../../arm-none-eabi/lib/thumb/v7e-m+fp/hard/libc.a(libc_a-signalr.o)
 .debug_info    0x0002427b       0x33 /usr/lib/gcc/arm-none-eabi/14.1.0/../../../../arm-none-eabi/lib/thumb/v7e-m+fp/hard/libc.a(libc_a-memcpy.o)

.debug_abbrev   0x00000000     0x6c66
 .debug_abbrev  0x00000000      0x593 build/main.o
 .debug_abbrev  0x00000593      0x20e build/sleep_test.o
 .debug_abbrev  0x000007a1      0x26f build/stm32f4xx_hal_msp.o
 .debug_abbrev  0x00000a10      0x187 build/stm32f4xx_it.o
 .debug_abbrev  0x00000b97      0x11e build/system_stm32f4xx.o
 .debug_abbrev  0x00000cb5      0x277 build/stm32f4xx_hal.o
 .debug_abbrev  0x00000f2c      0x39b build/stm32f4xx_hal_cortex.o
 .debug_abbrev  0x000012c7      0x27d build/stm32f4xx_hal_dma.o
 .debug_abbrev  0x00001544      0x201 build/stm32f4xx_hal_gpio.o
 .debug_abbrev  0x00001745      0x2d2 build/stm32f4xx_hal_i2c.o
 .debug_abbrev  0x00001a17      0x282 build/stm32f4xx_hal_i2s.o
 .debug_abbrev  0x00001c99      0x2b7 build/stm32f4xx_hal_i2s_ex.o
 .debug_abbrev  0x00001f50      0x19c build/stm32f4xx_hal_pwr.o
 .debug_abbrev  0x000020ec      0x2c5 build/stm32f4xx_hal_rcc.o
 .debug_abbrev  0x000023b1      0x1c3 build/stm32f4xx_hal_rcc_ex.o
 .debug_abbrev  0x00002574      0x228 build/stm32f4xx_hal_rtc.o
 .debug_abbrev  0x0000279c      0x230 build/stm32f4xx_hal_rtc_ex.o
 .debug_abbrev  0x000029cc      0x278 build/stm32f4xx_hal_spi.o
 .debug_abbrev  0x00002c44      0x33c build/stm32f4xx_hal_uart.o
 .debug_abbrev  0x00002f80       0x24 build/startup_stm32f401xc.o
 .debug_abbrev  0x00002fa4      0x509 /usr/lib/gcc/arm-none-eabi/14.1.0/../../../../arm-none-eabi/lib/thumb/v7e-m+fp/hard/libstdc++.a(class_type_info.o)
 .debug_abbrev  0x000034ad       0xac /usr/lib/gcc/arm-none-eabi/14.1.0/../../../../arm-none-eabi/lib/thumb/v7e-m+fp/hard/libstdc++.a(del_ops.o)
 .debug_abbrev  0x00003559      0x45c /usr/lib/gcc/arm-none-eabi/14.1.0/../../../../arm-none-eabi/lib/thumb/v7e-m+fp/hard/libstdc++.a(si_class_type_info.o)
 .debug_abbrev  0x000039b5      0x40b /usr/lib/gcc/arm-none-eabi/14.1.0/../../../../arm-none-eabi/lib/thumb/v7e-m+fp/hard/libstdc++.a(tinfo.o)
 .debug_abbrev  0x00003dc0      0x19c /usr/lib/gcc/arm-none-eabi/14.1.0/../../../../arm-none-eabi/lib/thumb/v7e-m+fp/hard/libstdc++.a(del_op.o)
 .debug_abbrev  0x00003f5c       0xc1 /usr/lib/gcc/arm-none-eabi/14.1.0/../../../../arm-none-eabi/lib/thumb/v7e-m+fp/hard/libc.a(libc_a-atexit.o)
 .debug_abbrev  0x0000401d      0x20b /usr/lib/gcc/arm-none-eabi/14.1.0/../../../../arm-none-eabi/lib/thumb/v7e-m+fp/hard/libc.a(libc_a-malloc.o)
 .debug_abbrev  0x00004228      0x2d7 /usr/lib/gcc/arm-none-eabi/14.1.0/../../../../arm-none-eabi/lib/thumb/v7e-m+fp/hard/libc.a(libc_a-mallocr.o)
 .debug_abbrev  0x000044ff      0x1fb /usr/lib/gcc/arm-none-eabi/14.1.0/../../../../arm-none-eabi/lib/thumb/v7e-m+fp/hard/libc.a(libc_a-mlock.o)
 .debug_abbrev  0x000046fa      0x484 /usr/lib/gcc/arm-none-eabi/14.1.0/../../../../arm-none-eabi/lib/thumb/v7e-m+fp/hard/libc.a(libc_a-findfp.o)
 .debug_abbrev  0x00004b7e       0xb7 /usr/lib/gcc/arm-none-eabi/14.1.0/../../../../arm-none-eabi/lib/thumb/v7e-m+fp/hard/libc.a(libc_a-memset.o)
 .debug_abbrev  0x00004c35      0x22a /usr/lib/gcc/arm-none-eabi/14.1.0/../../../../arm-none-eabi/lib/thumb/v7e-m+fp/hard/libc.a(libc_a-reent.o)
 .debug_abbrev  0x00004e5f      0x185 /usr/lib/gcc/arm-none-eabi/14.1.0/../../../../arm-none-eabi/lib/thumb/v7e-m+fp/hard/libc.a(libc_a-impure.o)
 .debug_abbrev  0x00004fe4      0x216 /usr/lib/gcc/arm-none-eabi/14.1.0/../../../../arm-none-eabi/lib/thumb/v7e-m+fp/hard/libc.a(libc_a-sbrkr.o)
 .debug_abbrev  0x000051fa       0xc9 /usr/lib/gcc/arm-none-eabi/14.1.0/../../../../arm-none-eabi/lib/thumb/v7e-m+fp/hard/libc.a(libc_a-init.o)
 .debug_abbrev  0x000052c3       0xcc /usr/lib/gcc/arm-none-eabi/14.1.0/../../../../arm-none-eabi/lib/thumb/v7e-m+fp/hard/libc.a(libc_a-fini.o)
 .debug_abbrev  0x0000538f      0x115 /usr/lib/gcc/arm-none-eabi/14.1.0/../../../../arm-none-eabi/lib/thumb/v7e-m+fp/hard/libc.a(libc_a-lock.o)
 .debug_abbrev  0x000054a4       0x80 /usr/lib/gcc/arm-none-eabi/14.1.0/../../../../arm-none-eabi/lib/thumb/v7e-m+fp/hard/libc.a(libc_a-sysconf.o)
 .debug_abbrev  0x00005524       0x28 /usr/lib/gcc/arm-none-eabi/14.1.0/../../../../arm-none-eabi/lib/thumb/v7e-m+fp/hard/libc.a(libc_a-strcmp.o)
 .debug_abbrev  0x0000554c      0x189 /usr/lib/gcc/arm-none-eabi/14.1.0/../../../../arm-none-eabi/lib/thumb/v7e-m+fp/hard/libc.a(libc_a-__atexit.o)
 .debug_abbrev  0x000056d5      0x20c /usr/lib/gcc/arm-none-eabi/14.1.0/../../../../arm-none-eabi/lib/thumb/v7e-m+fp/hard/libc.a(libc_a-__call_atexit.o)
 .debug_abbrev  0x000058e1      0x27f /usr/lib/gcc/arm-none-eabi/14.1.0/../../../../arm-none-eabi/lib/thumb/v7e-m+fp/hard/libc.a(libc_a-freer.o)
 .debug_abbrev  0x00005b60      0x19a /usr/lib/gcc/arm-none-eabi/14.1.0/../../../../arm-none-eabi/lib/thumb/v7e-m+fp/hard/libc.a(libc_a-errno.o)
 .debug_abbrev  0x00005cfa       0x14 /usr/lib/gcc/arm-none-eabi/14.1.0/thumb/v7e-m+fp/hard/libgcc.a(_aeabi_uldivmod.o)
 .debug_abbrev  0x00005d0e      0x16a /usr/lib/gcc/arm-none-eabi/14.1.0/thumb/v7e-m+fp/hard/libgcc.a(_udivmoddi4.o)
 .debug_abbrev  0x00005e78      0x4a3 /usr/lib/gcc/arm-none-eabi/14.1.0/thumb/v7e-m+fp/hard/libgcc.a(unwind-arm.o)
 .debug_abbrev  0x0000631b       0x28 /usr/lib/gcc/arm-none-eabi/14.1.0/thumb/v7e-m+fp/hard/libgcc.a(libunwind.o)
 .debug_abbrev  0x00006343      0x2f0 /usr/lib/gcc/arm-none-eabi/14.1.0/thumb/v7e-m+fp/hard/libgcc.a(pr-support.o)
 .debug_abbrev  0x00006633       0x26 /usr/lib/gcc/arm-none-eabi/14.1.0/thumb/v7e-m+fp/hard/libgcc.a(_dvmd_tls.o)
 .debug_abbrev  0x00006659       0x99 /usr/lib/gcc/arm-none-eabi/14.1.0/../../../../arm-none-eabi/lib/thumb/v7e-m+fp/hard/libc.a(libc_a-abort.o)
 .debug_abbrev  0x000066f2      0x313 /usr/lib/gcc/arm-none-eabi/14.1.0/../../../../arm-none-eabi/lib/thumb/v7e-m+fp/hard/libc.a(libc_a-signal.o)
 .debug_abbrev  0x00006a05      0x239 /usr/lib/gcc/arm-none-eabi/14.1.0/../../../../arm-none-eabi/lib/thumb/v7e-m+fp/hard/libc.a(libc_a-signalr.o)
 .debug_abbrev  0x00006c3e       0x28 /usr/lib/gcc/arm-none-eabi/14.1.0/../../../../arm-none-eabi/lib/thumb/v7e-m+fp/hard/libc.a(libc_a-memcpy.o)

.debug_loclists
                0x00000000     0xff72
 .debug_loclists
                0x00000000       0xfc build/main.o
 .debug_loclists
                0x000000fc       0x3d build/sleep_test.o
 .debug_loclists
                0x00000139      0x1e5 build/stm32f4xx_hal_msp.o
 .debug_loclists
                0x0000031e       0xe7 build/system_stm32f4xx.o
 .debug_loclists
                0x00000405       0xe1 build/stm32f4xx_hal.o
 .debug_loclists
                0x000004e6      0x54d build/stm32f4xx_hal_cortex.o
 .debug_loclists
                0x00000a33      0x8aa build/stm32f4xx_hal_dma.o
 .debug_loclists
                0x000012dd      0x386 build/stm32f4xx_hal_gpio.o
 .debug_loclists
                0x00001663     0x3173 build/stm32f4xx_hal_i2c.o
 .debug_loclists
                0x000047d6      0xb56 build/stm32f4xx_hal_i2s.o
 .debug_loclists
                0x0000532c      0x7de build/stm32f4xx_hal_i2s_ex.o
 .debug_loclists
                0x00005b0a      0x3db build/stm32f4xx_hal_rcc.o
 .debug_loclists
                0x00005ee5      0x264 build/stm32f4xx_hal_rcc_ex.o
 .debug_loclists
                0x00006149      0xa2e build/stm32f4xx_hal_rtc.o
 .debug_loclists
                0x00006b77      0xb0f build/stm32f4xx_hal_rtc_ex.o
 .debug_loclists
                0x00007686     0x159f build/stm32f4xx_hal_spi.o
 .debug_loclists
                0x00008c25     0x2e52 build/stm32f4xx_hal_uart.o
 .debug_loclists
                0x0000ba77      0x30d /usr/lib/gcc/arm-none-eabi/14.1.0/../../../../arm-none-eabi/lib/thumb/v7e-m+fp/hard/libstdc++.a(class_type_info.o)
 .debug_loclists
                0x0000bd84       0x29 /usr/lib/gcc/arm-none-eabi/14.1.0/../../../../arm-none-eabi/lib/thumb/v7e-m+fp/hard/libstdc++.a(del_ops.o)
 .debug_loclists
                0x0000bdad      0x38e /usr/lib/gcc/arm-none-eabi/14.1.0/../../../../arm-none-eabi/lib/thumb/v7e-m+fp/hard/libstdc++.a(si_class_type_info.o)
 .debug_loclists
                0x0000c13b      0x10b /usr/lib/gcc/arm-none-eabi/14.1.0/../../../../arm-none-eabi/lib/thumb/v7e-m+fp/hard/libstdc++.a(tinfo.o)
 .debug_loclists
                0x0000c246       0x29 /usr/lib/gcc/arm-none-eabi/14.1.0/../../../../arm-none-eabi/lib/thumb/v7e-m+fp/hard/libstdc++.a(del_op.o)
 .debug_loclists
                0x0000c26f       0x30 /usr/lib/gcc/arm-none-eabi/14.1.0/../../../../arm-none-eabi/lib/thumb/v7e-m+fp/hard/libc.a(libc_a-atexit.o)
 .debug_loclists
                0x0000c29f       0x54 /usr/lib/gcc/arm-none-eabi/14.1.0/../../../../arm-none-eabi/lib/thumb/v7e-m+fp/hard/libc.a(libc_a-malloc.o)
 .debug_loclists
                0x0000c2f3      0xa3e /usr/lib/gcc/arm-none-eabi/14.1.0/../../../../arm-none-eabi/lib/thumb/v7e-m+fp/hard/libc.a(libc_a-mallocr.o)
 .debug_loclists
                0x0000cd31       0x46 /usr/lib/gcc/arm-none-eabi/14.1.0/../../../../arm-none-eabi/lib/thumb/v7e-m+fp/hard/libc.a(libc_a-mlock.o)
 .debug_loclists
                0x0000cd77      0x2d2 /usr/lib/gcc/arm-none-eabi/14.1.0/../../../../arm-none-eabi/lib/thumb/v7e-m+fp/hard/libc.a(libc_a-findfp.o)
 .debug_loclists
                0x0000d049      0x1db /usr/lib/gcc/arm-none-eabi/14.1.0/../../../../arm-none-eabi/lib/thumb/v7e-m+fp/hard/libc.a(libc_a-memset.o)
 .debug_loclists
                0x0000d224       0x83 /usr/lib/gcc/arm-none-eabi/14.1.0/../../../../arm-none-eabi/lib/thumb/v7e-m+fp/hard/libc.a(libc_a-reent.o)
 .debug_loclists
                0x0000d2a7       0x58 /usr/lib/gcc/arm-none-eabi/14.1.0/../../../../arm-none-eabi/lib/thumb/v7e-m+fp/hard/libc.a(libc_a-sbrkr.o)
 .debug_loclists
                0x0000d2ff       0x6f /usr/lib/gcc/arm-none-eabi/14.1.0/../../../../arm-none-eabi/lib/thumb/v7e-m+fp/hard/libc.a(libc_a-init.o)
 .debug_loclists
                0x0000d36e       0x4c /usr/lib/gcc/arm-none-eabi/14.1.0/../../../../arm-none-eabi/lib/thumb/v7e-m+fp/hard/libc.a(libc_a-fini.o)
 .debug_loclists
                0x0000d3ba       0x29 /usr/lib/gcc/arm-none-eabi/14.1.0/../../../../arm-none-eabi/lib/thumb/v7e-m+fp/hard/libc.a(libc_a-lock.o)
 .debug_loclists
                0x0000d3e3       0x40 /usr/lib/gcc/arm-none-eabi/14.1.0/../../../../arm-none-eabi/lib/thumb/v7e-m+fp/hard/libc.a(libc_a-sysconf.o)
 .debug_loclists
                0x0000d423       0x8e /usr/lib/gcc/arm-none-eabi/14.1.0/../../../../arm-none-eabi/lib/thumb/v7e-m+fp/hard/libc.a(libc_a-__atexit.o)
 .debug_loclists
                0x0000d4b1      0x119 /usr/lib/gcc/arm-none-eabi/14.1.0/../../../../arm-none-eabi/lib/thumb/v7e-m+fp/hard/libc.a(libc_a-__call_atexit.o)
 .debug_loclists
                0x0000d5ca      0x491 /usr/lib/gcc/arm-none-eabi/14.1.0/../../../../arm-none-eabi/lib/thumb/v7e-m+fp/hard/libc.a(libc_a-freer.o)
 .debug_loclists
                0x0000da5b      0x984 /usr/lib/gcc/arm-none-eabi/14.1.0/thumb/v7e-m+fp/hard/libgcc.a(_udivmoddi4.o)
 .debug_loclists
                0x0000e3df     0x117e /usr/lib/gcc/arm-none-eabi/14.1.0/thumb/v7e-m+fp/hard/libgcc.a(unwind-arm.o)
 .debug_loclists
                0x0000f55d      0x3af /usr/lib/gcc/arm-none-eabi/14.1.0/thumb/v7e-m+fp/hard/libgcc.a(pr-support.o)
 .debug_loclists
                0x0000f90c      0x54e /usr/lib/gcc/arm-none-eabi/14.1.0/../../../../arm-none-eabi/lib/thumb/v7e-m+fp/hard/libc.a(libc_a-signal.o)
 .debug_loclists
                0x0000fe5a       0xa0 /usr/lib/gcc/arm-none-eabi/14.1.0/../../../../arm-none-eabi/lib/thumb/v7e-m+fp/hard/libc.a(libc_a-signalr.o)
 .debug_loclists
                0x0000fefa       0x29 /usr/lib/gcc/arm-none-eabi/14.1.0/../../../../arm-none-eabi/lib/thumb/v7e-m+fp/hard/libnosys.a(kill.o)
 .debug_loclists
                0x0000ff23       0x38 /usr/lib/gcc/arm-none-eabi/14.1.0/../../../../arm-none-eabi/lib/thumb/v7e-m+fp/hard/libnosys.a(sbrk.o)
 .debug_loclists
                0x0000ff5b       0x17 /usr/lib/gcc/arm-none-eabi/14.1.0/../../../../arm-none-eabi/lib/thumb/v7e-m+fp/hard/libnosys.a(_exit.o)

.debug_aranges  0x00000000     0x16b8
 .debug_aranges
                0x00000000       0xa0 build/main.o
 .debug_aranges
                0x000000a0       0x30 build/sleep_test.o
 .debug_aranges
                0x000000d0       0x70 build/stm32f4xx_hal_msp.o
 .debug_aranges
                0x00000140       0x70 build/stm32f4xx_it.o
 .debug_aranges
                0x000001b0       0x28 build/system_stm32f4xx.o
 .debug_aranges
                0x000001d8       0xf0 build/stm32f4xx_hal.o
 .debug_aranges
                0x000002c8       0xd8 build/stm32f4xx_hal_cortex.o
 .debug_aranges
                0x000003a0       0x90 build/stm32f4xx_hal_dma.o
 .debug_aranges
                0x00000430       0x58 build/stm32f4xx_hal_gpio.o
 .debug_aranges
                0x00000488      0x2a0 build/stm32f4xx_hal_i2c.o
 .debug_aranges
                0x00000728      0x108 build/stm32f4xx_hal_i2s.o
 .debug_aranges
                0x00000830       0x88 build/stm32f4xx_hal_i2s_ex.o
 .debug_aranges
                0x000008b8       0xa0 build/stm32f4xx_hal_pwr.o
 .debug_aranges
                0x00000958       0x88 build/stm32f4xx_hal_rcc.o
 .debug_aranges
                0x000009e0       0x48 build/stm32f4xx_hal_rcc_ex.o
 .debug_aranges
                0x00000a28       0xe8 build/stm32f4xx_hal_rtc.o
 .debug_aranges
                0x00000b10      0x120 build/stm32f4xx_hal_rtc_ex.o
 .debug_aranges
                0x00000c30      0x1d0 build/stm32f4xx_hal_spi.o
 .debug_aranges
                0x00000e00      0x200 build/stm32f4xx_hal_uart.o
 .debug_aranges
                0x00001000       0x28 build/startup_stm32f401xc.o
 .debug_aranges
                0x00001028       0x50 /usr/lib/gcc/arm-none-eabi/14.1.0/../../../../arm-none-eabi/lib/thumb/v7e-m+fp/hard/libstdc++.a(class_type_info.o)
 .debug_aranges
                0x00001078       0x20 /usr/lib/gcc/arm-none-eabi/14.1.0/../../../../arm-none-eabi/lib/thumb/v7e-m+fp/hard/libstdc++.a(del_ops.o)
 .debug_aranges
                0x00001098       0x40 /usr/lib/gcc/arm-none-eabi/14.1.0/../../../../arm-none-eabi/lib/thumb/v7e-m+fp/hard/libstdc++.a(si_class_type_info.o)
 .debug_aranges
                0x000010d8       0x48 /usr/lib/gcc/arm-none-eabi/14.1.0/../../../../arm-none-eabi/lib/thumb/v7e-m+fp/hard/libstdc++.a(tinfo.o)
 .debug_aranges
                0x00001120       0x20 /usr/lib/gcc/arm-none-eabi/14.1.0/../../../../arm-none-eabi/lib/thumb/v7e-m+fp/hard/libstdc++.a(del_op.o)